ARM GAS  C:\Users\Alan\AppData\Local\Temp\ccH6rE7t.s 			page 1


   1              		.cpu cortex-m0plus
   2              		.fpu softvfp
   3              		.eabi_attribute 20, 1
   4              		.eabi_attribute 21, 1
   5              		.eabi_attribute 23, 3
   6              		.eabi_attribute 24, 1
   7              		.eabi_attribute 25, 1
   8              		.eabi_attribute 26, 1
   9              		.eabi_attribute 30, 1
  10              		.eabi_attribute 34, 0
  11              		.eabi_attribute 18, 4
  12              		.code	16
  13              		.file	"cyfitter_cfg.c"
  14              		.text
  15              	.Ltext0:
  16              		.cfi_sections	.debug_frame
  17              		.section	.psocinit,"ax",%progbits
  18              		.align	2
  19              		.code	16
  20              		.thumb_func
  21              		.type	ClockSetup, %function
  22              	ClockSetup:
  23              	.LFB4:
  24              		.file 1 ".\\Generated_Source\\PSoC4\\cyfitter_cfg.c"
   1:.\Generated_Source\PSoC4/cyfitter_cfg.c **** /*******************************************************************************
   2:.\Generated_Source\PSoC4/cyfitter_cfg.c **** * File Name: cyfitter_cfg.c
   3:.\Generated_Source\PSoC4/cyfitter_cfg.c **** * 
   4:.\Generated_Source\PSoC4/cyfitter_cfg.c **** * PSoC Creator  3.3 SP2.2
   5:.\Generated_Source\PSoC4/cyfitter_cfg.c **** *
   6:.\Generated_Source\PSoC4/cyfitter_cfg.c **** * Description:
   7:.\Generated_Source\PSoC4/cyfitter_cfg.c **** * This file contains device initialization code.
   8:.\Generated_Source\PSoC4/cyfitter_cfg.c **** * Except for the user defined sections in CyClockStartupError(), this file should not be modified.
   9:.\Generated_Source\PSoC4/cyfitter_cfg.c **** * This file is automatically generated by PSoC Creator.
  10:.\Generated_Source\PSoC4/cyfitter_cfg.c **** *
  11:.\Generated_Source\PSoC4/cyfitter_cfg.c **** ********************************************************************************
  12:.\Generated_Source\PSoC4/cyfitter_cfg.c **** * Copyright (c) 2007-2016 Cypress Semiconductor.  All rights reserved.
  13:.\Generated_Source\PSoC4/cyfitter_cfg.c **** * You may use this file only in accordance with the license, terms, conditions, 
  14:.\Generated_Source\PSoC4/cyfitter_cfg.c **** * disclaimers, and limitations in the end user license agreement accompanying 
  15:.\Generated_Source\PSoC4/cyfitter_cfg.c **** * the software package with which this file was provided.
  16:.\Generated_Source\PSoC4/cyfitter_cfg.c **** ********************************************************************************/
  17:.\Generated_Source\PSoC4/cyfitter_cfg.c **** 
  18:.\Generated_Source\PSoC4/cyfitter_cfg.c **** #include <string.h>
  19:.\Generated_Source\PSoC4/cyfitter_cfg.c **** #include "cytypes.h"
  20:.\Generated_Source\PSoC4/cyfitter_cfg.c **** #include "cydevice_trm.h"
  21:.\Generated_Source\PSoC4/cyfitter_cfg.c **** #include "cyfitter.h"
  22:.\Generated_Source\PSoC4/cyfitter_cfg.c **** #include "CyLib.h"
  23:.\Generated_Source\PSoC4/cyfitter_cfg.c **** #include "cyfitter_cfg.h"
  24:.\Generated_Source\PSoC4/cyfitter_cfg.c **** 
  25:.\Generated_Source\PSoC4/cyfitter_cfg.c **** 
  26:.\Generated_Source\PSoC4/cyfitter_cfg.c **** #if defined(__GNUC__) || defined(__ARMCC_VERSION)
  27:.\Generated_Source\PSoC4/cyfitter_cfg.c ****     #define CYPACKED 
  28:.\Generated_Source\PSoC4/cyfitter_cfg.c ****     #define CYPACKED_ATTR __attribute__ ((packed))
  29:.\Generated_Source\PSoC4/cyfitter_cfg.c ****     #define CYALIGNED __attribute__ ((aligned))
  30:.\Generated_Source\PSoC4/cyfitter_cfg.c ****     #define CY_CFG_UNUSED __attribute__ ((unused))
  31:.\Generated_Source\PSoC4/cyfitter_cfg.c ****     #ifndef CY_CFG_SECTION
  32:.\Generated_Source\PSoC4/cyfitter_cfg.c ****         #define CY_CFG_SECTION __attribute__ ((section(".psocinit")))
  33:.\Generated_Source\PSoC4/cyfitter_cfg.c ****     #endif
ARM GAS  C:\Users\Alan\AppData\Local\Temp\ccH6rE7t.s 			page 2


  34:.\Generated_Source\PSoC4/cyfitter_cfg.c ****     
  35:.\Generated_Source\PSoC4/cyfitter_cfg.c ****     #if defined(__ARMCC_VERSION)
  36:.\Generated_Source\PSoC4/cyfitter_cfg.c ****         #define CY_CFG_MEMORY_BARRIER() __memory_changed()
  37:.\Generated_Source\PSoC4/cyfitter_cfg.c ****     #else
  38:.\Generated_Source\PSoC4/cyfitter_cfg.c ****         #define CY_CFG_MEMORY_BARRIER() __sync_synchronize()
  39:.\Generated_Source\PSoC4/cyfitter_cfg.c ****     #endif
  40:.\Generated_Source\PSoC4/cyfitter_cfg.c ****     
  41:.\Generated_Source\PSoC4/cyfitter_cfg.c **** #elif defined(__ICCARM__)
  42:.\Generated_Source\PSoC4/cyfitter_cfg.c ****     #include <intrinsics.h>
  43:.\Generated_Source\PSoC4/cyfitter_cfg.c **** 
  44:.\Generated_Source\PSoC4/cyfitter_cfg.c ****     #define CYPACKED __packed
  45:.\Generated_Source\PSoC4/cyfitter_cfg.c ****     #define CYPACKED_ATTR 
  46:.\Generated_Source\PSoC4/cyfitter_cfg.c ****     #define CYALIGNED _Pragma("data_alignment=4")
  47:.\Generated_Source\PSoC4/cyfitter_cfg.c ****     #define CY_CFG_UNUSED _Pragma("diag_suppress=Pe177")
  48:.\Generated_Source\PSoC4/cyfitter_cfg.c ****     #define CY_CFG_SECTION _Pragma("location=\".psocinit\"")
  49:.\Generated_Source\PSoC4/cyfitter_cfg.c ****     
  50:.\Generated_Source\PSoC4/cyfitter_cfg.c ****     #define CY_CFG_MEMORY_BARRIER() __DMB()
  51:.\Generated_Source\PSoC4/cyfitter_cfg.c ****     
  52:.\Generated_Source\PSoC4/cyfitter_cfg.c **** #else
  53:.\Generated_Source\PSoC4/cyfitter_cfg.c ****     #error Unsupported toolchain
  54:.\Generated_Source\PSoC4/cyfitter_cfg.c **** #endif
  55:.\Generated_Source\PSoC4/cyfitter_cfg.c **** 
  56:.\Generated_Source\PSoC4/cyfitter_cfg.c **** 
  57:.\Generated_Source\PSoC4/cyfitter_cfg.c **** CY_CFG_UNUSED
  58:.\Generated_Source\PSoC4/cyfitter_cfg.c **** static void CYMEMZERO(void *s, size_t n);
  59:.\Generated_Source\PSoC4/cyfitter_cfg.c **** CY_CFG_UNUSED
  60:.\Generated_Source\PSoC4/cyfitter_cfg.c **** static void CYMEMZERO(void *s, size_t n)
  61:.\Generated_Source\PSoC4/cyfitter_cfg.c **** {
  62:.\Generated_Source\PSoC4/cyfitter_cfg.c **** 	(void)memset(s, 0, n);
  63:.\Generated_Source\PSoC4/cyfitter_cfg.c **** }
  64:.\Generated_Source\PSoC4/cyfitter_cfg.c **** CY_CFG_UNUSED
  65:.\Generated_Source\PSoC4/cyfitter_cfg.c **** static void CYCONFIGCPY(void *dest, const void *src, size_t n);
  66:.\Generated_Source\PSoC4/cyfitter_cfg.c **** CY_CFG_UNUSED
  67:.\Generated_Source\PSoC4/cyfitter_cfg.c **** static void CYCONFIGCPY(void *dest, const void *src, size_t n)
  68:.\Generated_Source\PSoC4/cyfitter_cfg.c **** {
  69:.\Generated_Source\PSoC4/cyfitter_cfg.c **** 	(void)memcpy(dest, src, n);
  70:.\Generated_Source\PSoC4/cyfitter_cfg.c **** }
  71:.\Generated_Source\PSoC4/cyfitter_cfg.c **** CY_CFG_UNUSED
  72:.\Generated_Source\PSoC4/cyfitter_cfg.c **** static void CYCONFIGCPYCODE(void *dest, const void *src, size_t n);
  73:.\Generated_Source\PSoC4/cyfitter_cfg.c **** CY_CFG_UNUSED
  74:.\Generated_Source\PSoC4/cyfitter_cfg.c **** static void CYCONFIGCPYCODE(void *dest, const void *src, size_t n)
  75:.\Generated_Source\PSoC4/cyfitter_cfg.c **** {
  76:.\Generated_Source\PSoC4/cyfitter_cfg.c **** 	(void)memcpy(dest, src, n);
  77:.\Generated_Source\PSoC4/cyfitter_cfg.c **** }
  78:.\Generated_Source\PSoC4/cyfitter_cfg.c **** 
  79:.\Generated_Source\PSoC4/cyfitter_cfg.c **** 
  80:.\Generated_Source\PSoC4/cyfitter_cfg.c **** 
  81:.\Generated_Source\PSoC4/cyfitter_cfg.c **** /* Clock startup error codes                                                   */
  82:.\Generated_Source\PSoC4/cyfitter_cfg.c **** #define CYCLOCKSTART_NO_ERROR    0u
  83:.\Generated_Source\PSoC4/cyfitter_cfg.c **** #define CYCLOCKSTART_XTAL_ERROR  1u
  84:.\Generated_Source\PSoC4/cyfitter_cfg.c **** #define CYCLOCKSTART_32KHZ_ERROR 2u
  85:.\Generated_Source\PSoC4/cyfitter_cfg.c **** #define CYCLOCKSTART_PLL_ERROR   3u
  86:.\Generated_Source\PSoC4/cyfitter_cfg.c **** 
  87:.\Generated_Source\PSoC4/cyfitter_cfg.c **** #ifdef CY_NEED_CYCLOCKSTARTUPERROR
  88:.\Generated_Source\PSoC4/cyfitter_cfg.c **** /*******************************************************************************
  89:.\Generated_Source\PSoC4/cyfitter_cfg.c **** * Function Name: CyClockStartupError
  90:.\Generated_Source\PSoC4/cyfitter_cfg.c **** ********************************************************************************
ARM GAS  C:\Users\Alan\AppData\Local\Temp\ccH6rE7t.s 			page 3


  91:.\Generated_Source\PSoC4/cyfitter_cfg.c **** * Summary:
  92:.\Generated_Source\PSoC4/cyfitter_cfg.c **** *  If an error is encountered during clock configuration (crystal startup error,
  93:.\Generated_Source\PSoC4/cyfitter_cfg.c **** *  PLL lock error, etc.), the system will end up here.  Unless reimplemented by
  94:.\Generated_Source\PSoC4/cyfitter_cfg.c **** *  the customer, this function will stop in an infinite loop.
  95:.\Generated_Source\PSoC4/cyfitter_cfg.c **** *
  96:.\Generated_Source\PSoC4/cyfitter_cfg.c **** * Parameters:
  97:.\Generated_Source\PSoC4/cyfitter_cfg.c **** *   void
  98:.\Generated_Source\PSoC4/cyfitter_cfg.c **** *
  99:.\Generated_Source\PSoC4/cyfitter_cfg.c **** * Return:
 100:.\Generated_Source\PSoC4/cyfitter_cfg.c **** *   void
 101:.\Generated_Source\PSoC4/cyfitter_cfg.c **** *
 102:.\Generated_Source\PSoC4/cyfitter_cfg.c **** *******************************************************************************/
 103:.\Generated_Source\PSoC4/cyfitter_cfg.c **** CY_CFG_UNUSED
 104:.\Generated_Source\PSoC4/cyfitter_cfg.c **** static void CyClockStartupError(uint8 errorCode);
 105:.\Generated_Source\PSoC4/cyfitter_cfg.c **** CY_CFG_UNUSED
 106:.\Generated_Source\PSoC4/cyfitter_cfg.c **** static void CyClockStartupError(uint8 errorCode)
 107:.\Generated_Source\PSoC4/cyfitter_cfg.c **** {
 108:.\Generated_Source\PSoC4/cyfitter_cfg.c ****     /* To remove the compiler warning if errorCode not used.                */
 109:.\Generated_Source\PSoC4/cyfitter_cfg.c ****     errorCode = errorCode;
 110:.\Generated_Source\PSoC4/cyfitter_cfg.c **** 
 111:.\Generated_Source\PSoC4/cyfitter_cfg.c ****     /* `#START CyClockStartupError` */
 112:.\Generated_Source\PSoC4/cyfitter_cfg.c **** 
 113:.\Generated_Source\PSoC4/cyfitter_cfg.c ****     /* If we have a clock startup error (bad MHz crystal, PLL lock, etc.),  */
 114:.\Generated_Source\PSoC4/cyfitter_cfg.c ****     /* we will end up here to allow the customer to implement something to  */
 115:.\Generated_Source\PSoC4/cyfitter_cfg.c ****     /* deal with the clock condition.                                       */
 116:.\Generated_Source\PSoC4/cyfitter_cfg.c **** 
 117:.\Generated_Source\PSoC4/cyfitter_cfg.c ****     /* `#END` */
 118:.\Generated_Source\PSoC4/cyfitter_cfg.c **** 
 119:.\Generated_Source\PSoC4/cyfitter_cfg.c ****     /* If nothing else, stop here since the clocks have not started         */
 120:.\Generated_Source\PSoC4/cyfitter_cfg.c ****     /* correctly.                                                           */
 121:.\Generated_Source\PSoC4/cyfitter_cfg.c ****     while(1) {}
 122:.\Generated_Source\PSoC4/cyfitter_cfg.c **** }
 123:.\Generated_Source\PSoC4/cyfitter_cfg.c **** #endif
 124:.\Generated_Source\PSoC4/cyfitter_cfg.c **** 
 125:.\Generated_Source\PSoC4/cyfitter_cfg.c **** 
 126:.\Generated_Source\PSoC4/cyfitter_cfg.c **** 
 127:.\Generated_Source\PSoC4/cyfitter_cfg.c **** /*******************************************************************************
 128:.\Generated_Source\PSoC4/cyfitter_cfg.c **** * Function Name: ClockSetup
 129:.\Generated_Source\PSoC4/cyfitter_cfg.c **** ********************************************************************************
 130:.\Generated_Source\PSoC4/cyfitter_cfg.c **** *
 131:.\Generated_Source\PSoC4/cyfitter_cfg.c **** * Summary:
 132:.\Generated_Source\PSoC4/cyfitter_cfg.c **** *   Performs the initialization of all of the clocks in the device based on the
 133:.\Generated_Source\PSoC4/cyfitter_cfg.c **** *   settings in the Clock tab of the DWR.  This includes enabling the requested
 134:.\Generated_Source\PSoC4/cyfitter_cfg.c **** *   clocks and setting the necessary dividers to produce the desired frequency. 
 135:.\Generated_Source\PSoC4/cyfitter_cfg.c **** *
 136:.\Generated_Source\PSoC4/cyfitter_cfg.c **** * Parameters:
 137:.\Generated_Source\PSoC4/cyfitter_cfg.c **** *   void
 138:.\Generated_Source\PSoC4/cyfitter_cfg.c **** *
 139:.\Generated_Source\PSoC4/cyfitter_cfg.c **** * Return:
 140:.\Generated_Source\PSoC4/cyfitter_cfg.c **** *   void
 141:.\Generated_Source\PSoC4/cyfitter_cfg.c **** *
 142:.\Generated_Source\PSoC4/cyfitter_cfg.c **** *******************************************************************************/
 143:.\Generated_Source\PSoC4/cyfitter_cfg.c **** static void ClockSetup(void);
 144:.\Generated_Source\PSoC4/cyfitter_cfg.c **** CY_CFG_SECTION
 145:.\Generated_Source\PSoC4/cyfitter_cfg.c **** static void ClockSetup(void)
 146:.\Generated_Source\PSoC4/cyfitter_cfg.c **** {
  25              		.loc 1 146 0
ARM GAS  C:\Users\Alan\AppData\Local\Temp\ccH6rE7t.s 			page 4


  26              		.cfi_startproc
  27 0000 10B5     		push	{r4, lr}
  28              		.cfi_def_cfa_offset 8
  29              		.cfi_offset 4, -8
  30              		.cfi_offset 14, -4
 147:.\Generated_Source\PSoC4/cyfitter_cfg.c **** 
 148:.\Generated_Source\PSoC4/cyfitter_cfg.c **** 	/* Set Flash Cycles based on max possible frequency in case a glitch occurs during ClockSetup(). *
 149:.\Generated_Source\PSoC4/cyfitter_cfg.c **** 	CY_SET_REG32((void CYXDATA *)(CYREG_CPUSS_FLASH_CTL), (0x0012u));
  31              		.loc 1 149 0
  32 0002 0F4C     		ldr	r4, .L2
  33 0004 1223     		mov	r3, #18
  34 0006 2360     		str	r3, [r4]
 150:.\Generated_Source\PSoC4/cyfitter_cfg.c **** 	/* Update IMO to new clock speed. */
 151:.\Generated_Source\PSoC4/cyfitter_cfg.c **** 	CySysClkWriteImoFreq(24u);
  35              		.loc 1 151 0
  36 0008 1820     		mov	r0, #24
  37 000a FFF7FEFF 		bl	CySysClkWriteImoFreq
  38              	.LVL0:
 152:.\Generated_Source\PSoC4/cyfitter_cfg.c **** 
 153:.\Generated_Source\PSoC4/cyfitter_cfg.c **** 	/* Setup phase aligned clocks */
 154:.\Generated_Source\PSoC4/cyfitter_cfg.c **** 	CY_SET_REG32((void *)CYREG_PERI_DIV_16_CTL0, 0x0000FE00u);
  39              		.loc 1 154 0
  40 000e FE22     		mov	r2, #254
  41 0010 1202     		lsl	r2, r2, #8
  42 0012 0C4B     		ldr	r3, .L2+4
  43 0014 1A60     		str	r2, [r3]
 155:.\Generated_Source\PSoC4/cyfitter_cfg.c **** 	CY_SET_REG32((void *)CYREG_PERI_DIV_CMD, 0x8000FF40u);
  44              		.loc 1 155 0
  45 0016 0C4B     		ldr	r3, .L2+8
  46 0018 0C4A     		ldr	r2, .L2+12
  47 001a 1A60     		str	r2, [r3]
 156:.\Generated_Source\PSoC4/cyfitter_cfg.c **** 	CY_SET_REG32((void *)CYREG_PERI_DIV_16_CTL1, 0x00001000u);
  48              		.loc 1 156 0
  49 001c 8021     		mov	r1, #128
  50 001e 4901     		lsl	r1, r1, #5
  51 0020 0B4A     		ldr	r2, .L2+16
  52 0022 1160     		str	r1, [r2]
 157:.\Generated_Source\PSoC4/cyfitter_cfg.c **** 	CY_SET_REG32((void *)CYREG_PERI_DIV_CMD, 0x8000FF41u);
  53              		.loc 1 157 0
  54 0024 0B4A     		ldr	r2, .L2+20
  55 0026 1A60     		str	r2, [r3]
 158:.\Generated_Source\PSoC4/cyfitter_cfg.c **** 
 159:.\Generated_Source\PSoC4/cyfitter_cfg.c **** 	/* CYDEV_CLK_SELECT Starting address: CYDEV_CLK_SELECT */
 160:.\Generated_Source\PSoC4/cyfitter_cfg.c **** 	CY_SET_XTND_REG32((void CYFAR *)(CYREG_CLK_SELECT), 0x00000000u);
  56              		.loc 1 160 0
  57 0028 0022     		mov	r2, #0
  58 002a 0B4B     		ldr	r3, .L2+24
  59 002c 1A60     		str	r2, [r3]
 161:.\Generated_Source\PSoC4/cyfitter_cfg.c **** 
 162:.\Generated_Source\PSoC4/cyfitter_cfg.c **** 	/* CYDEV_PERI_PCLK_CTL2 Starting address: CYDEV_PERI_PCLK_CTL2 */
 163:.\Generated_Source\PSoC4/cyfitter_cfg.c **** 	CY_SET_XTND_REG32((void CYFAR *)(CYREG_PERI_PCLK_CTL2), 0x00000040u);
  60              		.loc 1 163 0
  61 002e 4032     		add	r2, r2, #64
  62 0030 0A4B     		ldr	r3, .L2+28
  63 0032 1A60     		str	r2, [r3]
 164:.\Generated_Source\PSoC4/cyfitter_cfg.c **** 
 165:.\Generated_Source\PSoC4/cyfitter_cfg.c **** 	/* CYDEV_PERI_PCLK_CTL1 Starting address: CYDEV_PERI_PCLK_CTL1 */
ARM GAS  C:\Users\Alan\AppData\Local\Temp\ccH6rE7t.s 			page 5


 166:.\Generated_Source\PSoC4/cyfitter_cfg.c **** 	CY_SET_XTND_REG32((void CYFAR *)(CYREG_PERI_PCLK_CTL1), 0x00000041u);
  64              		.loc 1 166 0
  65 0034 0132     		add	r2, r2, #1
  66 0036 0A4B     		ldr	r3, .L2+32
  67 0038 1A60     		str	r2, [r3]
 167:.\Generated_Source\PSoC4/cyfitter_cfg.c **** 
 168:.\Generated_Source\PSoC4/cyfitter_cfg.c **** 	/* Set Flash Cycles based on newly configured 24.00MHz HFCLK. */
 169:.\Generated_Source\PSoC4/cyfitter_cfg.c **** 	CY_SET_REG32((void CYXDATA *)(CYREG_CPUSS_FLASH_CTL), (0x0011u));
  68              		.loc 1 169 0
  69 003a 1123     		mov	r3, #17
  70 003c 2360     		str	r3, [r4]
 170:.\Generated_Source\PSoC4/cyfitter_cfg.c **** }
  71              		.loc 1 170 0
  72              		@ sp needed
  73 003e 10BD     		pop	{r4, pc}
  74              	.L3:
  75              		.align	2
  76              	.L2:
  77 0040 30001040 		.word	1074790448
  78 0044 00030140 		.word	1073808128
  79 0048 00000140 		.word	1073807360
  80 004c 40FF0080 		.word	-2147418304
  81 0050 04030140 		.word	1073808132
  82 0054 41FF0080 		.word	-2147418303
  83 0058 28000340 		.word	1073938472
  84 005c 08010140 		.word	1073807624
  85 0060 04010140 		.word	1073807620
  86              		.cfi_endproc
  87              	.LFE4:
  88              		.size	ClockSetup, .-ClockSetup
  89              		.section	.text.SetAnalogRoutingPumps,"ax",%progbits
  90              		.align	2
  91              		.global	SetAnalogRoutingPumps
  92              		.code	16
  93              		.thumb_func
  94              		.type	SetAnalogRoutingPumps, %function
  95              	SetAnalogRoutingPumps:
  96              	.LFB6:
 171:.\Generated_Source\PSoC4/cyfitter_cfg.c **** 
 172:.\Generated_Source\PSoC4/cyfitter_cfg.c **** 
 173:.\Generated_Source\PSoC4/cyfitter_cfg.c **** /* Analog API Functions */
 174:.\Generated_Source\PSoC4/cyfitter_cfg.c **** 
 175:.\Generated_Source\PSoC4/cyfitter_cfg.c **** 
 176:.\Generated_Source\PSoC4/cyfitter_cfg.c **** /*******************************************************************************
 177:.\Generated_Source\PSoC4/cyfitter_cfg.c **** * Function Name: AnalogSetDefault
 178:.\Generated_Source\PSoC4/cyfitter_cfg.c **** ********************************************************************************
 179:.\Generated_Source\PSoC4/cyfitter_cfg.c **** *
 180:.\Generated_Source\PSoC4/cyfitter_cfg.c **** * Summary:
 181:.\Generated_Source\PSoC4/cyfitter_cfg.c **** *  Sets up the analog portions of the chip to default values based on chip
 182:.\Generated_Source\PSoC4/cyfitter_cfg.c **** *  configuration options from the project.
 183:.\Generated_Source\PSoC4/cyfitter_cfg.c **** *
 184:.\Generated_Source\PSoC4/cyfitter_cfg.c **** * Parameters:
 185:.\Generated_Source\PSoC4/cyfitter_cfg.c **** *  void
 186:.\Generated_Source\PSoC4/cyfitter_cfg.c **** *
 187:.\Generated_Source\PSoC4/cyfitter_cfg.c **** * Return:
 188:.\Generated_Source\PSoC4/cyfitter_cfg.c **** *  void
 189:.\Generated_Source\PSoC4/cyfitter_cfg.c **** *
ARM GAS  C:\Users\Alan\AppData\Local\Temp\ccH6rE7t.s 			page 6


 190:.\Generated_Source\PSoC4/cyfitter_cfg.c **** *******************************************************************************/
 191:.\Generated_Source\PSoC4/cyfitter_cfg.c **** static void AnalogSetDefault(void);
 192:.\Generated_Source\PSoC4/cyfitter_cfg.c **** static void AnalogSetDefault(void)
 193:.\Generated_Source\PSoC4/cyfitter_cfg.c **** {
 194:.\Generated_Source\PSoC4/cyfitter_cfg.c **** 	CY_SET_XTND_REG32((void CYFAR *)CYREG_CSD_SW_BYP_SEL, 0x00001000u);
 195:.\Generated_Source\PSoC4/cyfitter_cfg.c **** 	CY_SET_XTND_REG32((void CYFAR *)CYREG_CSD_SW_REFGEN_SEL, 0x00000001u);
 196:.\Generated_Source\PSoC4/cyfitter_cfg.c **** 	SetAnalogRoutingPumps(1);
 197:.\Generated_Source\PSoC4/cyfitter_cfg.c **** }
 198:.\Generated_Source\PSoC4/cyfitter_cfg.c **** 
 199:.\Generated_Source\PSoC4/cyfitter_cfg.c **** 
 200:.\Generated_Source\PSoC4/cyfitter_cfg.c **** /*******************************************************************************
 201:.\Generated_Source\PSoC4/cyfitter_cfg.c **** * Function Name: SetAnalogRoutingPumps
 202:.\Generated_Source\PSoC4/cyfitter_cfg.c **** ********************************************************************************
 203:.\Generated_Source\PSoC4/cyfitter_cfg.c **** *
 204:.\Generated_Source\PSoC4/cyfitter_cfg.c **** * Summary:
 205:.\Generated_Source\PSoC4/cyfitter_cfg.c **** * Enables or disables the analog pumps feeding analog routing switches.
 206:.\Generated_Source\PSoC4/cyfitter_cfg.c **** * Intended to be called at startup, based on the Vdda system configuration;
 207:.\Generated_Source\PSoC4/cyfitter_cfg.c **** * may be called during operation when the user informs us that the Vdda voltage crossed the pump th
 208:.\Generated_Source\PSoC4/cyfitter_cfg.c **** *
 209:.\Generated_Source\PSoC4/cyfitter_cfg.c **** * Parameters:
 210:.\Generated_Source\PSoC4/cyfitter_cfg.c **** *  enabled - 1 to enable the pumps, 0 to disable the pumps
 211:.\Generated_Source\PSoC4/cyfitter_cfg.c **** *
 212:.\Generated_Source\PSoC4/cyfitter_cfg.c **** * Return:
 213:.\Generated_Source\PSoC4/cyfitter_cfg.c **** *  void
 214:.\Generated_Source\PSoC4/cyfitter_cfg.c **** *
 215:.\Generated_Source\PSoC4/cyfitter_cfg.c **** *******************************************************************************/
 216:.\Generated_Source\PSoC4/cyfitter_cfg.c **** void SetAnalogRoutingPumps(uint8 enabled)
 217:.\Generated_Source\PSoC4/cyfitter_cfg.c **** {
  97              		.loc 1 217 0
  98              		.cfi_startproc
  99              	.LVL1:
 218:.\Generated_Source\PSoC4/cyfitter_cfg.c **** 	uint32 regValue = CY_GET_XTND_REG32((void *)(CYREG_HSIOM_PUMP_CTL));
 100              		.loc 1 218 0
 101 0000 0B4B     		ldr	r3, .L9
 102 0002 1B68     		ldr	r3, [r3]
 103              	.LVL2:
 219:.\Generated_Source\PSoC4/cyfitter_cfg.c **** 	if (enabled != 0u)
 104              		.loc 1 219 0
 105 0004 0028     		cmp	r0, #0
 106 0006 03D0     		beq	.L5
 220:.\Generated_Source\PSoC4/cyfitter_cfg.c **** 	{
 221:.\Generated_Source\PSoC4/cyfitter_cfg.c **** 		regValue |= 0x80000000u;
 107              		.loc 1 221 0
 108 0008 8022     		mov	r2, #128
 109 000a 1206     		lsl	r2, r2, #24
 110 000c 1343     		orr	r3, r2
 111              	.LVL3:
 112 000e 01E0     		b	.L6
 113              	.L5:
 222:.\Generated_Source\PSoC4/cyfitter_cfg.c **** 	}
 223:.\Generated_Source\PSoC4/cyfitter_cfg.c **** 	else
 224:.\Generated_Source\PSoC4/cyfitter_cfg.c **** 	{
 225:.\Generated_Source\PSoC4/cyfitter_cfg.c **** 		regValue &= ~0x80000000u;
 114              		.loc 1 225 0
 115 0010 5B00     		lsl	r3, r3, #1
 116              	.LVL4:
 117 0012 5B08     		lsr	r3, r3, #1
ARM GAS  C:\Users\Alan\AppData\Local\Temp\ccH6rE7t.s 			page 7


 118              	.LVL5:
 119              	.L6:
 226:.\Generated_Source\PSoC4/cyfitter_cfg.c **** 	}
 227:.\Generated_Source\PSoC4/cyfitter_cfg.c **** 	CY_SET_XTND_REG32((void *)(CYREG_HSIOM_PUMP_CTL), regValue);
 120              		.loc 1 227 0
 121 0014 064A     		ldr	r2, .L9
 122 0016 1360     		str	r3, [r2]
 228:.\Generated_Source\PSoC4/cyfitter_cfg.c **** 	regValue = CY_GET_XTND_REG32((void *)(CYREG_CLK_SELECT));
 123              		.loc 1 228 0
 124 0018 064B     		ldr	r3, .L9+4
 125              	.LVL6:
 126 001a 1B68     		ldr	r3, [r3]
 127              	.LVL7:
 229:.\Generated_Source\PSoC4/cyfitter_cfg.c **** 	if (enabled != 0u)
 128              		.loc 1 229 0
 129 001c 0028     		cmp	r0, #0
 130 001e 02D0     		beq	.L7
 230:.\Generated_Source\PSoC4/cyfitter_cfg.c **** 	{
 231:.\Generated_Source\PSoC4/cyfitter_cfg.c **** 		regValue |= 0x00000020u;
 131              		.loc 1 231 0
 132 0020 2022     		mov	r2, #32
 133 0022 1343     		orr	r3, r2
 134              	.LVL8:
 135 0024 01E0     		b	.L8
 136              	.L7:
 232:.\Generated_Source\PSoC4/cyfitter_cfg.c **** 	}
 233:.\Generated_Source\PSoC4/cyfitter_cfg.c **** 	else
 234:.\Generated_Source\PSoC4/cyfitter_cfg.c **** 	{
 235:.\Generated_Source\PSoC4/cyfitter_cfg.c **** 		regValue &= ~0x00000020u;
 137              		.loc 1 235 0
 138 0026 2022     		mov	r2, #32
 139 0028 9343     		bic	r3, r2
 140              	.LVL9:
 141              	.L8:
 236:.\Generated_Source\PSoC4/cyfitter_cfg.c **** 	}
 237:.\Generated_Source\PSoC4/cyfitter_cfg.c **** 	CY_SET_XTND_REG32((void *)(CYREG_CLK_SELECT), regValue);
 142              		.loc 1 237 0
 143 002a 024A     		ldr	r2, .L9+4
 144 002c 1360     		str	r3, [r2]
 238:.\Generated_Source\PSoC4/cyfitter_cfg.c **** }
 145              		.loc 1 238 0
 146              		@ sp needed
 147 002e 7047     		bx	lr
 148              	.L10:
 149              		.align	2
 150              	.L9:
 151 0030 00200240 		.word	1073881088
 152 0034 28000340 		.word	1073938472
 153              		.cfi_endproc
 154              	.LFE6:
 155              		.size	SetAnalogRoutingPumps, .-SetAnalogRoutingPumps
 156              		.section	.text.AnalogSetDefault,"ax",%progbits
 157              		.align	2
 158              		.code	16
 159              		.thumb_func
 160              		.type	AnalogSetDefault, %function
 161              	AnalogSetDefault:
ARM GAS  C:\Users\Alan\AppData\Local\Temp\ccH6rE7t.s 			page 8


 162              	.LFB5:
 193:.\Generated_Source\PSoC4/cyfitter_cfg.c **** 	CY_SET_XTND_REG32((void CYFAR *)CYREG_CSD_SW_BYP_SEL, 0x00001000u);
 163              		.loc 1 193 0
 164              		.cfi_startproc
 165 0000 08B5     		push	{r3, lr}
 166              		.cfi_def_cfa_offset 8
 167              		.cfi_offset 3, -8
 168              		.cfi_offset 14, -4
 194:.\Generated_Source\PSoC4/cyfitter_cfg.c **** 	CY_SET_XTND_REG32((void CYFAR *)CYREG_CSD_SW_REFGEN_SEL, 0x00000001u);
 169              		.loc 1 194 0
 170 0002 8022     		mov	r2, #128
 171 0004 5201     		lsl	r2, r2, #5
 172 0006 044B     		ldr	r3, .L12
 173 0008 1A60     		str	r2, [r3]
 195:.\Generated_Source\PSoC4/cyfitter_cfg.c **** 	SetAnalogRoutingPumps(1);
 174              		.loc 1 195 0
 175 000a 0122     		mov	r2, #1
 176 000c 034B     		ldr	r3, .L12+4
 177 000e 1A60     		str	r2, [r3]
 196:.\Generated_Source\PSoC4/cyfitter_cfg.c **** }
 178              		.loc 1 196 0
 179 0010 0120     		mov	r0, #1
 180 0012 FFF7FEFF 		bl	SetAnalogRoutingPumps
 181              	.LVL10:
 197:.\Generated_Source\PSoC4/cyfitter_cfg.c **** 
 182              		.loc 1 197 0
 183              		@ sp needed
 184 0016 08BD     		pop	{r3, pc}
 185              	.L13:
 186              		.align	2
 187              	.L12:
 188 0018 94020B40 		.word	1074463380
 189 001c A8020B40 		.word	1074463400
 190              		.cfi_endproc
 191              	.LFE5:
 192              		.size	AnalogSetDefault, .-AnalogSetDefault
 193              		.section	.psocinit
 194              		.align	2
 195              		.global	cyfitter_cfg
 196              		.code	16
 197              		.thumb_func
 198              		.type	cyfitter_cfg, %function
 199              	cyfitter_cfg:
 200              	.LFB7:
 239:.\Generated_Source\PSoC4/cyfitter_cfg.c **** 
 240:.\Generated_Source\PSoC4/cyfitter_cfg.c **** #define CY_AMUX_UNUSED CYREG_CM0P_ROM_DWT
 241:.\Generated_Source\PSoC4/cyfitter_cfg.c **** 
 242:.\Generated_Source\PSoC4/cyfitter_cfg.c **** 
 243:.\Generated_Source\PSoC4/cyfitter_cfg.c **** /*******************************************************************************
 244:.\Generated_Source\PSoC4/cyfitter_cfg.c **** * Function Name: cyfitter_cfg
 245:.\Generated_Source\PSoC4/cyfitter_cfg.c **** ********************************************************************************
 246:.\Generated_Source\PSoC4/cyfitter_cfg.c **** * Summary:
 247:.\Generated_Source\PSoC4/cyfitter_cfg.c **** *  This function is called by the start-up code for the selected device. It
 248:.\Generated_Source\PSoC4/cyfitter_cfg.c **** *  performs all of the necessary device configuration based on the design
 249:.\Generated_Source\PSoC4/cyfitter_cfg.c **** *  settings.  This includes settings from the Design Wide Resources (DWR) such
 250:.\Generated_Source\PSoC4/cyfitter_cfg.c **** *  as Clocks and Pins as well as any component configuration that is necessary.
 251:.\Generated_Source\PSoC4/cyfitter_cfg.c **** *
ARM GAS  C:\Users\Alan\AppData\Local\Temp\ccH6rE7t.s 			page 9


 252:.\Generated_Source\PSoC4/cyfitter_cfg.c **** * Parameters:  
 253:.\Generated_Source\PSoC4/cyfitter_cfg.c **** *   void
 254:.\Generated_Source\PSoC4/cyfitter_cfg.c **** *
 255:.\Generated_Source\PSoC4/cyfitter_cfg.c **** * Return:
 256:.\Generated_Source\PSoC4/cyfitter_cfg.c **** *   void
 257:.\Generated_Source\PSoC4/cyfitter_cfg.c **** *
 258:.\Generated_Source\PSoC4/cyfitter_cfg.c **** *******************************************************************************/
 259:.\Generated_Source\PSoC4/cyfitter_cfg.c **** CY_CFG_SECTION
 260:.\Generated_Source\PSoC4/cyfitter_cfg.c **** void cyfitter_cfg(void)
 261:.\Generated_Source\PSoC4/cyfitter_cfg.c **** {
 201              		.loc 1 261 0
 202              		.cfi_startproc
 203 0064 08B5     		push	{r3, lr}
 204              		.cfi_def_cfa_offset 8
 205              		.cfi_offset 3, -8
 206              		.cfi_offset 14, -4
 262:.\Generated_Source\PSoC4/cyfitter_cfg.c **** 	/* Disable interrupts by default. Let user enable if/when they want. */
 263:.\Generated_Source\PSoC4/cyfitter_cfg.c **** 	CyGlobalIntDisable;
 207              		.loc 1 263 0
 208              	@ 263 ".\Generated_Source\PSoC4\cyfitter_cfg.c" 1
 209 0066 72B6     		CPSID   i
 210              	@ 0 "" 2
 264:.\Generated_Source\PSoC4/cyfitter_cfg.c **** 
 265:.\Generated_Source\PSoC4/cyfitter_cfg.c **** 	{
 266:.\Generated_Source\PSoC4/cyfitter_cfg.c **** 		/* HSIOM Starting address: CYDEV_HSIOM_BASE */
 267:.\Generated_Source\PSoC4/cyfitter_cfg.c **** 		CY_SET_XTND_REG32((void CYFAR *)(CYDEV_HSIOM_BASE), 0x00990000u);
 211              		.loc 1 267 0
 212              		.code	16
 213 0068 9922     		mov	r2, #153
 214 006a 1204     		lsl	r2, r2, #16
 215 006c 144B     		ldr	r3, .L15
 216 006e 1A60     		str	r2, [r3]
 268:.\Generated_Source\PSoC4/cyfitter_cfg.c **** 		CY_SET_XTND_REG32((void CYFAR *)(CYREG_HSIOM_PORT_SEL3), 0x0000EE00u);
 217              		.loc 1 268 0
 218 0070 EE22     		mov	r2, #238
 219 0072 1202     		lsl	r2, r2, #8
 220 0074 134B     		ldr	r3, .L15+4
 221 0076 1A60     		str	r2, [r3]
 269:.\Generated_Source\PSoC4/cyfitter_cfg.c **** 		CY_SET_XTND_REG32((void CYFAR *)(CYREG_HSIOM_PORT_SEL4), 0x00000060u);
 222              		.loc 1 269 0
 223 0078 6022     		mov	r2, #96
 224 007a 134B     		ldr	r3, .L15+8
 225 007c 1A60     		str	r2, [r3]
 270:.\Generated_Source\PSoC4/cyfitter_cfg.c **** 
 271:.\Generated_Source\PSoC4/cyfitter_cfg.c **** 	}
 272:.\Generated_Source\PSoC4/cyfitter_cfg.c **** 
 273:.\Generated_Source\PSoC4/cyfitter_cfg.c **** 	/* Perform second pass device configuration. These items must be configured in specific order afte
 274:.\Generated_Source\PSoC4/cyfitter_cfg.c **** 	/* IOPINS0_0 Starting address: CYDEV_GPIO_PRT0_BASE */
 275:.\Generated_Source\PSoC4/cyfitter_cfg.c **** 	CY_SET_XTND_REG32((void CYFAR *)(CYDEV_GPIO_PRT0_BASE), 0x0000006Eu);
 226              		.loc 1 275 0
 227 007e 6E23     		mov	r3, #110
 228 0080 124A     		ldr	r2, .L15+12
 229 0082 1360     		str	r3, [r2]
 276:.\Generated_Source\PSoC4/cyfitter_cfg.c **** 	CY_SET_XTND_REG32((void CYFAR *)(CYREG_GPIO_PRT0_PC), 0x00031000u);
 230              		.loc 1 276 0
 231 0084 C421     		mov	r1, #196
 232 0086 8902     		lsl	r1, r1, #10
ARM GAS  C:\Users\Alan\AppData\Local\Temp\ccH6rE7t.s 			page 10


 233 0088 114A     		ldr	r2, .L15+16
 234 008a 1160     		str	r1, [r2]
 277:.\Generated_Source\PSoC4/cyfitter_cfg.c **** 	CY_SET_XTND_REG32((void CYFAR *)(CYREG_GPIO_PRT0_PC2), 0x0000006Eu);
 235              		.loc 1 277 0
 236 008c 114A     		ldr	r2, .L15+20
 237 008e 1360     		str	r3, [r2]
 278:.\Generated_Source\PSoC4/cyfitter_cfg.c **** 
 279:.\Generated_Source\PSoC4/cyfitter_cfg.c **** 	/* IOPINS0_2 Starting address: CYDEV_GPIO_PRT2_BASE */
 280:.\Generated_Source\PSoC4/cyfitter_cfg.c **** 	CY_SET_XTND_REG32((void CYFAR *)(CYDEV_GPIO_PRT2_BASE), 0x000000FDu);
 238              		.loc 1 280 0
 239 0090 FD22     		mov	r2, #253
 240 0092 114B     		ldr	r3, .L15+24
 241 0094 1A60     		str	r2, [r3]
 281:.\Generated_Source\PSoC4/cyfitter_cfg.c **** 	CY_SET_XTND_REG32((void CYFAR *)(CYREG_GPIO_PRT2_PC), 0x00DB6D80u);
 242              		.loc 1 281 0
 243 0096 114A     		ldr	r2, .L15+28
 244 0098 114B     		ldr	r3, .L15+32
 245 009a 1A60     		str	r2, [r3]
 282:.\Generated_Source\PSoC4/cyfitter_cfg.c **** 	CY_SET_XTND_REG32((void CYFAR *)(CYREG_GPIO_PRT2_PC2), 0x00000001u);
 246              		.loc 1 282 0
 247 009c 0122     		mov	r2, #1
 248 009e 114B     		ldr	r3, .L15+36
 249 00a0 1A60     		str	r2, [r3]
 283:.\Generated_Source\PSoC4/cyfitter_cfg.c **** 
 284:.\Generated_Source\PSoC4/cyfitter_cfg.c **** 	/* IOPINS0_3 Starting address: CYDEV_GPIO_PRT3_BASE */
 285:.\Generated_Source\PSoC4/cyfitter_cfg.c **** 	CY_SET_XTND_REG32((void CYFAR *)(CYREG_GPIO_PRT3_PC), 0x00000D80u);
 250              		.loc 1 285 0
 251 00a2 D822     		mov	r2, #216
 252 00a4 1201     		lsl	r2, r2, #4
 253 00a6 104B     		ldr	r3, .L15+40
 254 00a8 1A60     		str	r2, [r3]
 286:.\Generated_Source\PSoC4/cyfitter_cfg.c **** 
 287:.\Generated_Source\PSoC4/cyfitter_cfg.c **** 	/* IOPINS0_4 Starting address: CYDEV_GPIO_PRT4_BASE */
 288:.\Generated_Source\PSoC4/cyfitter_cfg.c **** 	CY_SET_XTND_REG32((void CYFAR *)(CYDEV_GPIO_PRT4_BASE), 0x00000002u);
 255              		.loc 1 288 0
 256 00aa 0223     		mov	r3, #2
 257 00ac 0F4A     		ldr	r2, .L15+44
 258 00ae 1360     		str	r3, [r2]
 289:.\Generated_Source\PSoC4/cyfitter_cfg.c **** 	CY_SET_XTND_REG32((void CYFAR *)(CYREG_GPIO_PRT4_PC2), 0x00000002u);
 259              		.loc 1 289 0
 260 00b0 0F4A     		ldr	r2, .L15+48
 261 00b2 1360     		str	r3, [r2]
 290:.\Generated_Source\PSoC4/cyfitter_cfg.c **** 
 291:.\Generated_Source\PSoC4/cyfitter_cfg.c **** 
 292:.\Generated_Source\PSoC4/cyfitter_cfg.c **** 	/* Setup clocks based on selections from Clock DWR */
 293:.\Generated_Source\PSoC4/cyfitter_cfg.c **** 	ClockSetup();
 262              		.loc 1 293 0
 263 00b4 FFF7A4FF 		bl	ClockSetup
 264              	.LVL11:
 294:.\Generated_Source\PSoC4/cyfitter_cfg.c **** 
 295:.\Generated_Source\PSoC4/cyfitter_cfg.c **** 	/* Perform basic analog initialization to defaults */
 296:.\Generated_Source\PSoC4/cyfitter_cfg.c **** 	AnalogSetDefault();
 265              		.loc 1 296 0
 266 00b8 FFF7FEFF 		bl	AnalogSetDefault
 267              	.LVL12:
 297:.\Generated_Source\PSoC4/cyfitter_cfg.c **** 
 298:.\Generated_Source\PSoC4/cyfitter_cfg.c **** }
ARM GAS  C:\Users\Alan\AppData\Local\Temp\ccH6rE7t.s 			page 11


 268              		.loc 1 298 0
 269              		@ sp needed
 270 00bc 08BD     		pop	{r3, pc}
 271              	.L16:
 272 00be C046     		.align	2
 273              	.L15:
 274 00c0 00000240 		.word	1073872896
 275 00c4 00030240 		.word	1073873664
 276 00c8 00040240 		.word	1073873920
 277 00cc 00000440 		.word	1074003968
 278 00d0 08000440 		.word	1074003976
 279 00d4 18000440 		.word	1074003992
 280 00d8 00020440 		.word	1074004480
 281 00dc 806DDB00 		.word	14380416
 282 00e0 08020440 		.word	1074004488
 283 00e4 18020440 		.word	1074004504
 284 00e8 08030440 		.word	1074004744
 285 00ec 00040440 		.word	1074004992
 286 00f0 18040440 		.word	1074005016
 287              		.cfi_endproc
 288              	.LFE7:
 289              		.size	cyfitter_cfg, .-cyfitter_cfg
 290              		.text
 291              	.Letext0:
 292              		.file 2 ".\\Generated_Source\\PSoC4\\cytypes.h"
 293              		.file 3 ".\\Generated_Source\\PSoC4\\CyLib.h"
 294              		.section	.debug_info,"",%progbits
 295              	.Ldebug_info0:
 296 0000 5F010000 		.4byte	0x15f
 297 0004 0400     		.2byte	0x4
 298 0006 00000000 		.4byte	.Ldebug_abbrev0
 299 000a 04       		.byte	0x4
 300 000b 01       		.uleb128 0x1
 301 000c 23010000 		.4byte	.LASF20
 302 0010 01       		.byte	0x1
 303 0011 A5000000 		.4byte	.LASF21
 304 0015 B5010000 		.4byte	.LASF22
 305 0019 00000000 		.4byte	.Ldebug_ranges0+0
 306 001d 00000000 		.4byte	0
 307 0021 00000000 		.4byte	.Ldebug_line0
 308 0025 02       		.uleb128 0x2
 309 0026 04       		.byte	0x4
 310 0027 05       		.byte	0x5
 311 0028 696E7400 		.ascii	"int\000"
 312 002c 03       		.uleb128 0x3
 313 002d 04       		.byte	0x4
 314 002e 07       		.byte	0x7
 315 002f 1D000000 		.4byte	.LASF0
 316 0033 03       		.uleb128 0x3
 317 0034 01       		.byte	0x1
 318 0035 06       		.byte	0x6
 319 0036 17010000 		.4byte	.LASF1
 320 003a 03       		.uleb128 0x3
 321 003b 01       		.byte	0x1
 322 003c 08       		.byte	0x8
 323 003d 97000000 		.4byte	.LASF2
 324 0041 03       		.uleb128 0x3
ARM GAS  C:\Users\Alan\AppData\Local\Temp\ccH6rE7t.s 			page 12


 325 0042 02       		.byte	0x2
 326 0043 05       		.byte	0x5
 327 0044 1D020000 		.4byte	.LASF3
 328 0048 03       		.uleb128 0x3
 329 0049 02       		.byte	0x2
 330 004a 07       		.byte	0x7
 331 004b 04010000 		.4byte	.LASF4
 332 004f 03       		.uleb128 0x3
 333 0050 04       		.byte	0x4
 334 0051 05       		.byte	0x5
 335 0052 D2000000 		.4byte	.LASF5
 336 0056 03       		.uleb128 0x3
 337 0057 04       		.byte	0x4
 338 0058 07       		.byte	0x7
 339 0059 30000000 		.4byte	.LASF6
 340 005d 03       		.uleb128 0x3
 341 005e 08       		.byte	0x8
 342 005f 05       		.byte	0x5
 343 0060 00000000 		.4byte	.LASF7
 344 0064 03       		.uleb128 0x3
 345 0065 08       		.byte	0x8
 346 0066 07       		.byte	0x7
 347 0067 4F000000 		.4byte	.LASF8
 348 006b 03       		.uleb128 0x3
 349 006c 04       		.byte	0x4
 350 006d 07       		.byte	0x7
 351 006e 27020000 		.4byte	.LASF9
 352 0072 03       		.uleb128 0x3
 353 0073 01       		.byte	0x1
 354 0074 08       		.byte	0x8
 355 0075 CD000000 		.4byte	.LASF10
 356 0079 04       		.uleb128 0x4
 357 007a 2A000000 		.4byte	.LASF11
 358 007e 02       		.byte	0x2
 359 007f 9201     		.2byte	0x192
 360 0081 3A000000 		.4byte	0x3a
 361 0085 04       		.uleb128 0x4
 362 0086 0E000000 		.4byte	.LASF12
 363 008a 02       		.byte	0x2
 364 008b 9401     		.2byte	0x194
 365 008d 56000000 		.4byte	0x56
 366 0091 03       		.uleb128 0x3
 367 0092 04       		.byte	0x4
 368 0093 04       		.byte	0x4
 369 0094 66000000 		.4byte	.LASF13
 370 0098 03       		.uleb128 0x3
 371 0099 08       		.byte	0x8
 372 009a 04       		.byte	0x4
 373 009b F7000000 		.4byte	.LASF14
 374 009f 04       		.uleb128 0x4
 375 00a0 FE000000 		.4byte	.LASF15
 376 00a4 02       		.byte	0x2
 377 00a5 3E02     		.2byte	0x23e
 378 00a7 AB000000 		.4byte	0xab
 379 00ab 05       		.uleb128 0x5
 380 00ac 85000000 		.4byte	0x85
 381 00b0 06       		.uleb128 0x6
ARM GAS  C:\Users\Alan\AppData\Local\Temp\ccH6rE7t.s 			page 13


 382 00b1 EC000000 		.4byte	.LASF16
 383 00b5 01       		.byte	0x1
 384 00b6 91       		.byte	0x91
 385 00b7 00000000 		.4byte	.LFB4
 386 00bb 64000000 		.4byte	.LFE4-.LFB4
 387 00bf 01       		.uleb128 0x1
 388 00c0 9C       		.byte	0x9c
 389 00c1 D5000000 		.4byte	0xd5
 390 00c5 07       		.uleb128 0x7
 391 00c6 0E000000 		.4byte	.LVL0
 392 00ca 55010000 		.4byte	0x155
 393 00ce 08       		.uleb128 0x8
 394 00cf 01       		.uleb128 0x1
 395 00d0 50       		.byte	0x50
 396 00d1 01       		.uleb128 0x1
 397 00d2 48       		.byte	0x48
 398 00d3 00       		.byte	0
 399 00d4 00       		.byte	0
 400 00d5 09       		.uleb128 0x9
 401 00d6 6C000000 		.4byte	.LASF18
 402 00da 01       		.byte	0x1
 403 00db D8       		.byte	0xd8
 404 00dc 00000000 		.4byte	.LFB6
 405 00e0 38000000 		.4byte	.LFE6-.LFB6
 406 00e4 01       		.uleb128 0x1
 407 00e5 9C       		.byte	0x9c
 408 00e6 07010000 		.4byte	0x107
 409 00ea 0A       		.uleb128 0xa
 410 00eb 15000000 		.4byte	.LASF23
 411 00ef 01       		.byte	0x1
 412 00f0 D8       		.byte	0xd8
 413 00f1 79000000 		.4byte	0x79
 414 00f5 01       		.uleb128 0x1
 415 00f6 50       		.byte	0x50
 416 00f7 0B       		.uleb128 0xb
 417 00f8 14020000 		.4byte	.LASF24
 418 00fc 01       		.byte	0x1
 419 00fd DA       		.byte	0xda
 420 00fe 85000000 		.4byte	0x85
 421 0102 00000000 		.4byte	.LLST0
 422 0106 00       		.byte	0
 423 0107 06       		.uleb128 0x6
 424 0108 DB000000 		.4byte	.LASF17
 425 010c 01       		.byte	0x1
 426 010d C0       		.byte	0xc0
 427 010e 00000000 		.4byte	.LFB5
 428 0112 20000000 		.4byte	.LFE5-.LFB5
 429 0116 01       		.uleb128 0x1
 430 0117 9C       		.byte	0x9c
 431 0118 2C010000 		.4byte	0x12c
 432 011c 07       		.uleb128 0x7
 433 011d 16000000 		.4byte	.LVL10
 434 0121 D5000000 		.4byte	0xd5
 435 0125 08       		.uleb128 0x8
 436 0126 01       		.uleb128 0x1
 437 0127 50       		.byte	0x50
 438 0128 01       		.uleb128 0x1
ARM GAS  C:\Users\Alan\AppData\Local\Temp\ccH6rE7t.s 			page 14


 439 0129 31       		.byte	0x31
 440 012a 00       		.byte	0
 441 012b 00       		.byte	0
 442 012c 0C       		.uleb128 0xc
 443 012d 42000000 		.4byte	.LASF19
 444 0131 01       		.byte	0x1
 445 0132 0401     		.2byte	0x104
 446 0134 64000000 		.4byte	.LFB7
 447 0138 90000000 		.4byte	.LFE7-.LFB7
 448 013c 01       		.uleb128 0x1
 449 013d 9C       		.byte	0x9c
 450 013e 55010000 		.4byte	0x155
 451 0142 0D       		.uleb128 0xd
 452 0143 B8000000 		.4byte	.LVL11
 453 0147 B0000000 		.4byte	0xb0
 454 014b 0D       		.uleb128 0xd
 455 014c BC000000 		.4byte	.LVL12
 456 0150 07010000 		.4byte	0x107
 457 0154 00       		.byte	0
 458 0155 0E       		.uleb128 0xe
 459 0156 82000000 		.4byte	.LASF25
 460 015a 03       		.byte	0x3
 461 015b 6C       		.byte	0x6c
 462 015c 0F       		.uleb128 0xf
 463 015d 85000000 		.4byte	0x85
 464 0161 00       		.byte	0
 465 0162 00       		.byte	0
 466              		.section	.debug_abbrev,"",%progbits
 467              	.Ldebug_abbrev0:
 468 0000 01       		.uleb128 0x1
 469 0001 11       		.uleb128 0x11
 470 0002 01       		.byte	0x1
 471 0003 25       		.uleb128 0x25
 472 0004 0E       		.uleb128 0xe
 473 0005 13       		.uleb128 0x13
 474 0006 0B       		.uleb128 0xb
 475 0007 03       		.uleb128 0x3
 476 0008 0E       		.uleb128 0xe
 477 0009 1B       		.uleb128 0x1b
 478 000a 0E       		.uleb128 0xe
 479 000b 55       		.uleb128 0x55
 480 000c 17       		.uleb128 0x17
 481 000d 11       		.uleb128 0x11
 482 000e 01       		.uleb128 0x1
 483 000f 10       		.uleb128 0x10
 484 0010 17       		.uleb128 0x17
 485 0011 00       		.byte	0
 486 0012 00       		.byte	0
 487 0013 02       		.uleb128 0x2
 488 0014 24       		.uleb128 0x24
 489 0015 00       		.byte	0
 490 0016 0B       		.uleb128 0xb
 491 0017 0B       		.uleb128 0xb
 492 0018 3E       		.uleb128 0x3e
 493 0019 0B       		.uleb128 0xb
 494 001a 03       		.uleb128 0x3
 495 001b 08       		.uleb128 0x8
ARM GAS  C:\Users\Alan\AppData\Local\Temp\ccH6rE7t.s 			page 15


 496 001c 00       		.byte	0
 497 001d 00       		.byte	0
 498 001e 03       		.uleb128 0x3
 499 001f 24       		.uleb128 0x24
 500 0020 00       		.byte	0
 501 0021 0B       		.uleb128 0xb
 502 0022 0B       		.uleb128 0xb
 503 0023 3E       		.uleb128 0x3e
 504 0024 0B       		.uleb128 0xb
 505 0025 03       		.uleb128 0x3
 506 0026 0E       		.uleb128 0xe
 507 0027 00       		.byte	0
 508 0028 00       		.byte	0
 509 0029 04       		.uleb128 0x4
 510 002a 16       		.uleb128 0x16
 511 002b 00       		.byte	0
 512 002c 03       		.uleb128 0x3
 513 002d 0E       		.uleb128 0xe
 514 002e 3A       		.uleb128 0x3a
 515 002f 0B       		.uleb128 0xb
 516 0030 3B       		.uleb128 0x3b
 517 0031 05       		.uleb128 0x5
 518 0032 49       		.uleb128 0x49
 519 0033 13       		.uleb128 0x13
 520 0034 00       		.byte	0
 521 0035 00       		.byte	0
 522 0036 05       		.uleb128 0x5
 523 0037 35       		.uleb128 0x35
 524 0038 00       		.byte	0
 525 0039 49       		.uleb128 0x49
 526 003a 13       		.uleb128 0x13
 527 003b 00       		.byte	0
 528 003c 00       		.byte	0
 529 003d 06       		.uleb128 0x6
 530 003e 2E       		.uleb128 0x2e
 531 003f 01       		.byte	0x1
 532 0040 03       		.uleb128 0x3
 533 0041 0E       		.uleb128 0xe
 534 0042 3A       		.uleb128 0x3a
 535 0043 0B       		.uleb128 0xb
 536 0044 3B       		.uleb128 0x3b
 537 0045 0B       		.uleb128 0xb
 538 0046 27       		.uleb128 0x27
 539 0047 19       		.uleb128 0x19
 540 0048 11       		.uleb128 0x11
 541 0049 01       		.uleb128 0x1
 542 004a 12       		.uleb128 0x12
 543 004b 06       		.uleb128 0x6
 544 004c 40       		.uleb128 0x40
 545 004d 18       		.uleb128 0x18
 546 004e 9742     		.uleb128 0x2117
 547 0050 19       		.uleb128 0x19
 548 0051 01       		.uleb128 0x1
 549 0052 13       		.uleb128 0x13
 550 0053 00       		.byte	0
 551 0054 00       		.byte	0
 552 0055 07       		.uleb128 0x7
ARM GAS  C:\Users\Alan\AppData\Local\Temp\ccH6rE7t.s 			page 16


 553 0056 898201   		.uleb128 0x4109
 554 0059 01       		.byte	0x1
 555 005a 11       		.uleb128 0x11
 556 005b 01       		.uleb128 0x1
 557 005c 31       		.uleb128 0x31
 558 005d 13       		.uleb128 0x13
 559 005e 00       		.byte	0
 560 005f 00       		.byte	0
 561 0060 08       		.uleb128 0x8
 562 0061 8A8201   		.uleb128 0x410a
 563 0064 00       		.byte	0
 564 0065 02       		.uleb128 0x2
 565 0066 18       		.uleb128 0x18
 566 0067 9142     		.uleb128 0x2111
 567 0069 18       		.uleb128 0x18
 568 006a 00       		.byte	0
 569 006b 00       		.byte	0
 570 006c 09       		.uleb128 0x9
 571 006d 2E       		.uleb128 0x2e
 572 006e 01       		.byte	0x1
 573 006f 3F       		.uleb128 0x3f
 574 0070 19       		.uleb128 0x19
 575 0071 03       		.uleb128 0x3
 576 0072 0E       		.uleb128 0xe
 577 0073 3A       		.uleb128 0x3a
 578 0074 0B       		.uleb128 0xb
 579 0075 3B       		.uleb128 0x3b
 580 0076 0B       		.uleb128 0xb
 581 0077 27       		.uleb128 0x27
 582 0078 19       		.uleb128 0x19
 583 0079 11       		.uleb128 0x11
 584 007a 01       		.uleb128 0x1
 585 007b 12       		.uleb128 0x12
 586 007c 06       		.uleb128 0x6
 587 007d 40       		.uleb128 0x40
 588 007e 18       		.uleb128 0x18
 589 007f 9742     		.uleb128 0x2117
 590 0081 19       		.uleb128 0x19
 591 0082 01       		.uleb128 0x1
 592 0083 13       		.uleb128 0x13
 593 0084 00       		.byte	0
 594 0085 00       		.byte	0
 595 0086 0A       		.uleb128 0xa
 596 0087 05       		.uleb128 0x5
 597 0088 00       		.byte	0
 598 0089 03       		.uleb128 0x3
 599 008a 0E       		.uleb128 0xe
 600 008b 3A       		.uleb128 0x3a
 601 008c 0B       		.uleb128 0xb
 602 008d 3B       		.uleb128 0x3b
 603 008e 0B       		.uleb128 0xb
 604 008f 49       		.uleb128 0x49
 605 0090 13       		.uleb128 0x13
 606 0091 02       		.uleb128 0x2
 607 0092 18       		.uleb128 0x18
 608 0093 00       		.byte	0
 609 0094 00       		.byte	0
ARM GAS  C:\Users\Alan\AppData\Local\Temp\ccH6rE7t.s 			page 17


 610 0095 0B       		.uleb128 0xb
 611 0096 34       		.uleb128 0x34
 612 0097 00       		.byte	0
 613 0098 03       		.uleb128 0x3
 614 0099 0E       		.uleb128 0xe
 615 009a 3A       		.uleb128 0x3a
 616 009b 0B       		.uleb128 0xb
 617 009c 3B       		.uleb128 0x3b
 618 009d 0B       		.uleb128 0xb
 619 009e 49       		.uleb128 0x49
 620 009f 13       		.uleb128 0x13
 621 00a0 02       		.uleb128 0x2
 622 00a1 17       		.uleb128 0x17
 623 00a2 00       		.byte	0
 624 00a3 00       		.byte	0
 625 00a4 0C       		.uleb128 0xc
 626 00a5 2E       		.uleb128 0x2e
 627 00a6 01       		.byte	0x1
 628 00a7 3F       		.uleb128 0x3f
 629 00a8 19       		.uleb128 0x19
 630 00a9 03       		.uleb128 0x3
 631 00aa 0E       		.uleb128 0xe
 632 00ab 3A       		.uleb128 0x3a
 633 00ac 0B       		.uleb128 0xb
 634 00ad 3B       		.uleb128 0x3b
 635 00ae 05       		.uleb128 0x5
 636 00af 27       		.uleb128 0x27
 637 00b0 19       		.uleb128 0x19
 638 00b1 11       		.uleb128 0x11
 639 00b2 01       		.uleb128 0x1
 640 00b3 12       		.uleb128 0x12
 641 00b4 06       		.uleb128 0x6
 642 00b5 40       		.uleb128 0x40
 643 00b6 18       		.uleb128 0x18
 644 00b7 9742     		.uleb128 0x2117
 645 00b9 19       		.uleb128 0x19
 646 00ba 01       		.uleb128 0x1
 647 00bb 13       		.uleb128 0x13
 648 00bc 00       		.byte	0
 649 00bd 00       		.byte	0
 650 00be 0D       		.uleb128 0xd
 651 00bf 898201   		.uleb128 0x4109
 652 00c2 00       		.byte	0
 653 00c3 11       		.uleb128 0x11
 654 00c4 01       		.uleb128 0x1
 655 00c5 31       		.uleb128 0x31
 656 00c6 13       		.uleb128 0x13
 657 00c7 00       		.byte	0
 658 00c8 00       		.byte	0
 659 00c9 0E       		.uleb128 0xe
 660 00ca 2E       		.uleb128 0x2e
 661 00cb 01       		.byte	0x1
 662 00cc 3F       		.uleb128 0x3f
 663 00cd 19       		.uleb128 0x19
 664 00ce 03       		.uleb128 0x3
 665 00cf 0E       		.uleb128 0xe
 666 00d0 3A       		.uleb128 0x3a
ARM GAS  C:\Users\Alan\AppData\Local\Temp\ccH6rE7t.s 			page 18


 667 00d1 0B       		.uleb128 0xb
 668 00d2 3B       		.uleb128 0x3b
 669 00d3 0B       		.uleb128 0xb
 670 00d4 27       		.uleb128 0x27
 671 00d5 19       		.uleb128 0x19
 672 00d6 3C       		.uleb128 0x3c
 673 00d7 19       		.uleb128 0x19
 674 00d8 00       		.byte	0
 675 00d9 00       		.byte	0
 676 00da 0F       		.uleb128 0xf
 677 00db 05       		.uleb128 0x5
 678 00dc 00       		.byte	0
 679 00dd 49       		.uleb128 0x49
 680 00de 13       		.uleb128 0x13
 681 00df 00       		.byte	0
 682 00e0 00       		.byte	0
 683 00e1 00       		.byte	0
 684              		.section	.debug_loc,"",%progbits
 685              	.Ldebug_loc0:
 686              	.LLST0:
 687 0000 04000000 		.4byte	.LVL2
 688 0004 12000000 		.4byte	.LVL4
 689 0008 0100     		.2byte	0x1
 690 000a 53       		.byte	0x53
 691 000b 14000000 		.4byte	.LVL5
 692 000f 1A000000 		.4byte	.LVL6
 693 0013 0100     		.2byte	0x1
 694 0015 53       		.byte	0x53
 695 0016 1A000000 		.4byte	.LVL6
 696 001a 1C000000 		.4byte	.LVL7
 697 001e 0200     		.2byte	0x2
 698 0020 72       		.byte	0x72
 699 0021 00       		.sleb128 0
 700 0022 1C000000 		.4byte	.LVL7
 701 0026 38000000 		.4byte	.LFE6
 702 002a 0100     		.2byte	0x1
 703 002c 53       		.byte	0x53
 704 002d 00000000 		.4byte	0
 705 0031 00000000 		.4byte	0
 706              		.section	.debug_aranges,"",%progbits
 707 0000 34000000 		.4byte	0x34
 708 0004 0200     		.2byte	0x2
 709 0006 00000000 		.4byte	.Ldebug_info0
 710 000a 04       		.byte	0x4
 711 000b 00       		.byte	0
 712 000c 0000     		.2byte	0
 713 000e 0000     		.2byte	0
 714 0010 00000000 		.4byte	.LFB4
 715 0014 64000000 		.4byte	.LFE4-.LFB4
 716 0018 00000000 		.4byte	.LFB6
 717 001c 38000000 		.4byte	.LFE6-.LFB6
 718 0020 00000000 		.4byte	.LFB5
 719 0024 20000000 		.4byte	.LFE5-.LFB5
 720 0028 64000000 		.4byte	.LFB7
 721 002c 90000000 		.4byte	.LFE7-.LFB7
 722 0030 00000000 		.4byte	0
 723 0034 00000000 		.4byte	0
ARM GAS  C:\Users\Alan\AppData\Local\Temp\ccH6rE7t.s 			page 19


 724              		.section	.debug_ranges,"",%progbits
 725              	.Ldebug_ranges0:
 726 0000 00000000 		.4byte	.LFB4
 727 0004 64000000 		.4byte	.LFE4
 728 0008 00000000 		.4byte	.LFB6
 729 000c 38000000 		.4byte	.LFE6
 730 0010 00000000 		.4byte	.LFB5
 731 0014 20000000 		.4byte	.LFE5
 732 0018 64000000 		.4byte	.LFB7
 733 001c F4000000 		.4byte	.LFE7
 734 0020 00000000 		.4byte	0
 735 0024 00000000 		.4byte	0
 736              		.section	.debug_line,"",%progbits
 737              	.Ldebug_line0:
 738 0000 BB000000 		.section	.debug_str,"MS",%progbits,1
 738      02005600 
 738      00000201 
 738      FB0E0D00 
 738      01010101 
 739              	.LASF7:
 740 0000 6C6F6E67 		.ascii	"long long int\000"
 740      206C6F6E 
 740      6720696E 
 740      7400
 741              	.LASF12:
 742 000e 75696E74 		.ascii	"uint32\000"
 742      333200
 743              	.LASF23:
 744 0015 656E6162 		.ascii	"enabled\000"
 744      6C656400 
 745              	.LASF0:
 746 001d 756E7369 		.ascii	"unsigned int\000"
 746      676E6564 
 746      20696E74 
 746      00
 747              	.LASF11:
 748 002a 75696E74 		.ascii	"uint8\000"
 748      3800
 749              	.LASF6:
 750 0030 6C6F6E67 		.ascii	"long unsigned int\000"
 750      20756E73 
 750      69676E65 
 750      6420696E 
 750      7400
 751              	.LASF19:
 752 0042 63796669 		.ascii	"cyfitter_cfg\000"
 752      74746572 
 752      5F636667 
 752      00
 753              	.LASF8:
 754 004f 6C6F6E67 		.ascii	"long long unsigned int\000"
 754      206C6F6E 
 754      6720756E 
 754      7369676E 
 754      65642069 
 755              	.LASF13:
 756 0066 666C6F61 		.ascii	"float\000"
ARM GAS  C:\Users\Alan\AppData\Local\Temp\ccH6rE7t.s 			page 20


 756      7400
 757              	.LASF18:
 758 006c 53657441 		.ascii	"SetAnalogRoutingPumps\000"
 758      6E616C6F 
 758      67526F75 
 758      74696E67 
 758      50756D70 
 759              	.LASF25:
 760 0082 43795379 		.ascii	"CySysClkWriteImoFreq\000"
 760      73436C6B 
 760      57726974 
 760      65496D6F 
 760      46726571 
 761              	.LASF2:
 762 0097 756E7369 		.ascii	"unsigned char\000"
 762      676E6564 
 762      20636861 
 762      7200
 763              	.LASF21:
 764 00a5 2E5C4765 		.ascii	".\\Generated_Source\\PSoC4\\cyfitter_cfg.c\000"
 764      6E657261 
 764      7465645F 
 764      536F7572 
 764      63655C50 
 765              	.LASF10:
 766 00cd 63686172 		.ascii	"char\000"
 766      00
 767              	.LASF5:
 768 00d2 6C6F6E67 		.ascii	"long int\000"
 768      20696E74 
 768      00
 769              	.LASF17:
 770 00db 416E616C 		.ascii	"AnalogSetDefault\000"
 770      6F675365 
 770      74446566 
 770      61756C74 
 770      00
 771              	.LASF16:
 772 00ec 436C6F63 		.ascii	"ClockSetup\000"
 772      6B536574 
 772      757000
 773              	.LASF14:
 774 00f7 646F7562 		.ascii	"double\000"
 774      6C6500
 775              	.LASF15:
 776 00fe 72656733 		.ascii	"reg32\000"
 776      3200
 777              	.LASF4:
 778 0104 73686F72 		.ascii	"short unsigned int\000"
 778      7420756E 
 778      7369676E 
 778      65642069 
 778      6E7400
 779              	.LASF1:
 780 0117 7369676E 		.ascii	"signed char\000"
 780      65642063 
 780      68617200 
ARM GAS  C:\Users\Alan\AppData\Local\Temp\ccH6rE7t.s 			page 21


 781              	.LASF20:
 782 0123 474E5520 		.ascii	"GNU C 4.9.3 20150303 (release) [ARM/embedded-4_9-br"
 782      4320342E 
 782      392E3320 
 782      32303135 
 782      30333033 
 783 0156 616E6368 		.ascii	"anch revision 221220] -mcpu=cortex-m0plus -mthumb -"
 783      20726576 
 783      6973696F 
 783      6E203232 
 783      31323230 
 784 0189 67202D4F 		.ascii	"g -Og -ffunction-sections -ffat-lto-objects\000"
 784      67202D66 
 784      66756E63 
 784      74696F6E 
 784      2D736563 
 785              	.LASF22:
 786 01b5 5C5C766D 		.ascii	"\\\\vmware-host\\Shared Folders\\Documents\\BLEIOSA"
 786      77617265 
 786      2D686F73 
 786      745C5368 
 786      61726564 
 787 01e3 50505C50 		.ascii	"PP\\PSoC_Creator\\capsenseled\\145capsenseled.cydsn"
 787      536F435F 
 787      43726561 
 787      746F725C 
 787      63617073 
 788 0213 00       		.ascii	"\000"
 789              	.LASF24:
 790 0214 72656756 		.ascii	"regValue\000"
 790      616C7565 
 790      00
 791              	.LASF3:
 792 021d 73686F72 		.ascii	"short int\000"
 792      7420696E 
 792      7400
 793              	.LASF9:
 794 0227 73697A65 		.ascii	"sizetype\000"
 794      74797065 
 794      00
 795              		.ident	"GCC: (GNU Tools for ARM Embedded Processors) 4.9.3 20150303 (release) [ARM/embedded-4_9-br
