Archive member included because of file (symbol)

.\CortexM0\ARM_GCC_493\Debug\145i2ccapsenseled-ble.a(cyfitter_cfg.o)
                              .\CortexM0\ARM_GCC_493\Debug\Cm0Start.o (cyfitter_cfg)
.\CortexM0\ARM_GCC_493\Debug\145i2ccapsenseled-ble.a(ble.o)
                              .\CortexM0\ARM_GCC_493\Debug\main.o (CyBle_Start)
.\CortexM0\ARM_GCC_493\Debug\145i2ccapsenseled-ble.a(ble_gatt.o)
                              .\CortexM0\ARM_GCC_493\Debug\main.o (cyBle_state)
.\CortexM0\ARM_GCC_493\Debug\145i2ccapsenseled-ble.a(ble_eventHandler.o)
                              .\CortexM0\ARM_GCC_493\Debug\main.o (cyBle_connHandle)
.\CortexM0\ARM_GCC_493\Debug\145i2ccapsenseled-ble.a(ble_custom.o)
                              .\CortexM0\ARM_GCC_493\Debug\145i2ccapsenseled-ble.a(ble.o) (CyBle_CustomInit)
.\CortexM0\ARM_GCC_493\Debug\145i2ccapsenseled-ble.a(CyBootAsmGnu.o)
                              .\CortexM0\ARM_GCC_493\Debug\145i2ccapsenseled-ble.a(cyfitter_cfg.o) (CyDelayCycles)
.\CortexM0\ARM_GCC_493\Debug\145i2ccapsenseled-ble.a(CyLib.o)
                              .\CortexM0\ARM_GCC_493\Debug\145i2ccapsenseled-ble.a(cyfitter_cfg.o) (CySysClkWriteImoFreq)
.\CortexM0\ARM_GCC_493\Debug\145i2ccapsenseled-ble.a(CyLFClk.o)
                              .\CortexM0\ARM_GCC_493\Debug\145i2ccapsenseled-ble.a(cyfitter_cfg.o) (CySysClkWcoStart)
.\CortexM0\ARM_GCC_493\Debug\145i2ccapsenseled-ble.a(EZI2C.o)
                              .\CortexM0\ARM_GCC_493\Debug\main.o (EZI2C_Start)
.\CortexM0\ARM_GCC_493\Debug\145i2ccapsenseled-ble.a(EZI2C_EZI2C.o)
                              .\CortexM0\ARM_GCC_493\Debug\145i2ccapsenseled-ble.a(EZI2C.o) (EZI2C_EzI2CInit)
.\CortexM0\ARM_GCC_493\Debug\145i2ccapsenseled-ble.a(EZI2C_EZI2C_INT.o)
                              .\CortexM0\ARM_GCC_493\Debug\145i2ccapsenseled-ble.a(EZI2C_EZI2C.o) (EZI2C_EZI2C_STRETCH_ISR)
.\CortexM0\ARM_GCC_493\Debug\145i2ccapsenseled-ble.a(tx.o)
                              .\CortexM0\ARM_GCC_493\Debug\main.o (tx_Write)
C:\Program Files (x86)\Cypress\PSoC Creator\3.3\PSoC Creator\psoc\content\cycomponentlibrary\CyComponentLibrary.cylib\BLE_v2_30\Library\gccCyBLEStack_BLE_SOC_PERIPHERAL.a(CyBle.o)
                              .\CortexM0\ARM_GCC_493\Debug\main.o (CyBle_EnterLPM)
C:\Program Files (x86)\Cypress\PSoC Creator\3.3\PSoC Creator\psoc\content\cycomponentlibrary\CyComponentLibrary.cylib\BLE_v2_30\Library\gccCyBLEStack_BLE_SOC_PERIPHERAL.a(CyBleStackMgrIP_Interface.o)
                              C:\Program Files (x86)\Cypress\PSoC Creator\3.3\PSoC Creator\psoc\content\cycomponentlibrary\CyComponentLibrary.cylib\BLE_v2_30\Library\gccCyBLEStack_BLE_SOC_PERIPHERAL.a(CyBle.o) (CyBleStackMgr_Init)
C:\Program Files (x86)\Cypress\PSoC Creator\3.3\PSoC Creator\psoc\content\cycomponentlibrary\CyComponentLibrary.cylib\BLE_v2_30\Library\gccCyBLEStack_BLE_SOC_PERIPHERAL.a(BT_os.o)
                              C:\Program Files (x86)\Cypress\PSoC Creator\3.3\PSoC Creator\psoc\content\cycomponentlibrary\CyComponentLibrary.cylib\BLE_v2_30\Library\gccCyBLEStack_BLE_SOC_PERIPHERAL.a(CyBleStackMgrIP_Interface.o) (cyBleStackMemoryConfig)
C:\Program Files (x86)\Cypress\PSoC Creator\3.3\PSoC Creator\psoc\content\cycomponentlibrary\CyComponentLibrary.cylib\BLE_v2_30\Library\gccCyBLEStack_BLE_SOC_PERIPHERAL.a(CyBleStackMgr_StackTaskHandler.o)
                              C:\Program Files (x86)\Cypress\PSoC Creator\3.3\PSoC Creator\psoc\content\cycomponentlibrary\CyComponentLibrary.cylib\BLE_v2_30\Library\gccCyBLEStack_BLE_SOC_PERIPHERAL.a(CyBleStackMgrIP_Interface.o) (CyBle_CreateBleStackTask)
C:\Program Files (x86)\Cypress\PSoC Creator\3.3\PSoC Creator\psoc\content\cycomponentlibrary\CyComponentLibrary.cylib\BLE_v2_30\Library\gccCyBLEStack_BLE_SOC_PERIPHERAL.a(transport_sf.o)
                              C:\Program Files (x86)\Cypress\PSoC Creator\3.3\PSoC Creator\psoc\content\cycomponentlibrary\CyComponentLibrary.cylib\BLE_v2_30\Library\gccCyBLEStack_BLE_SOC_PERIPHERAL.a(CyBleStackMgr_StackTaskHandler.o) (hci_soft_transport_notify_data_received)
C:\Program Files (x86)\Cypress\PSoC Creator\3.3\PSoC Creator\psoc\content\cycomponentlibrary\CyComponentLibrary.cylib\BLE_v2_30\Library\gccCyBLEStack_BLE_SOC_PERIPHERAL.a(CyBleStackMgr_PSoCHal.o)
                              C:\Program Files (x86)\Cypress\PSoC Creator\3.3\PSoC Creator\psoc\content\cycomponentlibrary\CyComponentLibrary.cylib\BLE_v2_30\Library\gccCyBLEStack_BLE_SOC_PERIPHERAL.a(CyBleStackMgrIP_Interface.o) (CyBleStackMgr_HalInit)
C:\Program Files (x86)\Cypress\PSoC Creator\3.3\PSoC Creator\psoc\content\cycomponentlibrary\CyComponentLibrary.cylib\BLE_v2_30\Library\gccCyBLEStack_BLE_SOC_PERIPHERAL.a(CyBleStackMgr_BleSSDriver.o)
[...]
Memory Configuration

Name             Origin             Length             Attributes
rom              0x00000000         0x00020000         xr
ram              0x20000000         0x00004000         xrw
*default*        0x00000000         0xffffffff

Linker script and memory map

LOAD c:/program files (x86)/cypress/psoc creator/3.3/psoc creator/import/gnu/arm/4.9.3/bin/../lib/gcc/arm-none-eabi/4.9.3/armv6-m/crti.o
LOAD c:/program files (x86)/cypress/psoc creator/3.3/psoc creator/import/gnu/arm/4.9.3/bin/../lib/gcc/arm-none-eabi/4.9.3/armv6-m/crtbegin.o
LOAD c:/program files (x86)/cypress/psoc creator/3.3/psoc creator/import/gnu/arm/4.9.3/bin/../lib/gcc/arm-none-eabi/4.9.3/../../../../arm-none-eabi/lib/armv6-m/crt0.o
START GROUP
LOAD .\CortexM0\ARM_GCC_493\Debug\main.o
LOAD .\CortexM0\ARM_GCC_493\Debug\cymetadata.o
LOAD .\CortexM0\ARM_GCC_493\Debug\Cm0Start.o
LOAD .\CortexM0\ARM_GCC_493\Debug\145i2ccapsenseled-ble.a
LOAD C:\Program Files (x86)\Cypress\PSoC Creator\3.3\PSoC Creator\psoc\content\cycomponentlibrary\CyComponentLibrary.cylib\BLE_v2_30\Library\gccCyBLEStack_BLE_SOC_PERIPHERAL.a
LOAD C:\Program Files (x86)\Cypress\PSoC Creator\3.3\PSoC Creator\psoc\content\cycomponentlibrary\CyComponentLibrary.cylib\CortexM0\ARM_GCC_493\Debug\CyComponentLibrary.a
END GROUP
START GROUP
LOAD c:/program files (x86)/cypress/psoc creator/3.3/psoc creator/import/gnu/arm/4.9.3/bin/../lib/gcc/arm-none-eabi/4.9.3/armv6-m\libgcc.a
LOAD c:/program files (x86)/cypress/psoc creator/3.3/psoc creator/import/gnu/arm/4.9.3/bin/../lib/gcc/arm-none-eabi/4.9.3/../../../../arm-none-eabi/lib/armv6-m\libg_nano.a
LOAD c:/program files (x86)/cypress/psoc creator/3.3/psoc creator/import/gnu/arm/4.9.3/bin/../lib/gcc/arm-none-eabi/4.9.3/../../../../arm-none-eabi/lib/armv6-m\libc_nano.a
END GROUP
START GROUP
LOAD c:/program files (x86)/cypress/psoc creator/3.3/psoc creator/import/gnu/arm/4.9.3/bin/../lib/gcc/arm-none-eabi/4.9.3/armv6-m\libgcc.a
LOAD c:/program files (x86)/cypress/psoc creator/3.3/psoc creator/import/gnu/arm/4.9.3/bin/../lib/gcc/arm-none-eabi/4.9.3/../../../../arm-none-eabi/lib/armv6-m\libc_nano.a
END GROUP
LOAD c:/program files (x86)/cypress/psoc creator/3.3/psoc creator/import/gnu/arm/4.9.3/bin/../lib/gcc/arm-none-eabi/4.9.3/armv6-m/crtend.o
LOAD c:/program files (x86)/cypress/psoc creator/3.3/psoc creator/import/gnu/arm/4.9.3/bin/../lib/gcc/arm-none-eabi/4.9.3/armv6-m/crtn.o
START GROUP
LOAD c:/program files (x86)/cypress/psoc creator/3.3/psoc creator/import/gnu/arm/4.9.3/bin/../lib/gcc/arm-none-eabi/4.9.3/armv6-m\libgcc.a
LOAD c:/program files (x86)/cypress/psoc creator/3.3/psoc creator/import/gnu/arm/4.9.3/bin/../lib/gcc/arm-none-eabi/4.9.3/../../../../arm-none-eabi/lib/armv6-m\libc.a
LOAD c:/program files (x86)/cypress/psoc creator/3.3/psoc creator/import/gnu/arm/4.9.3/bin/../lib/gcc/arm-none-eabi/4.9.3/../../../../arm-none-eabi/lib/armv6-m\libnosys.a
END GROUP
                0x00000000                CY_APPL_ORIGIN = 0x0
                0x00000080                CY_FLASH_ROW_SIZE = 0x80
                0x00000001                CY_APPL_NUM = 0x1
                0x00000001                CY_APPL_MAX = 0x1
                0x00000040                CY_METADATA_SIZE = 0x40
                0x00000000                CY_APPL_LOADABLE = 0x0
                0x00000000                CY_CHECKSUM_EXCLUDE_SIZE = ALIGN (0x0, CY_FLASH_ROW_SIZE)
                0x00000000                CY_APP_FOR_STACK_AND_COPIER = 0x0
                0x20001e10                PROVIDE (__cy_heap_start, _end)
                0x00000001                PROVIDE (__cy_region_num, ((__cy_regions_end - __cy_regions) / 0x10))
                0x20004000                PROVIDE (__cy_stack, (ORIGIN (ram) + 0x4000))
                0x20003800                PROVIDE (__cy_heap_end, (__cy_stack - 0x800))

.cybootloader   0x00000000        0x0
 *(.cybootloader)
                0x00000000                appl1_start = CY_APPL_ORIGIN?CY_APPL_ORIGIN:ALIGN (CY_FLASH_ROW_SIZE)
                0x0000ff80                appl2_start = (appl1_start + ALIGN ((((0x20000 - appl1_start) - (0x2 * CY_FLASH_ROW_SIZE)) / 0x2), CY_FLASH_ROW_SIZE))
                0x00000000                appl_start = (CY_APPL_NUM == 0x1)?appl1_start:appl2_start
                0x00000001                cy_project_type_bootloader = (appl_start == 0x0)?0x1:0x0
                0x00000000                cy_project_type_app_for_stack_and_copier = (CY_APP_FOR_STACK_AND_COPIER == 0x1)?0x1:0x0

.text           0x00000000     0x1fd0
 CREATE_OBJECT_SYMBOLS
                0x00000000                PROVIDE (__cy_interrupt_vector, RomVectors)
 *(.romvectors)
 .romvectors    0x00000000       0x10 .\CortexM0\ARM_GCC_493\Debug\Cm0Start.o
                0x00000000                RomVectors
                0x00000001                ASSERT ((. != __cy_interrupt_vector), No interrupt vector)
                0x00000001                ASSERT (CY_APPL_ORIGIN?(SIZEOF (.cybootloader) <= CY_APPL_ORIGIN):0x1, Wrong image location)
                0x00000010                PROVIDE (__cy_reset, Reset)
 *(.text.Reset)
 .text.Reset    0x00000010        0x8 .\CortexM0\ARM_GCC_493\Debug\Cm0Start.o
                0x00000010                Reset
                0x00000001                ASSERT ((. != __cy_reset), No reset code)
 *(.psocinit)
 .psocinit      0x00000018      0x1f8 .\CortexM0\ARM_GCC_493\Debug\145i2ccapsenseled-ble.a(cyfitter_cfg.o)
                0x000000fc                cyfitter_cfg
                0x00000210                . = MAX (., 0x100)
 *(.text .text.* .gnu.linkonce.t.*)
 .text          0x00000210       0x60 c:/program files (x86)/cypress/psoc creator/3.3/psoc creator/import/gnu/arm/4.9.3/bin/../lib/gcc/arm-none-eabi/4.9.3/armv6-m/crtbegin.o
 .text.updateLed
                0x00000270       0x44 .\CortexM0\ARM_GCC_493\Debug\main.o
                0x00000270                updateLed
 .text.updateCapsense
                0x000002b4       0xa4 .\CortexM0\ARM_GCC_493\Debug\main.o
                0x000002b4                updateCapsense
 .text.BleCallBack
                0x00000358       0xe0 .\CortexM0\ARM_GCC_493\Debug\main.o
                0x00000358                BleCallBack
 .text.main     0x00000438       0x54 .\CortexM0\ARM_GCC_493\Debug\main.o
                0x00000438                main
 .text.IntDefaultHandler
                0x0000048c        0x8 .\CortexM0\ARM_GCC_493\Debug\Cm0Start.o
                0x0000048c                IntDefaultHandler
 .text.Start_c  0x00000494       0x98 .\CortexM0\ARM_GCC_493\Debug\Cm0Start.o
                0x00000494                Start_c
 .text.initialize_psoc
                0x0000052c       0x70 .\CortexM0\ARM_GCC_493\Debug\Cm0Start.o
                0x0000052c                initialize_psoc
 .text.CYMEMZERO
                0x0000059c       0x20 .\CortexM0\ARM_GCC_493\Debug\145i2ccapsenseled-ble.a(cyfitter_cfg.o)
 .text.AnalogSetDefault
                0x000005bc       0x28 .\CortexM0\ARM_GCC_493\Debug\145i2ccapsenseled-ble.a(cyfitter_cfg.o)
 .text.CyBle_Init
                0x000005e4       0x40 .\CortexM0\ARM_GCC_493\Debug\145i2ccapsenseled-ble.a(ble.o)
                0x000005e4                CyBle_Init
 .text.CyBle_ServiceInit
                0x00000624        0xc .\CortexM0\ARM_GCC_493\Debug\145i2ccapsenseled-ble.a(ble.o)
                0x00000624                CyBle_ServiceInit
 .text.CyBle_Start
                0x00000630       0xdc .\CortexM0\ARM_GCC_493\Debug\145i2ccapsenseled-ble.a(ble.o)
                0x00000630                CyBle_Start
 .text.CyBle_GappStartAdvertisement
                0x0000070c       0xd4 .\CortexM0\ARM_GCC_493\Debug\145i2ccapsenseled-ble.a(ble.o)
                0x0000070c                CyBle_GappStartAdvertisement
 .text.CyBle_ChangeAdDeviceAddress
                0x000007e0       0x60 .\CortexM0\ARM_GCC_493\Debug\145i2ccapsenseled-ble.a(ble.o)
                0x000007e0                CyBle_ChangeAdDeviceAddress
 .text.CyBle_Get16ByPtr
                0x00000840       0x28 .\CortexM0\ARM_GCC_493\Debug\145i2ccapsenseled-ble.a(ble.o)
                0x00000840                CyBle_Get16ByPtr
 .text.CyBle_GattsWriteEventHandler
                0x00000868       0xa0 .\CortexM0\ARM_GCC_493\Debug\145i2ccapsenseled-ble.a(ble_gatt.o)
                0x00000868                CyBle_GattsWriteEventHandler
 .text.CyBle_WriteReqHandler
                0x00000908       0x70 .\CortexM0\ARM_GCC_493\Debug\145i2ccapsenseled-ble.a(ble_eventHandler.o)
 .text.CyBle_ValueConfirmation
                0x00000978       0x10 .\CortexM0\ARM_GCC_493\Debug\145i2ccapsenseled-ble.a(ble_eventHandler.o)
 .text.CyBle_GattDisconnectEventHandler
                0x00000988       0x18 .\CortexM0\ARM_GCC_493\Debug\145i2ccapsenseled-ble.a(ble_eventHandler.o)
 .text.CyBle_TimeOutEventHandler
                0x000009a0       0x10 .\CortexM0\ARM_GCC_493\Debug\145i2ccapsenseled-ble.a(ble_eventHandler.o)
 .text.CyBle_GattConnectReqHandler
                0x000009b0        0x8 .\CortexM0\ARM_GCC_493\Debug\145i2ccapsenseled-ble.a(ble_eventHandler.o)
 .text.CyBle_IsDeviceAddressValid
                0x000009b8       0x60 .\CortexM0\ARM_GCC_493\Debug\145i2ccapsenseled-ble.a(ble_eventHandler.o)
 .text.CyBle_L2Cap_ConnParamUpdateRspEventHandler
                0x00000a18       0x14 .\CortexM0\ARM_GCC_493\Debug\145i2ccapsenseled-ble.a(ble_eventHandler.o)
 .text.CyBle_GapConnUpdateCompleteEventHandler
                0x00000a2c       0x10 .\CortexM0\ARM_GCC_493\Debug\145i2ccapsenseled-ble.a(ble_eventHandler.o)
 .text.CyBle_EventHandler
                0x00000a3c      0x368 .\CortexM0\ARM_GCC_493\Debug\145i2ccapsenseled-ble.a(ble_eventHandler.o)
                0x00000a3c                CyBle_EventHandler
 .text.CyBle_CustomInit
                0x00000da4        0x8 .\CortexM0\ARM_GCC_493\Debug\145i2ccapsenseled-ble.a(ble_custom.o)
                0x00000da4                CyBle_CustomInit
 *fill*         0x00000dac        0x4 
 .text          0x00000db0       0x20 .\CortexM0\ARM_GCC_493\Debug\145i2ccapsenseled-ble.a(CyBootAsmGnu.o)
                0x00000db0                CyDelayCycles
                0x00000dc2                CyEnterCriticalSection
                0x00000dca                CyExitCriticalSection
 .text.CySysClkWriteImoFreq
                0x00000dd0       0x98 .\CortexM0\ARM_GCC_493\Debug\145i2ccapsenseled-ble.a(CyLib.o)
                0x00000dd0                CySysClkWriteImoFreq
 .text.CySysClkEcoStart
                0x00000e68       0x74 .\CortexM0\ARM_GCC_493\Debug\145i2ccapsenseled-ble.a(CyLib.o)
                0x00000e68                CySysClkEcoStart
 .text.CySysClkEcoReadStatus
                0x00000edc       0x20 .\CortexM0\ARM_GCC_493\Debug\145i2ccapsenseled-ble.a(CyLib.o)
                0x00000edc                CySysClkEcoReadStatus
 .text.CyIntSetVector
                0x00000efc       0x4c .\CortexM0\ARM_GCC_493\Debug\145i2ccapsenseled-ble.a(CyLib.o)
                0x00000efc                CyIntSetVector
 .text.CyIntSetPriority
                0x00000f48       0xa8 .\CortexM0\ARM_GCC_493\Debug\145i2ccapsenseled-ble.a(CyLib.o)
                0x00000f48                CyIntSetPriority
 .text.CyIntEnable
                0x00000ff0       0x28 .\CortexM0\ARM_GCC_493\Debug\145i2ccapsenseled-ble.a(CyLib.o)
                0x00000ff0                CyIntEnable
 .text.CyIntDisable
                0x00001018       0x28 .\CortexM0\ARM_GCC_493\Debug\145i2ccapsenseled-ble.a(CyLib.o)
                0x00001018                CyIntDisable
 .text.CyHalt   0x00001040       0x14 .\CortexM0\ARM_GCC_493\Debug\145i2ccapsenseled-ble.a(CyLib.o)
                0x00001040                CyHalt
 .text.CyDelayUs
                0x00001054       0x28 .\CortexM0\ARM_GCC_493\Debug\145i2ccapsenseled-ble.a(CyLib.o)
                0x00001054                CyDelayUs
 .text.CySysClkWcoSetHighPowerMode
                0x0000107c       0x48 .\CortexM0\ARM_GCC_493\Debug\145i2ccapsenseled-ble.a(CyLFClk.o)
 .text.CySysClkWcoSetLowPowerMode
                0x000010c4       0x48 .\CortexM0\ARM_GCC_493\Debug\145i2ccapsenseled-ble.a(CyLFClk.o)
 .text.CySysClkWcoStart
                0x0000110c       0x20 .\CortexM0\ARM_GCC_493\Debug\145i2ccapsenseled-ble.a(CyLFClk.o)
                0x0000110c                CySysClkWcoStart
 .text.CySysClkWcoSetPowerMode
                0x0000112c       0x40 .\CortexM0\ARM_GCC_493\Debug\145i2ccapsenseled-ble.a(CyLFClk.o)
                0x0000112c                CySysClkWcoSetPowerMode
 .text.CySysWdtLock
                0x0000116c       0x34 .\CortexM0\ARM_GCC_493\Debug\145i2ccapsenseled-ble.a(CyLFClk.o)
                0x0000116c                CySysWdtLock
 .text.CySysWdtLocked
                0x000011a0       0x20 .\CortexM0\ARM_GCC_493\Debug\145i2ccapsenseled-ble.a(CyLFClk.o)
 .text.CySysWdtUnlock
                0x000011c0       0x4c .\CortexM0\ARM_GCC_493\Debug\145i2ccapsenseled-ble.a(CyLFClk.o)
                0x000011c0                CySysWdtUnlock
 .text.CySysWdtClearInterrupt
                0x0000120c       0x70 .\CortexM0\ARM_GCC_493\Debug\145i2ccapsenseled-ble.a(CyLFClk.o)
                0x0000120c                CySysWdtClearInterrupt
 .text.CySysWdtIsr
                0x0000127c       0xe8 .\CortexM0\ARM_GCC_493\Debug\145i2ccapsenseled-ble.a(CyLFClk.o)
                0x0000127c                CySysWdtIsr
 .text.EZI2C_Init
                0x00001364        0xc .\CortexM0\ARM_GCC_493\Debug\145i2ccapsenseled-ble.a(EZI2C.o)
                0x00001364                EZI2C_Init
 .text.EZI2C_Enable
                0x00001370       0x24 .\CortexM0\ARM_GCC_493\Debug\145i2ccapsenseled-ble.a(EZI2C.o)
                0x00001370                EZI2C_Enable
 .text.EZI2C_Start
                0x00001394       0x24 .\CortexM0\ARM_GCC_493\Debug\145i2ccapsenseled-ble.a(EZI2C.o)
                0x00001394                EZI2C_Start
 .text.EZI2C_ScbEnableIntr
                0x000013b8       0x10 .\CortexM0\ARM_GCC_493\Debug\145i2ccapsenseled-ble.a(EZI2C.o)
 .text.EZI2C_ScbModePostEnable
                0x000013c8        0x8 .\CortexM0\ARM_GCC_493\Debug\145i2ccapsenseled-ble.a(EZI2C.o)
 .text.EZI2C_EzI2CInit
                0x000013d0       0xdc .\CortexM0\ARM_GCC_493\Debug\145i2ccapsenseled-ble.a(EZI2C_EZI2C.o)
                0x000013d0                EZI2C_EzI2CInit
 .text.EZI2C_EzI2CSetBuffer1
                0x000014ac       0x48 .\CortexM0\ARM_GCC_493\Debug\145i2ccapsenseled-ble.a(EZI2C_EZI2C.o)
                0x000014ac                EZI2C_EzI2CSetBuffer1
 .text.EZI2C_EZI2C_STRETCH_ISR
                0x000014f4      0x444 .\CortexM0\ARM_GCC_493\Debug\145i2ccapsenseled-ble.a(EZI2C_EZI2C_INT.o)
                0x000014f4                EZI2C_EZI2C_STRETCH_ISR
 .text.tx_Write
                0x00001938       0x4c .\CortexM0\ARM_GCC_493\Debug\145i2ccapsenseled-ble.a(tx.o)
                0x00001938                tx_Write
 .text.tx_Read  0x00001984       0x1c .\CortexM0\ARM_GCC_493\Debug\145i2ccapsenseled-ble.a(tx.o)
                0x00001984                tx_Read
 .text.CyBLE_Bless_LlRegWrite
                0x000019a0       0x1c .\CortexM0\ARM_GCC_493\Debug\145i2ccapsenseled-ble.a(ble_HAL_PVT.o)
                0x000019a0                CyBLE_Bless_LlRegWrite
 .text.CyBLE_Bless_RfRegWrite
                0x000019bc       0x1c .\CortexM0\ARM_GCC_493\Debug\145i2ccapsenseled-ble.a(ble_HAL_PVT.o)
                0x000019bc                CyBLE_Bless_RfRegWrite
 .text.CyBLE_BlessDeviceConfig
                0x000019d8      0x110 .\CortexM0\ARM_GCC_493\Debug\145i2ccapsenseled-ble.a(ble_HAL_PVT.o)
                0x000019d8                CyBLE_BlessDeviceConfig
 .text.CyBleHal_DelayUs
                0x00001ae8       0x1c .\CortexM0\ARM_GCC_493\Debug\145i2ccapsenseled-ble.a(ble_HAL_PVT.o)
                0x00001ae8                CyBleHal_DelayUs
 .text.CyBleHal_EnableGlobalInterrupts
                0x00001b04        0xc .\CortexM0\ARM_GCC_493\Debug\145i2ccapsenseled-ble.a(ble_HAL_PVT.o)
                0x00001b04                CyBleHal_EnableGlobalInterrupts
 .text.CyBleHal_DisableGlobalInterrupts
                0x00001b10        0xc .\CortexM0\ARM_GCC_493\Debug\145i2ccapsenseled-ble.a(ble_HAL_PVT.o)
                0x00001b10                CyBleHal_DisableGlobalInterrupts
 .text.CyBle_HalInit
                0x00001b1c       0x20 .\CortexM0\ARM_GCC_493\Debug\145i2ccapsenseled-ble.a(ble_HAL_PVT.o)
                0x00001b1c                CyBle_HalInit
 .text.CYBLE_BlessStart
                0x00001b3c       0x14 .\CortexM0\ARM_GCC_493\Debug\145i2ccapsenseled-ble.a(ble_HAL_PVT.o)
                0x00001b3c                CYBLE_BlessStart
 .text.ble_bless_isr_StartEx
                0x00001b50       0x24 .\CortexM0\ARM_GCC_493\Debug\145i2ccapsenseled-ble.a(ble_bless_isr.o)
                0x00001b50                ble_bless_isr_StartEx
 .text.ble_bless_isr_SetVector
                0x00001b74       0x18 .\CortexM0\ARM_GCC_493\Debug\145i2ccapsenseled-ble.a(ble_bless_isr.o)
                0x00001b74                ble_bless_isr_SetVector
 .text.ble_bless_isr_SetPriority
                0x00001b8c       0x4c .\CortexM0\ARM_GCC_493\Debug\145i2ccapsenseled-ble.a(ble_bless_isr.o)
                0x00001b8c                ble_bless_isr_SetPriority
 .text.ble_bless_isr_Enable
                0x00001bd8       0x14 .\CortexM0\ARM_GCC_493\Debug\145i2ccapsenseled-ble.a(ble_bless_isr.o)
                0x00001bd8                ble_bless_isr_Enable
 .text.ble_bless_isr_Disable
                0x00001bec       0x14 .\CortexM0\ARM_GCC_493\Debug\145i2ccapsenseled-ble.a(ble_bless_isr.o)
                0x00001bec                ble_bless_isr_Disable
 .text.CySysPmSleep
                0x00001c00       0x34 .\CortexM0\ARM_GCC_493\Debug\145i2ccapsenseled-ble.a(cyPm.o)
                0x00001c00                CySysPmSleep
 .text.CyBLE_Bless_Interrupt
                0x00001c34        0xc .\CortexM0\ARM_GCC_493\Debug\145i2ccapsenseled-ble.a(ble_HAL_INT.o)
                0x00001c34                CyBLE_Bless_Interrupt
 .text          0x00001c40      0x120 c:/program files (x86)/cypress/psoc creator/3.3/psoc creator/import/gnu/arm/4.9.3/bin/../lib/gcc/arm-none-eabi/4.9.3/armv6-m\libgcc.a(_udivsi3.o)
                0x00001c40                __aeabi_uidiv
                0x00001c40                __udivsi3
                0x00001d4c                __aeabi_uidivmod
 .text          0x00001d60      0x1e0 c:/program files (x86)/cypress/psoc creator/3.3/psoc creator/import/gnu/arm/4.9.3/bin/../lib/gcc/arm-none-eabi/4.9.3/armv6-m\libgcc.a(_divsi3.o)
                0x00001d60                __divsi3
                0x00001d60                __aeabi_idiv
                0x00001f2c                __aeabi_idivmod
 .text          0x00001f40        0x4 c:/program files (x86)/cypress/psoc creator/3.3/psoc creator/import/gnu/arm/4.9.3/bin/../lib/gcc/arm-none-eabi/4.9.3/armv6-m\libgcc.a(_dvmd_tls.o)
                0x00001f40                __aeabi_idiv0
                0x00001f40                __aeabi_ldiv0
 .text.__libc_init_array
                0x00001f44       0x4c c:/program files (x86)/cypress/psoc creator/3.3/psoc creator/import/gnu/arm/4.9.3/bin/../lib/gcc/arm-none-eabi/4.9.3/../../../../arm-none-eabi/lib/armv6-m\libg_nano.a(lib_a-init.o)
                0x00001f44                __libc_init_array
 .text.memcmp   0x00001f90       0x1e c:/program files (x86)/cypress/psoc creator/3.3/psoc creator/import/gnu/arm/4.9.3/bin/../lib/gcc/arm-none-eabi/4.9.3/../../../../arm-none-eabi/lib/armv6-m\libg_nano.a(lib_a-memcmp.o)
                0x00001f90                memcmp
 .text.memcpy   0x00001fae       0x12 c:/program files (x86)/cypress/psoc creator/3.3/psoc creator/import/gnu/arm/4.9.3/bin/../lib/gcc/arm-none-eabi/4.9.3/../../../../arm-none-eabi/lib/armv6-m\libg_nano.a(lib_a-memcpy.o)
                0x00001fae                memcpy
 .text.memset   0x00001fc0       0x10 c:/program files (x86)/cypress/psoc creator/3.3/psoc creator/import/gnu/arm/4.9.3/bin/../lib/gcc/arm-none-eabi/4.9.3/../../../../arm-none-eabi/lib/armv6-m\libg_nano.a(lib_a-memset.o)
                0x00001fc0                memset
 *(.plt)
 *(.gnu.warning)
 *(.glue_7t)
 .glue_7t       0x00000000        0x0 linker stubs
 *(.glue_7)
 .glue_7        0x00000000        0x0 linker stubs
 *(.vfp11_veneer)
 .vfp11_veneer  0x00000000        0x0 linker stubs
 *(.bootloader)
 *(.ARM.extab* .gnu.linkonce.armextab.*)
 *(.gcc_except_table)

.v4_bx          0x00001fd0        0x0
 .v4_bx         0x00000000        0x0 linker stubs

.iplt           0x00001fd0        0x0
 .iplt          0x00000000        0x0 c:/program files (x86)/cypress/psoc creator/3.3/psoc creator/import/gnu/arm/4.9.3/bin/../lib/gcc/arm-none-eabi/4.9.3/armv6-m/crtbegin.o

i.CyBle_EnterLPM
                0x00001fd0        0x8
 i.CyBle_EnterLPM
                0x00001fd0        0x8 C:\Program Files (x86)\Cypress\PSoC Creator\3.3\PSoC Creator\psoc\content\cycomponentlibrary\CyComponentLibrary.cylib\BLE_v2_30\Library\gccCyBLEStack_BLE_SOC_PERIPHERAL.a(CyBle.o)
                0x00001fd0                CyBle_EnterLPM

i.CyBle_ExitLPM
                0x00001fd8        0x8
 i.CyBle_ExitLPM
                0x00001fd8        0x8 C:\Program Files (x86)\Cypress\PSoC Creator\3.3\PSoC Creator\psoc\content\cycomponentlibrary\CyComponentLibrary.cylib\BLE_v2_30\Library\gccCyBLEStack_BLE_SOC_PERIPHERAL.a(CyBle.o)
                0x00001fd8                CyBle_ExitLPM

i.CyBle_ProcessEvents
                0x00001fe0        0x8
 i.CyBle_ProcessEvents
                0x00001fe0        0x8 C:\Program Files (x86)\Cypress\PSoC Creator\3.3\PSoC Creator\psoc\content\cycomponentlibrary\CyComponentLibrary.cylib\BLE_v2_30\Library\gccCyBLEStack_BLE_SOC_PERIPHERAL.a(CyBle.o)
                0x00001fe0                CyBle_ProcessEvents

i.CyBle_SetDeviceAddress
                0x00001fe8       0x24
 i.CyBle_SetDeviceAddress
                0x00001fe8       0x24 C:\Program Files (x86)\Cypress\PSoC Creator\3.3\PSoC Creator\psoc\content\cycomponentlibrary\CyComponentLibrary.cylib\BLE_v2_30\Library\gccCyBLEStack_BLE_SOC_PERIPHERAL.a(CyBle.o)
                0x00001fe8                CyBle_SetDeviceAddress

i.CyBle_StackInit
                0x0000200c       0xfc
 i.CyBle_StackInit
                0x0000200c       0xfc C:\Program Files (x86)\Cypress\PSoC Creator\3.3\PSoC Creator\psoc\content\cycomponentlibrary\CyComponentLibrary.cylib\BLE_v2_30\Library\gccCyBLEStack_BLE_SOC_PERIPHERAL.a(CyBle.o)
                0x0000200c                CyBle_StackInit

i.CyBle_StackValidateInputParams
                0x00002108       0xf4
 i.CyBle_StackValidateInputParams
                0x00002108       0xf4 C:\Program Files (x86)\Cypress\PSoC Creator\3.3\PSoC Creator\psoc\content\cycomponentlibrary\CyComponentLibrary.cylib\BLE_v2_30\Library\gccCyBLEStack_BLE_SOC_PERIPHERAL.a(CyBle.o)

i.__ARM_common_switch8
                0x000021fc       0x1a
 i.__ARM_common_switch8
                0x000021fc       0x1a C:\Program Files (x86)\Cypress\PSoC Creator\3.3\PSoC Creator\psoc\content\cycomponentlibrary\CyComponentLibrary.cylib\BLE_v2_30\Library\gccCyBLEStack_BLE_SOC_PERIPHERAL.a(CyBle.o)
                0x000021fc                __ARM_common_switch8

i.CyBleStackMgr_Init
                0x00002218       0x9c
 i.CyBleStackMgr_Init
                0x00002218       0x9c C:\Program Files (x86)\Cypress\PSoC Creator\3.3\PSoC Creator\psoc\content\cycomponentlibrary\CyComponentLibrary.cylib\BLE_v2_30\Library\gccCyBLEStack_BLE_SOC_PERIPHERAL.a(CyBleStackMgrIP_Interface.o)
                0x00002218                CyBleStackMgr_Init

i.CyBleStackMgr_ProcessBleEvents
                0x000022b4       0x14
 i.CyBleStackMgr_ProcessBleEvents
                0x000022b4       0x14 C:\Program Files (x86)\Cypress\PSoC Creator\3.3\PSoC Creator\psoc\content\cycomponentlibrary\CyComponentLibrary.cylib\BLE_v2_30\Library\gccCyBLEStack_BLE_SOC_PERIPHERAL.a(CyBleStackMgrIP_Interface.o)
                0x000022b4                CyBleStackMgr_ProcessBleEvents

i.CyBle_GetHeapMemory
                0x000022c8       0x28
 i.CyBle_GetHeapMemory
                0x000022c8       0x28 C:\Program Files (x86)\Cypress\PSoC Creator\3.3\PSoC Creator\psoc\content\cycomponentlibrary\CyComponentLibrary.cylib\BLE_v2_30\Library\gccCyBLEStack_BLE_SOC_PERIPHERAL.a(CyBleStackMgrIP_Interface.o)
                0x000022c8                CyBle_GetHeapMemory

i.CyBle_GetNumAppBufferPools
                0x000022f0        0xc
 i.CyBle_GetNumAppBufferPools
                0x000022f0        0xc C:\Program Files (x86)\Cypress\PSoC Creator\3.3\PSoC Creator\psoc\content\cycomponentlibrary\CyComponentLibrary.cylib\BLE_v2_30\Library\gccCyBLEStack_BLE_SOC_PERIPHERAL.a(CyBleStackMgrIP_Interface.o)
                0x000022f0                CyBle_GetNumAppBufferPools

i.CyBle_HostStackBufferPoolInit
                0x000022fc       0xec
 i.CyBle_HostStackBufferPoolInit
                0x000022fc       0xec C:\Program Files (x86)\Cypress\PSoC Creator\3.3\PSoC Creator\psoc\content\cycomponentlibrary\CyComponentLibrary.cylib\BLE_v2_30\Library\gccCyBLEStack_BLE_SOC_PERIPHERAL.a(CyBleStackMgrIP_Interface.o)

i.ble_stack_idle_task_callback
                0x000023e8        0x2
 i.ble_stack_idle_task_callback
                0x000023e8        0x2 C:\Program Files (x86)\Cypress\PSoC Creator\3.3\PSoC Creator\psoc\content\cycomponentlibrary\CyComponentLibrary.cylib\BLE_v2_30\Library\gccCyBLEStack_BLE_SOC_PERIPHERAL.a(CyBleStackMgrIP_Interface.o)
                0x000023e8                ble_stack_idle_task_callback

i.BT_OSFreeBuf  0x000023ec       0x20
 i.BT_OSFreeBuf
                0x000023ec       0x20 C:\Program Files (x86)\Cypress\PSoC Creator\3.3\PSoC Creator\psoc\content\cycomponentlibrary\CyComponentLibrary.cylib\BLE_v2_30\Library\gccCyBLEStack_BLE_SOC_PERIPHERAL.a(BT_os.o)
                0x000023ec                BT_OSFreeBuf

i.BT_OSGetBuF   0x0000240c       0x34
 i.BT_OSGetBuF  0x0000240c       0x34 C:\Program Files (x86)\Cypress\PSoC Creator\3.3\PSoC Creator\psoc\content\cycomponentlibrary\CyComponentLibrary.cylib\BLE_v2_30\Library\gccCyBLEStack_BLE_SOC_PERIPHERAL.a(BT_os.o)
                0x0000240c                BT_OSGetBuF

i.BT_OSMemCreate
                0x00002440       0x3c
 i.BT_OSMemCreate
                0x00002440       0x3c C:\Program Files (x86)\Cypress\PSoC Creator\3.3\PSoC Creator\psoc\content\cycomponentlibrary\CyComponentLibrary.cylib\BLE_v2_30\Library\gccCyBLEStack_BLE_SOC_PERIPHERAL.a(BT_os.o)
                0x00002440                BT_OSMemCreate

i.BT_alloc_mem_ext
                0x0000247c       0x3c
 i.BT_alloc_mem_ext
                0x0000247c       0x3c C:\Program Files (x86)\Cypress\PSoC Creator\3.3\PSoC Creator\psoc\content\cycomponentlibrary\CyComponentLibrary.cylib\BLE_v2_30\Library\gccCyBLEStack_BLE_SOC_PERIPHERAL.a(BT_os.o)
                0x0000247c                BT_alloc_mem_ext

i.BT_free_mem   0x000024b8        0xc
 i.BT_free_mem  0x000024b8        0xc C:\Program Files (x86)\Cypress\PSoC Creator\3.3\PSoC Creator\psoc\content\cycomponentlibrary\CyComponentLibrary.cylib\BLE_v2_30\Library\gccCyBLEStack_BLE_SOC_PERIPHERAL.a(BT_os.o)
                0x000024b8                BT_free_mem

i.bt_stack_create_buffer_pool
                0x000024c4       0x30
 i.bt_stack_create_buffer_pool
                0x000024c4       0x30 C:\Program Files (x86)\Cypress\PSoC Creator\3.3\PSoC Creator\psoc\content\cycomponentlibrary\CyComponentLibrary.cylib\BLE_v2_30\Library\gccCyBLEStack_BLE_SOC_PERIPHERAL.a(BT_os.o)
                0x000024c4                bt_stack_create_buffer_pool

i.CyBle_CheckBleStackTaskStatus
                0x000024f4        0x4
 i.CyBle_CheckBleStackTaskStatus
                0x000024f4        0x4 C:\Program Files (x86)\Cypress\PSoC Creator\3.3\PSoC Creator\psoc\content\cycomponentlibrary\CyComponentLibrary.cylib\BLE_v2_30\Library\gccCyBLEStack_BLE_SOC_PERIPHERAL.a(CyBleStackMgr_StackTaskHandler.o)
                0x000024f4                CyBle_CheckBleStackTaskStatus

i.CyBle_CreateBleStackTask
                0x000024f8       0x2c
 i.CyBle_CreateBleStackTask
                0x000024f8       0x2c C:\Program Files (x86)\Cypress\PSoC Creator\3.3\PSoC Creator\psoc\content\cycomponentlibrary\CyComponentLibrary.cylib\BLE_v2_30\Library\gccCyBLEStack_BLE_SOC_PERIPHERAL.a(CyBleStackMgr_StackTaskHandler.o)
                0x000024f8                CyBle_CreateBleStackTask

i.CyBle_SignalBleStackTask
                0x00002524       0x50
 i.CyBle_SignalBleStackTask
                0x00002524       0x50 C:\Program Files (x86)\Cypress\PSoC Creator\3.3\PSoC Creator\psoc\content\cycomponentlibrary\CyComponentLibrary.cylib\BLE_v2_30\Library\gccCyBLEStack_BLE_SOC_PERIPHERAL.a(CyBleStackMgr_StackTaskHandler.o)
                0x00002524                CyBle_SignalBleStackTask

i.CyBle_StackTaskHandler
                0x00002574       0x5c
 i.CyBle_StackTaskHandler
                0x00002574       0x5c C:\Program Files (x86)\Cypress\PSoC Creator\3.3\PSoC Creator\psoc\content\cycomponentlibrary\CyComponentLibrary.cylib\BLE_v2_30\Library\gccCyBLEStack_BLE_SOC_PERIPHERAL.a(CyBleStackMgr_StackTaskHandler.o)
                0x00002574                CyBle_StackTaskHandler

i.hci_soft_transport_notify_data_received
                0x000025d0        0xc
 i.hci_soft_transport_notify_data_received
                0x000025d0        0xc C:\Program Files (x86)\Cypress\PSoC Creator\3.3\PSoC Creator\psoc\content\cycomponentlibrary\CyComponentLibrary.cylib\BLE_v2_30\Library\gccCyBLEStack_BLE_SOC_PERIPHERAL.a(transport_sf.o)
                0x000025d0                hci_soft_transport_notify_data_received

i.hci_soft_transport_rx_data
                0x000025dc       0x40
 i.hci_soft_transport_rx_data
                0x000025dc       0x40 C:\Program Files (x86)\Cypress\PSoC Creator\3.3\PSoC Creator\psoc\content\cycomponentlibrary\CyComponentLibrary.cylib\BLE_v2_30\Library\gccCyBLEStack_BLE_SOC_PERIPHERAL.a(transport_sf.o)
                0x000025dc                hci_soft_transport_rx_data

i.hci_transport_bt_init
                0x0000261c        0x2
 i.hci_transport_bt_init
                0x0000261c        0x2 C:\Program Files (x86)\Cypress\PSoC Creator\3.3\PSoC Creator\psoc\content\cycomponentlibrary\CyComponentLibrary.cylib\BLE_v2_30\Library\gccCyBLEStack_BLE_SOC_PERIPHERAL.a(transport_sf.o)
                0x0000261c                hci_transport_bt_init

i.hci_transport_init
                0x00002620       0x10
 i.hci_transport_init
                0x00002620       0x10 C:\Program Files (x86)\Cypress\PSoC Creator\3.3\PSoC Creator\psoc\content\cycomponentlibrary\CyComponentLibrary.cylib\BLE_v2_30\Library\gccCyBLEStack_BLE_SOC_PERIPHERAL.a(transport_sf.o)
                0x00002620                hci_transport_init

i.hci_transport_write_data
                0x00002630       0xd4
 i.hci_transport_write_data
                0x00002630       0xd4 C:\Program Files (x86)\Cypress\PSoC Creator\3.3\PSoC Creator\psoc\content\cycomponentlibrary\CyComponentLibrary.cylib\BLE_v2_30\Library\gccCyBLEStack_BLE_SOC_PERIPHERAL.a(transport_sf.o)
                0x00002630                hci_transport_write_data

i.pf_hci_soft_transport_write
                0x00002704       0x44
 i.pf_hci_soft_transport_write
                0x00002704       0x44 C:\Program Files (x86)\Cypress\PSoC Creator\3.3\PSoC Creator\psoc\content\cycomponentlibrary\CyComponentLibrary.cylib\BLE_v2_30\Library\gccCyBLEStack_BLE_SOC_PERIPHERAL.a(transport_sf.o)
                0x00002704                pf_hci_soft_transport_write

i.pf_soft_hci_transport_init
                0x00002748        0xc
 i.pf_soft_hci_transport_init
                0x00002748        0xc C:\Program Files (x86)\Cypress\PSoC Creator\3.3\PSoC Creator\psoc\content\cycomponentlibrary\CyComponentLibrary.cylib\BLE_v2_30\Library\gccCyBLEStack_BLE_SOC_PERIPHERAL.a(transport_sf.o)
                0x00002748                pf_soft_hci_transport_init

i.CyBleStackMgr_GetTime
                0x00002754       0x14
 i.CyBleStackMgr_GetTime
                0x00002754       0x14 C:\Program Files (x86)\Cypress\PSoC Creator\3.3\PSoC Creator\psoc\content\cycomponentlibrary\CyComponentLibrary.cylib\BLE_v2_30\Library\gccCyBLEStack_BLE_SOC_PERIPHERAL.a(CyBleStackMgr_PSoCHal.o)
                0x00002754                CyBleStackMgr_GetTime

i.CyBleStackMgr_HalInit
                0x00002768       0x24
 i.CyBleStackMgr_HalInit
                0x00002768       0x24 C:\Program Files (x86)\Cypress\PSoC Creator\3.3\PSoC Creator\psoc\content\cycomponentlibrary\CyComponentLibrary.cylib\BLE_v2_30\Library\gccCyBLEStack_BLE_SOC_PERIPHERAL.a(CyBleStackMgr_PSoCHal.o)
                0x00002768                CyBleStackMgr_HalInit

i.CyBleStackMgr_HalIntrEnable
                0x0000278c        0x8
 i.CyBleStackMgr_HalIntrEnable
                0x0000278c        0x8 C:\Program Files (x86)\Cypress\PSoC Creator\3.3\PSoC Creator\psoc\content\cycomponentlibrary\CyComponentLibrary.cylib\BLE_v2_30\Library\gccCyBLEStack_BLE_SOC_PERIPHERAL.a(CyBleStackMgr_PSoCHal.o)
                0x0000278c                CyBleStackMgr_HalIntrEnable

i.CyBleStackMgr_HandleLinkLayerTick
                0x00002794       0x5c
 i.CyBleStackMgr_HandleLinkLayerTick
                0x00002794       0x5c C:\Program Files (x86)\Cypress\PSoC Creator\3.3\PSoC Creator\psoc\content\cycomponentlibrary\CyComponentLibrary.cylib\BLE_v2_30\Library\gccCyBLEStack_BLE_SOC_PERIPHERAL.a(CyBleStackMgr_PSoCHal.o)
                0x00002794                CyBleStackMgr_HandleLinkLayerTick

i.CyBleStackMgr_HciPortInit
                0x000027f0        0xc
 i.CyBleStackMgr_HciPortInit
                0x000027f0        0xc C:\Program Files (x86)\Cypress\PSoC Creator\3.3\PSoC Creator\psoc\content\cycomponentlibrary\CyComponentLibrary.cylib\BLE_v2_30\Library\gccCyBLEStack_BLE_SOC_PERIPHERAL.a(CyBleStackMgr_PSoCHal.o)
                0x000027f0                CyBleStackMgr_HciPortInit

i.CyBleStackMgr_HciPortReset
                0x000027fc        0x2
 i.CyBleStackMgr_HciPortReset
                0x000027fc        0x2 C:\Program Files (x86)\Cypress\PSoC Creator\3.3\PSoC Creator\psoc\content\cycomponentlibrary\CyComponentLibrary.cylib\BLE_v2_30\Library\gccCyBLEStack_BLE_SOC_PERIPHERAL.a(CyBleStackMgr_PSoCHal.o)
                0x000027fc                CyBleStackMgr_HciPortReset

i.CyBleStackMgr_HciPortWrite
                0x000027fe        0x8
 i.CyBleStackMgr_HciPortWrite
                0x000027fe        0x8 C:\Program Files (x86)\Cypress\PSoC Creator\3.3\PSoC Creator\psoc\content\cycomponentlibrary\CyComponentLibrary.cylib\BLE_v2_30\Library\gccCyBLEStack_BLE_SOC_PERIPHERAL.a(CyBleStackMgr_PSoCHal.o)
                0x000027fe                CyBleStackMgr_HciPortWrite

i.CyBleStackMgr_ResetLinkLayerTimerEntity
                0x00002808       0x14
 i.CyBleStackMgr_ResetLinkLayerTimerEntity
                0x00002808       0x14 C:\Program Files (x86)\Cypress\PSoC Creator\3.3\PSoC Creator\psoc\content\cycomponentlibrary\CyComponentLibrary.cylib\BLE_v2_30\Library\gccCyBLEStack_BLE_SOC_PERIPHERAL.a(CyBleStackMgr_PSoCHal.o)
                0x00002808                CyBleStackMgr_ResetLinkLayerTimerEntity

i.CyBleStackMgr_TimerStart
                0x0000281c       0x2c
 i.CyBleStackMgr_TimerStart
                0x0000281c       0x2c C:\Program Files (x86)\Cypress\PSoC Creator\3.3\PSoC Creator\psoc\content\cycomponentlibrary\CyComponentLibrary.cylib\BLE_v2_30\Library\gccCyBLEStack_BLE_SOC_PERIPHERAL.a(CyBleStackMgr_PSoCHal.o)
                0x0000281c                CyBleStackMgr_TimerStart

i.CyBleStackMgr_TimerStop
                0x00002848       0x18
 i.CyBleStackMgr_TimerStop
                0x00002848       0x18 C:\Program Files (x86)\Cypress\PSoC Creator\3.3\PSoC Creator\psoc\content\cycomponentlibrary\CyComponentLibrary.cylib\BLE_v2_30\Library\gccCyBLEStack_BLE_SOC_PERIPHERAL.a(CyBleStackMgr_PSoCHal.o)
                0x00002848                CyBleStackMgr_TimerStop

i.CyBleStackMgr_isTimerRunning
                0x00002860       0x10
 i.CyBleStackMgr_isTimerRunning
                0x00002860       0x10 C:\Program Files (x86)\Cypress\PSoC Creator\3.3\PSoC Creator\psoc\content\cycomponentlibrary\CyComponentLibrary.cylib\BLE_v2_30\Library\gccCyBLEStack_BLE_SOC_PERIPHERAL.a(CyBleStackMgr_PSoCHal.o)
                0x00002860                CyBleStackMgr_isTimerRunning

i.CyBleAtlantisRadioInit
                0x00002870      0x110
 i.CyBleAtlantisRadioInit
                0x00002870      0x110 C:\Program Files (x86)\Cypress\PSoC Creator\3.3\PSoC Creator\psoc\content\cycomponentlibrary\CyComponentLibrary.cylib\BLE_v2_30\Library\gccCyBLEStack_BLE_SOC_PERIPHERAL.a(CyBleStackMgr_BleSSDriver.o)

i.CyBleStackMgr_BleSSFifoRead
                0x00002980       0x38
 i.CyBleStackMgr_BleSSFifoRead
                0x00002980       0x38 C:\Program Files (x86)\Cypress\PSoC Creator\3.3\PSoC Creator\psoc\content\cycomponentlibrary\CyComponentLibrary.cylib\BLE_v2_30\Library\gccCyBLEStack_BLE_SOC_PERIPHERAL.a(CyBleStackMgr_BleSSDriver.o)
                0x00002980                CyBleStackMgr_BleSSFifoRead

i.CyBleStackMgr_BleSSFifoWrite
                0x000029b8       0x30
 i.CyBleStackMgr_BleSSFifoWrite
                0x000029b8       0x30 C:\Program Files (x86)\Cypress\PSoC Creator\3.3\PSoC Creator\psoc\content\cycomponentlibrary\CyComponentLibrary.cylib\BLE_v2_30\Library\gccCyBLEStack_BLE_SOC_PERIPHERAL.a(CyBleStackMgr_BleSSDriver.o)
                0x000029b8                CyBleStackMgr_BleSSFifoWrite

i.CyBleStackMgr_BleSSInit
                0x000029e8       0x50
 i.CyBleStackMgr_BleSSInit
                0x000029e8       0x50 C:\Program Files (x86)\Cypress\PSoC Creator\3.3\PSoC Creator\psoc\content\cycomponentlibrary\CyComponentLibrary.cylib\BLE_v2_30\Library\gccCyBLEStack_BLE_SOC_PERIPHERAL.a(CyBleStackMgr_BleSSDriver.o)
                0x000029e8                CyBleStackMgr_BleSSInit

i.CyBleStackMgr_BleSSMemRead
                0x00002a38       0x26
 i.CyBleStackMgr_BleSSMemRead
                0x00002a38       0x26 C:\Program Files (x86)\Cypress\PSoC Creator\3.3\PSoC Creator\psoc\content\cycomponentlibrary\CyComponentLibrary.cylib\BLE_v2_30\Library\gccCyBLEStack_BLE_SOC_PERIPHERAL.a(CyBleStackMgr_BleSSDriver.o)
                0x00002a38                CyBleStackMgr_BleSSMemRead

i.CyBleStackMgr_BleSSMemWrite
                0x00002a60       0x34
 i.CyBleStackMgr_BleSSMemWrite
                0x00002a60       0x34 C:\Program Files (x86)\Cypress\PSoC Creator\3.3\PSoC Creator\psoc\content\cycomponentlibrary\CyComponentLibrary.cylib\BLE_v2_30\Library\gccCyBLEStack_BLE_SOC_PERIPHERAL.a(CyBleStackMgr_BleSSDriver.o)
                0x00002a60                CyBleStackMgr_BleSSMemWrite

i.CyBleStackMgr_BleSSRegRead
                0x00002a94        0xc
 i.CyBleStackMgr_BleSSRegRead
                0x00002a94        0xc C:\Program Files (x86)\Cypress\PSoC Creator\3.3\PSoC Creator\psoc\content\cycomponentlibrary\CyComponentLibrary.cylib\BLE_v2_30\Library\gccCyBLEStack_BLE_SOC_PERIPHERAL.a(CyBleStackMgr_BleSSDriver.o)
                0x00002a94                CyBleStackMgr_BleSSRegRead

i.CyBleStackMgr_BleSSRegWrite
                0x00002aa0        0xc
 i.CyBleStackMgr_BleSSRegWrite
                0x00002aa0        0xc C:\Program Files (x86)\Cypress\PSoC Creator\3.3\PSoC Creator\psoc\content\cycomponentlibrary\CyComponentLibrary.cylib\BLE_v2_30\Library\gccCyBLEStack_BLE_SOC_PERIPHERAL.a(CyBleStackMgr_BleSSDriver.o)
                0x00002aa0                CyBleStackMgr_BleSSRegWrite

i.CyBleStackMgr_BleSSReset
                0x00002aac       0x38
 i.CyBleStackMgr_BleSSReset
                0x00002aac       0x38 C:\Program Files (x86)\Cypress\PSoC Creator\3.3\PSoC Creator\psoc\content\cycomponentlibrary\CyComponentLibrary.cylib\BLE_v2_30\Library\gccCyBLEStack_BLE_SOC_PERIPHERAL.a(CyBleStackMgr_BleSSDriver.o)
                0x00002aac                CyBleStackMgr_BleSSReset

i.CyBleStackMgr_BleSSShutdown
                0x00002ae4       0x24
 i.CyBleStackMgr_BleSSShutdown
                0x00002ae4       0x24 C:\Program Files (x86)\Cypress\PSoC Creator\3.3\PSoC Creator\psoc\content\cycomponentlibrary\CyComponentLibrary.cylib\BLE_v2_30\Library\gccCyBLEStack_BLE_SOC_PERIPHERAL.a(CyBleStackMgr_BleSSDriver.o)
                0x00002ae4                CyBleStackMgr_BleSSShutdown

i.CyBleStackMgr_GenericIface
                0x00002b08       0x3c
 i.CyBleStackMgr_GenericIface
                0x00002b08       0x3c C:\Program Files (x86)\Cypress\PSoC Creator\3.3\PSoC Creator\psoc\content\cycomponentlibrary\CyComponentLibrary.cylib\BLE_v2_30\Library\gccCyBLEStack_BLE_SOC_PERIPHERAL.a(CyBleStackMgr_BleSSDriver.o)
                0x00002b08                CyBleStackMgr_GenericIface

i.CyBleStackMgr_HandleBleSSIntr
                0x00002b44       0x90
 i.CyBleStackMgr_HandleBleSSIntr
                0x00002b44       0x90 C:\Program Files (x86)\Cypress\PSoC Creator\3.3\PSoC Creator\psoc\content\cycomponentlibrary\CyComponentLibrary.cylib\BLE_v2_30\Library\gccCyBLEStack_BLE_SOC_PERIPHERAL.a(CyBleStackMgr_BleSSDriver.o)
                0x00002b44                CyBleStackMgr_HandleBleSSIntr

i.CyBleStackMgr_SetClockParam
                0x00002bd4       0xb4
 i.CyBleStackMgr_SetClockParam
                0x00002bd4       0xb4 C:\Program Files (x86)\Cypress\PSoC Creator\3.3\PSoC Creator\psoc\content\cycomponentlibrary\CyComponentLibrary.cylib\BLE_v2_30\Library\gccCyBLEStack_BLE_SOC_PERIPHERAL.a(CyBleStackMgr_BleSSDriver.o)

i.CyBleStackMgr_isXtalCpuClkSource
                0x00002c88       0x18
 i.CyBleStackMgr_isXtalCpuClkSource
                0x00002c88       0x18 C:\Program Files (x86)\Cypress\PSoC Creator\3.3\PSoC Creator\psoc\content\cycomponentlibrary\CyComponentLibrary.cylib\BLE_v2_30\Library\gccCyBLEStack_BLE_SOC_PERIPHERAL.a(CyBleStackMgr_BleSSDriver.o)
                0x00002c88                CyBleStackMgr_isXtalCpuClkSource

i.CyBle_EnterDsmMode
                0x00002ca0       0x3c
 i.CyBle_EnterDsmMode
                0x00002ca0       0x3c C:\Program Files (x86)\Cypress\PSoC Creator\3.3\PSoC Creator\psoc\content\cycomponentlibrary\CyComponentLibrary.cylib\BLE_v2_30\Library\gccCyBLEStack_BLE_SOC_PERIPHERAL.a(CyBleStackMgr_BleSSDriver.o)
                0x00002ca0                CyBle_EnterDsmMode

i.CyBle_ExitDsmMode
                0x00002cdc       0x2c
 i.CyBle_ExitDsmMode
                0x00002cdc       0x2c C:\Program Files (x86)\Cypress\PSoC Creator\3.3\PSoC Creator\psoc\content\cycomponentlibrary\CyComponentLibrary.cylib\BLE_v2_30\Library\gccCyBLEStack_BLE_SOC_PERIPHERAL.a(CyBleStackMgr_BleSSDriver.o)
                0x00002cdc                CyBle_ExitDsmMode

i.CyBle_GetBleSsOperationalMode
                0x00002d08        0xc
 i.CyBle_GetBleSsOperationalMode
                0x00002d08        0xc C:\Program Files (x86)\Cypress\PSoC Creator\3.3\PSoC Creator\psoc\content\cycomponentlibrary\CyComponentLibrary.cylib\BLE_v2_30\Library\gccCyBLEStack_BLE_SOC_PERIPHERAL.a(CyBleStackMgr_BleSSDriver.o)
                0x00002d08                CyBle_GetBleSsOperationalMode

i.CyBle_GetLpMode
                0x00002d14       0x26
 i.CyBle_GetLpMode
                0x00002d14       0x26 C:\Program Files (x86)\Cypress\PSoC Creator\3.3\PSoC Creator\psoc\content\cycomponentlibrary\CyComponentLibrary.cylib\BLE_v2_30\Library\gccCyBLEStack_BLE_SOC_PERIPHERAL.a(CyBleStackMgr_BleSSDriver.o)
                0x00002d14                CyBle_GetLpMode

i.CyBle_GetTxGainMode
                0x00002d3c       0x2c
 i.CyBle_GetTxGainMode
                0x00002d3c       0x2c C:\Program Files (x86)\Cypress\PSoC Creator\3.3\PSoC Creator\psoc\content\cycomponentlibrary\CyComponentLibrary.cylib\BLE_v2_30\Library\gccCyBLEStack_BLE_SOC_PERIPHERAL.a(CyBleStackMgr_BleSSDriver.o)
                0x00002d3c                CyBle_GetTxGainMode

i.CyBle_SetAutoWakeUp
                0x00002d68        0xc
 i.CyBle_SetAutoWakeUp
                0x00002d68        0xc C:\Program Files (x86)\Cypress\PSoC Creator\3.3\PSoC Creator\psoc\content\cycomponentlibrary\CyComponentLibrary.cylib\BLE_v2_30\Library\gccCyBLEStack_BLE_SOC_PERIPHERAL.a(CyBleStackMgr_BleSSDriver.o)
                0x00002d68                CyBle_SetAutoWakeUp

i.CyBle_SetBleSsOperationalMode
                0x00002d74       0x20
 i.CyBle_SetBleSsOperationalMode
                0x00002d74       0x20 C:\Program Files (x86)\Cypress\PSoC Creator\3.3\PSoC Creator\psoc\content\cycomponentlibrary\CyComponentLibrary.cylib\BLE_v2_30\Library\gccCyBLEStack_BLE_SOC_PERIPHERAL.a(CyBleStackMgr_BleSSDriver.o)
                0x00002d74                CyBle_SetBleSsOperationalMode

i.CyBle_SetEventCloseState
                0x00002d94        0xc
 i.CyBle_SetEventCloseState
                0x00002d94        0xc C:\Program Files (x86)\Cypress\PSoC Creator\3.3\PSoC Creator\psoc\content\cycomponentlibrary\CyComponentLibrary.cylib\BLE_v2_30\Library\gccCyBLEStack_BLE_SOC_PERIPHERAL.a(CyBleStackMgr_BleSSDriver.o)
                0x00002d94                CyBle_SetEventCloseState

i.CyBle_SetRxGainMode
                0x00002da0       0x20
 i.CyBle_SetRxGainMode
                0x00002da0       0x20 C:\Program Files (x86)\Cypress\PSoC Creator\3.3\PSoC Creator\psoc\content\cycomponentlibrary\CyComponentLibrary.cylib\BLE_v2_30\Library\gccCyBLEStack_BLE_SOC_PERIPHERAL.a(CyBleStackMgr_BleSSDriver.o)
                0x00002da0                CyBle_SetRxGainMode

i.CyBle_SetTxGainMode
                0x00002dc0       0x38
 i.CyBle_SetTxGainMode
                0x00002dc0       0x38 C:\Program Files (x86)\Cypress\PSoC Creator\3.3\PSoC Creator\psoc\content\cycomponentlibrary\CyComponentLibrary.cylib\BLE_v2_30\Library\gccCyBLEStack_BLE_SOC_PERIPHERAL.a(CyBleStackMgr_BleSSDriver.o)
                0x00002dc0                CyBle_SetTxGainMode

i.pf_rf_get_abs_rssi
                0x00002df8       0x24
 i.pf_rf_get_abs_rssi
                0x00002df8       0x24 C:\Program Files (x86)\Cypress\PSoC Creator\3.3\PSoC Creator\psoc\content\cycomponentlibrary\CyComponentLibrary.cylib\BLE_v2_30\Library\gccCyBLEStack_BLE_SOC_PERIPHERAL.a(CyBleStackMgr_BleSSDriver.o)
                0x00002df8                pf_rf_get_abs_rssi

i.BleStackFlashStorageInit
                0x00002e1c       0x74
 i.BleStackFlashStorageInit
                0x00002e1c       0x74 C:\Program Files (x86)\Cypress\PSoC Creator\3.3\PSoC Creator\psoc\content\cycomponentlibrary\CyComponentLibrary.cylib\BLE_v2_30\Library\gccCyBLEStack_BLE_SOC_PERIPHERAL.a(storage_pl.o)
                0x00002e1c                BleStackFlashStorageInit

i.BleStackWriteToFlashPending
                0x00002e90       0x24
 i.BleStackWriteToFlashPending
                0x00002e90       0x24 C:\Program Files (x86)\Cypress\PSoC Creator\3.3\PSoC Creator\psoc\content\cycomponentlibrary\CyComponentLibrary.cylib\BLE_v2_30\Library\gccCyBLEStack_BLE_SOC_PERIPHERAL.a(storage_pl.o)
                0x00002e90                BleStackWriteToFlashPending

i.BleStackWriteToFlashRam
                0x00002eb4       0x70
 i.BleStackWriteToFlashRam
                0x00002eb4       0x70 C:\Program Files (x86)\Cypress\PSoC Creator\3.3\PSoC Creator\psoc\content\cycomponentlibrary\CyComponentLibrary.cylib\BLE_v2_30\Library\gccCyBLEStack_BLE_SOC_PERIPHERAL.a(storage_pl.o)
                0x00002eb4                BleStackWriteToFlashRam

i.storage_bt_init_pl
                0x00002f24       0x28
 i.storage_bt_init_pl
                0x00002f24       0x28 C:\Program Files (x86)\Cypress\PSoC Creator\3.3\PSoC Creator\psoc\content\cycomponentlibrary\CyComponentLibrary.cylib\BLE_v2_30\Library\gccCyBLEStack_BLE_SOC_PERIPHERAL.a(storage_pl.o)
                0x00002f24                storage_bt_init_pl

i.storage_close_pl
                0x00002f4c        0x4
 i.storage_close_pl
                0x00002f4c        0x4 C:\Program Files (x86)\Cypress\PSoC Creator\3.3\PSoC Creator\psoc\content\cycomponentlibrary\CyComponentLibrary.cylib\BLE_v2_30\Library\gccCyBLEStack_BLE_SOC_PERIPHERAL.a(storage_pl.o)
                0x00002f4c                storage_close_pl

i.storage_open_pl
                0x00002f50       0x1c
 i.storage_open_pl
                0x00002f50       0x1c C:\Program Files (x86)\Cypress\PSoC Creator\3.3\PSoC Creator\psoc\content\cycomponentlibrary\CyComponentLibrary.cylib\BLE_v2_30\Library\gccCyBLEStack_BLE_SOC_PERIPHERAL.a(storage_pl.o)
                0x00002f50                storage_open_pl

i.storage_read_pl
                0x00002f6c       0x28
 i.storage_read_pl
                0x00002f6c       0x28 C:\Program Files (x86)\Cypress\PSoC Creator\3.3\PSoC Creator\psoc\content\cycomponentlibrary\CyComponentLibrary.cylib\BLE_v2_30\Library\gccCyBLEStack_BLE_SOC_PERIPHERAL.a(storage_pl.o)
                0x00002f6c                storage_read_pl

i.storage_read_signature_pl
                0x00002f94       0x2c
 i.storage_read_signature_pl
                0x00002f94       0x2c C:\Program Files (x86)\Cypress\PSoC Creator\3.3\PSoC Creator\psoc\content\cycomponentlibrary\CyComponentLibrary.cylib\BLE_v2_30\Library\gccCyBLEStack_BLE_SOC_PERIPHERAL.a(storage_pl.o)
                0x00002f94                storage_read_signature_pl

i.storage_register_flash_pointer
                0x00002fc0       0x20
 i.storage_register_flash_pointer
                0x00002fc0       0x20 C:\Program Files (x86)\Cypress\PSoC Creator\3.3\PSoC Creator\psoc\content\cycomponentlibrary\CyComponentLibrary.cylib\BLE_v2_30\Library\gccCyBLEStack_BLE_SOC_PERIPHERAL.a(storage_pl.o)
                0x00002fc0                storage_register_flash_pointer

i.storage_reset_storage_offset
                0x00002fe0       0x10
 i.storage_reset_storage_offset
                0x00002fe0       0x10 C:\Program Files (x86)\Cypress\PSoC Creator\3.3\PSoC Creator\psoc\content\cycomponentlibrary\CyComponentLibrary.cylib\BLE_v2_30\Library\gccCyBLEStack_BLE_SOC_PERIPHERAL.a(storage_pl.o)

i.storage_write_pl
                0x00002ff0       0x24
 i.storage_write_pl
                0x00002ff0       0x24 C:\Program Files (x86)\Cypress\PSoC Creator\3.3\PSoC Creator\psoc\content\cycomponentlibrary\CyComponentLibrary.cylib\BLE_v2_30\Library\gccCyBLEStack_BLE_SOC_PERIPHERAL.a(storage_pl.o)
                0x00002ff0                storage_write_pl

i.storage_write_signature_pl
                0x00003014       0x14
 i.storage_write_signature_pl
                0x00003014       0x14 C:\Program Files (x86)\Cypress\PSoC Creator\3.3\PSoC Creator\psoc\content\cycomponentlibrary\CyComponentLibrary.cylib\BLE_v2_30\Library\gccCyBLEStack_BLE_SOC_PERIPHERAL.a(storage_pl.o)
                0x00003014                storage_write_signature_pl

i.OS_init       0x00003028       0x64
 i.OS_init      0x00003028       0x64 C:\Program Files (x86)\Cypress\PSoC Creator\3.3\PSoC Creator\psoc\content\cycomponentlibrary\CyComponentLibrary.cylib\BLE_v2_30\Library\gccCyBLEStack_BLE_SOC_PERIPHERAL.a(mint_os.o)
                0x00003028                OS_init

i.mintos_malloc
                0x0000308c       0x34
 i.mintos_malloc
                0x0000308c       0x34 C:\Program Files (x86)\Cypress\PSoC Creator\3.3\PSoC Creator\psoc\content\cycomponentlibrary\CyComponentLibrary.cylib\BLE_v2_30\Library\gccCyBLEStack_BLE_SOC_PERIPHERAL.a(mint_os.o)
                0x0000308c                mintos_malloc

i.OS_create_queue
                0x000030c0       0x64
 i.OS_create_queue
                0x000030c0       0x64 C:\Program Files (x86)\Cypress\PSoC Creator\3.3\PSoC Creator\psoc\content\cycomponentlibrary\CyComponentLibrary.cylib\BLE_v2_30\Library\gccCyBLEStack_BLE_SOC_PERIPHERAL.a(mint_os_queue.o)
                0x000030c0                OS_create_queue

i.OS_enqueue_item
                0x00003124       0x8c
 i.OS_enqueue_item
                0x00003124       0x8c C:\Program Files (x86)\Cypress\PSoC Creator\3.3\PSoC Creator\psoc\content\cycomponentlibrary\CyComponentLibrary.cylib\BLE_v2_30\Library\gccCyBLEStack_BLE_SOC_PERIPHERAL.a(mint_os_queue.o)
                0x00003124                OS_enqueue_item

i.OS_queue_get_num_of_items
                0x000031b0       0x28
 i.OS_queue_get_num_of_items
                0x000031b0       0x28 C:\Program Files (x86)\Cypress\PSoC Creator\3.3\PSoC Creator\psoc\content\cycomponentlibrary\CyComponentLibrary.cylib\BLE_v2_30\Library\gccCyBLEStack_BLE_SOC_PERIPHERAL.a(mint_os_queue.o)
                0x000031b0                OS_queue_get_num_of_items

i.OS_queue_mgmt_init
                0x000031d8       0x40
 i.OS_queue_mgmt_init
                0x000031d8       0x40 C:\Program Files (x86)\Cypress\PSoC Creator\3.3\PSoC Creator\psoc\content\cycomponentlibrary\CyComponentLibrary.cylib\BLE_v2_30\Library\gccCyBLEStack_BLE_SOC_PERIPHERAL.a(mint_os_queue.o)
                0x000031d8                OS_queue_mgmt_init

i.OS_remove_item
                0x00003218       0xa0
 i.OS_remove_item
                0x00003218       0xa0 C:\Program Files (x86)\Cypress\PSoC Creator\3.3\PSoC Creator\psoc\content\cycomponentlibrary\CyComponentLibrary.cylib\BLE_v2_30\Library\gccCyBLEStack_BLE_SOC_PERIPHERAL.a(mint_os_queue.o)
                0x00003218                OS_remove_item

i.OS_create_task
                0x000032b8       0x88
 i.OS_create_task
                0x000032b8       0x88 C:\Program Files (x86)\Cypress\PSoC Creator\3.3\PSoC Creator\psoc\content\cycomponentlibrary\CyComponentLibrary.cylib\BLE_v2_30\Library\gccCyBLEStack_BLE_SOC_PERIPHERAL.a(mint_os_task.o)
                0x000032b8                OS_create_task

i.OS_isr_send_signal_to_task
                0x00003340        0xc
 i.OS_isr_send_signal_to_task
                0x00003340        0xc C:\Program Files (x86)\Cypress\PSoC Creator\3.3\PSoC Creator\psoc\content\cycomponentlibrary\CyComponentLibrary.cylib\BLE_v2_30\Library\gccCyBLEStack_BLE_SOC_PERIPHERAL.a(mint_os_task.o)
                0x00003340                OS_isr_send_signal_to_task

i.OS_scheduler  0x0000334c       0x64
 i.OS_scheduler
                0x0000334c       0x64 C:\Program Files (x86)\Cypress\PSoC Creator\3.3\PSoC Creator\psoc\content\cycomponentlibrary\CyComponentLibrary.cylib\BLE_v2_30\Library\gccCyBLEStack_BLE_SOC_PERIPHERAL.a(mint_os_task.o)
                0x0000334c                OS_scheduler

i.OS_send_signal_to_task
                0x000033b0        0xc
 i.OS_send_signal_to_task
                0x000033b0        0xc C:\Program Files (x86)\Cypress\PSoC Creator\3.3\PSoC Creator\psoc\content\cycomponentlibrary\CyComponentLibrary.cylib\BLE_v2_30\Library\gccCyBLEStack_BLE_SOC_PERIPHERAL.a(mint_os_task.o)
                0x000033b0                OS_send_signal_to_task

i.OS_send_signal_to_task_context
                0x000033bc       0x3c
 i.OS_send_signal_to_task_context
                0x000033bc       0x3c C:\Program Files (x86)\Cypress\PSoC Creator\3.3\PSoC Creator\psoc\content\cycomponentlibrary\CyComponentLibrary.cylib\BLE_v2_30\Library\gccCyBLEStack_BLE_SOC_PERIPHERAL.a(mint_os_task.o)

i.OS_task_mgmt_init
                0x000033f8       0x50
 i.OS_task_mgmt_init
                0x000033f8       0x50 C:\Program Files (x86)\Cypress\PSoC Creator\3.3\PSoC Creator\psoc\content\cycomponentlibrary\CyComponentLibrary.cylib\BLE_v2_30\Library\gccCyBLEStack_BLE_SOC_PERIPHERAL.a(mint_os_task.o)
                0x000033f8                OS_task_mgmt_init

i.mint_buf_mgmt_allocate_buffer
                0x00003448       0x4c
 i.mint_buf_mgmt_allocate_buffer
                0x00003448       0x4c C:\Program Files (x86)\Cypress\PSoC Creator\3.3\PSoC Creator\psoc\content\cycomponentlibrary\CyComponentLibrary.cylib\BLE_v2_30\Library\gccCyBLEStack_BLE_SOC_PERIPHERAL.a(mint_buf_mgmt.o)
                0x00003448                mint_buf_mgmt_allocate_buffer

i.mint_buf_mgmt_create_pool
                0x00003494       0xd0
 i.mint_buf_mgmt_create_pool
                0x00003494       0xd0 C:\Program Files (x86)\Cypress\PSoC Creator\3.3\PSoC Creator\psoc\content\cycomponentlibrary\CyComponentLibrary.cylib\BLE_v2_30\Library\gccCyBLEStack_BLE_SOC_PERIPHERAL.a(mint_buf_mgmt.o)
                0x00003494                mint_buf_mgmt_create_pool

i.mint_buf_mgmt_free_buffer
                0x00003564       0xa4
 i.mint_buf_mgmt_free_buffer
                0x00003564       0xa4 C:\Program Files (x86)\Cypress\PSoC Creator\3.3\PSoC Creator\psoc\content\cycomponentlibrary\CyComponentLibrary.cylib\BLE_v2_30\Library\gccCyBLEStack_BLE_SOC_PERIPHERAL.a(mint_buf_mgmt.o)
                0x00003564                mint_buf_mgmt_free_buffer

i.mint_buf_mgmt_init
                0x00003608       0x44
 i.mint_buf_mgmt_init
                0x00003608       0x44 C:\Program Files (x86)\Cypress\PSoC Creator\3.3\PSoC Creator\psoc\content\cycomponentlibrary\CyComponentLibrary.cylib\BLE_v2_30\Library\gccCyBLEStack_BLE_SOC_PERIPHERAL.a(mint_buf_mgmt.o)
                0x00003608                mint_buf_mgmt_init

i.mint_buf_mgmt_malloc
                0x0000364c       0x2c
 i.mint_buf_mgmt_malloc
                0x0000364c       0x2c C:\Program Files (x86)\Cypress\PSoC Creator\3.3\PSoC Creator\psoc\content\cycomponentlibrary\CyComponentLibrary.cylib\BLE_v2_30\Library\gccCyBLEStack_BLE_SOC_PERIPHERAL.a(mint_buf_mgmt.o)
                0x0000364c                mint_buf_mgmt_malloc

i.mint_buf_mgmt_pl_init
                0x00003678       0x48
 i.mint_buf_mgmt_pl_init
                0x00003678       0x48 C:\Program Files (x86)\Cypress\PSoC Creator\3.3\PSoC Creator\psoc\content\cycomponentlibrary\CyComponentLibrary.cylib\BLE_v2_30\Library\gccCyBLEStack_BLE_SOC_PERIPHERAL.a(mint_buf_mgmt.o)
                0x00003678                mint_buf_mgmt_pl_init

i.mint_buf_mgmt_reset_pool
                0x000036c0       0x70
 i.mint_buf_mgmt_reset_pool
                0x000036c0       0x70 C:\Program Files (x86)\Cypress\PSoC Creator\3.3\PSoC Creator\psoc\content\cycomponentlibrary\CyComponentLibrary.cylib\BLE_v2_30\Library\gccCyBLEStack_BLE_SOC_PERIPHERAL.a(mint_buf_mgmt.o)
                0x000036c0                mint_buf_mgmt_reset_pool

i.mint_buf_mgmt_stack_init
                0x00003730       0x24
 i.mint_buf_mgmt_stack_init
                0x00003730       0x24 C:\Program Files (x86)\Cypress\PSoC Creator\3.3\PSoC Creator\psoc\content\cycomponentlibrary\CyComponentLibrary.cylib\BLE_v2_30\Library\gccCyBLEStack_BLE_SOC_PERIPHERAL.a(mint_buf_mgmt.o)
                0x00003730                mint_buf_mgmt_stack_init

i.mint_buf_mgmt_stack_pop
                0x00003754       0x36
 i.mint_buf_mgmt_stack_pop
                0x00003754       0x36 C:\Program Files (x86)\Cypress\PSoC Creator\3.3\PSoC Creator\psoc\content\cycomponentlibrary\CyComponentLibrary.cylib\BLE_v2_30\Library\gccCyBLEStack_BLE_SOC_PERIPHERAL.a(mint_buf_mgmt.o)
                0x00003754                mint_buf_mgmt_stack_pop

i.mint_buf_mgmt_stack_push
                0x0000378a       0x36
 i.mint_buf_mgmt_stack_push
                0x0000378a       0x36 C:\Program Files (x86)\Cypress\PSoC Creator\3.3\PSoC Creator\psoc\content\cycomponentlibrary\CyComponentLibrary.cylib\BLE_v2_30\Library\gccCyBLEStack_BLE_SOC_PERIPHERAL.a(mint_buf_mgmt.o)
                0x0000378a                mint_buf_mgmt_stack_push

i.mint_buf_mgmt_stack_reset
                0x000037c0       0x1e
 i.mint_buf_mgmt_stack_reset
                0x000037c0       0x1e C:\Program Files (x86)\Cypress\PSoC Creator\3.3\PSoC Creator\psoc\content\cycomponentlibrary\CyComponentLibrary.cylib\BLE_v2_30\Library\gccCyBLEStack_BLE_SOC_PERIPHERAL.a(mint_buf_mgmt.o)
                0x000037c0                mint_buf_mgmt_stack_reset

i.mint_buf_mgmt_stack_search_item
                0x000037de       0x30
 i.mint_buf_mgmt_stack_search_item
                0x000037de       0x30 C:\Program Files (x86)\Cypress\PSoC Creator\3.3\PSoC Creator\psoc\content\cycomponentlibrary\CyComponentLibrary.cylib\BLE_v2_30\Library\gccCyBLEStack_BLE_SOC_PERIPHERAL.a(mint_buf_mgmt.o)
                0x000037de                mint_buf_mgmt_stack_search_item

i.CyBleControllerIP_GetPingState
                0x00003810        0xc
 i.CyBleControllerIP_GetPingState
                0x00003810        0xc C:\Program Files (x86)\Cypress\PSoC Creator\3.3\PSoC Creator\psoc\content\cycomponentlibrary\CyComponentLibrary.cylib\BLE_v2_30\Library\gccCyBLEStack_BLE_SOC_PERIPHERAL.a(CyBleControllerIP_Interface.o)
                0x00003810                CyBleControllerIP_GetPingState

i.CyBleController_AddDeviceToWhiteList
                0x0000381c       0x40
 i.CyBleController_AddDeviceToWhiteList
                0x0000381c       0x40 C:\Program Files (x86)\Cypress\PSoC Creator\3.3\PSoC Creator\psoc\content\cycomponentlibrary\CyComponentLibrary.cylib\BLE_v2_30\Library\gccCyBLEStack_BLE_SOC_PERIPHERAL.a(CyBleControllerIP_Interface.o)
                0x0000381c                CyBleController_AddDeviceToWhiteList

i.CyBleController_EnterLowPowerMode
                0x0000385c       0x2c
 i.CyBleController_EnterLowPowerMode
                0x0000385c       0x2c C:\Program Files (x86)\Cypress\PSoC Creator\3.3\PSoC Creator\psoc\content\cycomponentlibrary\CyComponentLibrary.cylib\BLE_v2_30\Library\gccCyBLEStack_BLE_SOC_PERIPHERAL.a(CyBleControllerIP_Interface.o)
                0x0000385c                CyBleController_EnterLowPowerMode

i.CyBleController_ExitLowPowerMode
                0x00003888       0x10
 i.CyBleController_ExitLowPowerMode
                0x00003888       0x10 C:\Program Files (x86)\Cypress\PSoC Creator\3.3\PSoC Creator\psoc\content\cycomponentlibrary\CyComponentLibrary.cylib\BLE_v2_30\Library\gccCyBLEStack_BLE_SOC_PERIPHERAL.a(CyBleControllerIP_Interface.o)
                0x00003888                CyBleController_ExitLowPowerMode

i.CyBleController_Init
                0x00003898       0x32
 i.CyBleController_Init
                0x00003898       0x32 C:\Program Files (x86)\Cypress\PSoC Creator\3.3\PSoC Creator\psoc\content\cycomponentlibrary\CyComponentLibrary.cylib\BLE_v2_30\Library\gccCyBLEStack_BLE_SOC_PERIPHERAL.a(CyBleControllerIP_Interface.o)
                0x00003898                CyBleController_Init

i.CyBleController_SetDeviceAddress
                0x000038ca       0x2e
 i.CyBleController_SetDeviceAddress
                0x000038ca       0x2e C:\Program Files (x86)\Cypress\PSoC Creator\3.3\PSoC Creator\psoc\content\cycomponentlibrary\CyComponentLibrary.cylib\BLE_v2_30\Library\gccCyBLEStack_BLE_SOC_PERIPHERAL.a(CyBleControllerIP_Interface.o)
                0x000038ca                CyBleController_SetDeviceAddress

i.CyBle_GetTxPowerLevel
                0x000038f8       0x4e
 i.CyBle_GetTxPowerLevel
                0x000038f8       0x4e C:\Program Files (x86)\Cypress\PSoC Creator\3.3\PSoC Creator\psoc\content\cycomponentlibrary\CyComponentLibrary.cylib\BLE_v2_30\Library\gccCyBLEStack_BLE_SOC_PERIPHERAL.a(CyBleControllerIP_Interface.o)
                0x000038f8                CyBle_GetTxPowerLevel

i.CyBle_SetTxPowerLevel
                0x00003946       0x56
 i.CyBle_SetTxPowerLevel
                0x00003946       0x56 C:\Program Files (x86)\Cypress\PSoC Creator\3.3\PSoC Creator\psoc\content\cycomponentlibrary\CyComponentLibrary.cylib\BLE_v2_30\Library\gccCyBLEStack_BLE_SOC_PERIPHERAL.a(CyBleControllerIP_Interface.o)
                0x00003946                CyBle_SetTxPowerLevel

i.ll_check_and_mark_packet_ready_for_transmission
                0x0000399c       0x28
 i.ll_check_and_mark_packet_ready_for_transmission
                0x0000399c       0x28 C:\Program Files (x86)\Cypress\PSoC Creator\3.3\PSoC Creator\psoc\content\cycomponentlibrary\CyComponentLibrary.cylib\BLE_v2_30\Library\gccCyBLEStack_BLE_SOC_PERIPHERAL.a(ll.o)
                0x0000399c                ll_check_and_mark_packet_ready_for_transmission

i.ll_cleanup_pending_data_pdu
                0x000039c4       0x38
 i.ll_cleanup_pending_data_pdu
                0x000039c4       0x38 C:\Program Files (x86)\Cypress\PSoC Creator\3.3\PSoC Creator\psoc\content\cycomponentlibrary\CyComponentLibrary.cylib\BLE_v2_30\Library\gccCyBLEStack_BLE_SOC_PERIPHERAL.a(ll.o)
                0x000039c4                ll_cleanup_pending_data_pdu

i.ll_enter_dsm_mode
                0x000039fc      0x1a4
 i.ll_enter_dsm_mode
                0x000039fc      0x1a4 C:\Program Files (x86)\Cypress\PSoC Creator\3.3\PSoC Creator\psoc\content\cycomponentlibrary\CyComponentLibrary.cylib\BLE_v2_30\Library\gccCyBLEStack_BLE_SOC_PERIPHERAL.a(ll.o)
                0x000039fc                ll_enter_dsm_mode

i.ll_enter_hibernate_mode
                0x00003ba0       0x28
 i.ll_enter_hibernate_mode
                0x00003ba0       0x28 C:\Program Files (x86)\Cypress\PSoC Creator\3.3\PSoC Creator\psoc\content\cycomponentlibrary\CyComponentLibrary.cylib\BLE_v2_30\Library\gccCyBLEStack_BLE_SOC_PERIPHERAL.a(ll.o)
                0x00003ba0                ll_enter_hibernate_mode

i.ll_enter_sm_mode
                0x00003bc8       0x60
 i.ll_enter_sm_mode
                0x00003bc8       0x60 C:\Program Files (x86)\Cypress\PSoC Creator\3.3\PSoC Creator\psoc\content\cycomponentlibrary\CyComponentLibrary.cylib\BLE_v2_30\Library\gccCyBLEStack_BLE_SOC_PERIPHERAL.a(ll.o)
                0x00003bc8                ll_enter_sm_mode

i.ll_exit_low_power_mode
                0x00003c28       0xac
 i.ll_exit_low_power_mode
                0x00003c28       0xac C:\Program Files (x86)\Cypress\PSoC Creator\3.3\PSoC Creator\psoc\content\cycomponentlibrary\CyComponentLibrary.cylib\BLE_v2_30\Library\gccCyBLEStack_BLE_SOC_PERIPHERAL.a(ll.o)
                0x00003c28                ll_exit_low_power_mode

i.ll_get_ack_status
                0x00003cd4       0x3c
 i.ll_get_ack_status
                0x00003cd4       0x3c C:\Program Files (x86)\Cypress\PSoC Creator\3.3\PSoC Creator\psoc\content\cycomponentlibrary\CyComponentLibrary.cylib\BLE_v2_30\Library\gccCyBLEStack_BLE_SOC_PERIPHERAL.a(ll.o)
                0x00003cd4                ll_get_ack_status

i.ll_get_ack_status_for_all_connections
                0x00003d10       0x34
 i.ll_get_ack_status_for_all_connections
                0x00003d10       0x34 C:\Program Files (x86)\Cypress\PSoC Creator\3.3\PSoC Creator\psoc\content\cycomponentlibrary\CyComponentLibrary.cylib\BLE_v2_30\Library\gccCyBLEStack_BLE_SOC_PERIPHERAL.a(ll.o)
                0x00003d10                ll_get_ack_status_for_all_connections

i.ll_get_adv_ch_tx_power
                0x00003d44       0x20
 i.ll_get_adv_ch_tx_power
                0x00003d44       0x20 C:\Program Files (x86)\Cypress\PSoC Creator\3.3\PSoC Creator\psoc\content\cycomponentlibrary\CyComponentLibrary.cylib\BLE_v2_30\Library\gccCyBLEStack_BLE_SOC_PERIPHERAL.a(ll.o)
                0x00003d44                ll_get_adv_ch_tx_power

i.ll_get_data_channel_map
                0x00003d64       0x24
 i.ll_get_data_channel_map
                0x00003d64       0x24 C:\Program Files (x86)\Cypress\PSoC Creator\3.3\PSoC Creator\psoc\content\cycomponentlibrary\CyComponentLibrary.cylib\BLE_v2_30\Library\gccCyBLEStack_BLE_SOC_PERIPHERAL.a(ll.o)
                0x00003d64                ll_get_data_channel_map

i.ll_get_max_white_list_size
                0x00003d88        0xc
 i.ll_get_max_white_list_size
                0x00003d88        0xc C:\Program Files (x86)\Cypress\PSoC Creator\3.3\PSoC Creator\psoc\content\cycomponentlibrary\CyComponentLibrary.cylib\BLE_v2_30\Library\gccCyBLEStack_BLE_SOC_PERIPHERAL.a(ll.o)
                0x00003d88                ll_get_max_white_list_size

i.ll_get_my_role
                0x00003d94        0xc
 i.ll_get_my_role
                0x00003d94        0xc C:\Program Files (x86)\Cypress\PSoC Creator\3.3\PSoC Creator\psoc\content\cycomponentlibrary\CyComponentLibrary.cylib\BLE_v2_30\Library\gccCyBLEStack_BLE_SOC_PERIPHERAL.a(ll.o)
                0x00003d94                ll_get_my_role

i.ll_get_next_available_fifo_for_data_pdu
                0x00003da0        0x8
 i.ll_get_next_available_fifo_for_data_pdu
                0x00003da0        0x8 C:\Program Files (x86)\Cypress\PSoC Creator\3.3\PSoC Creator\psoc\content\cycomponentlibrary\CyComponentLibrary.cylib\BLE_v2_30\Library\gccCyBLEStack_BLE_SOC_PERIPHERAL.a(ll.o)
                0x00003da0                ll_get_next_available_fifo_for_data_pdu

i.ll_get_next_available_fifo_for_ll_pdu
                0x00003da8       0x24
 i.ll_get_next_available_fifo_for_ll_pdu
                0x00003da8       0x24 C:\Program Files (x86)\Cypress\PSoC Creator\3.3\PSoC Creator\psoc\content\cycomponentlibrary\CyComponentLibrary.cylib\BLE_v2_30\Library\gccCyBLEStack_BLE_SOC_PERIPHERAL.a(ll.o)
                0x00003da8                ll_get_next_available_fifo_for_ll_pdu

i.ll_get_rssi_value
                0x00003dcc       0x26
 i.ll_get_rssi_value
                0x00003dcc       0x26 C:\Program Files (x86)\Cypress\PSoC Creator\3.3\PSoC Creator\psoc\content\cycomponentlibrary\CyComponentLibrary.cylib\BLE_v2_30\Library\gccCyBLEStack_BLE_SOC_PERIPHERAL.a(ll.o)
                0x00003dcc                ll_get_rssi_value

i.ll_get_transmit_power_level
                0x00003df4       0x2c
 i.ll_get_transmit_power_level
                0x00003df4       0x2c C:\Program Files (x86)\Cypress\PSoC Creator\3.3\PSoC Creator\psoc\content\cycomponentlibrary\CyComponentLibrary.cylib\BLE_v2_30\Library\gccCyBLEStack_BLE_SOC_PERIPHERAL.a(ll.o)
                0x00003df4                ll_get_transmit_power_level

i.ll_handle_ack_received
                0x00003e20       0x74
 i.ll_handle_ack_received
                0x00003e20       0x74 C:\Program Files (x86)\Cypress\PSoC Creator\3.3\PSoC Creator\psoc\content\cycomponentlibrary\CyComponentLibrary.cylib\BLE_v2_30\Library\gccCyBLEStack_BLE_SOC_PERIPHERAL.a(ll.o)
                0x00003e20                ll_handle_ack_received

i.ll_handle_add_device_in_whitelist
                0x00003e94       0x3a
 i.ll_handle_add_device_in_whitelist
                0x00003e94       0x3a C:\Program Files (x86)\Cypress\PSoC Creator\3.3\PSoC Creator\psoc\content\cycomponentlibrary\CyComponentLibrary.cylib\BLE_v2_30\Library\gccCyBLEStack_BLE_SOC_PERIPHERAL.a(ll.o)
                0x00003e94                ll_handle_add_device_in_whitelist

i.ll_handle_clear_whitelist
                0x00003ece       0x16
 i.ll_handle_clear_whitelist
                0x00003ece       0x16 C:\Program Files (x86)\Cypress\PSoC Creator\3.3\PSoC Creator\psoc\content\cycomponentlibrary\CyComponentLibrary.cylib\BLE_v2_30\Library\gccCyBLEStack_BLE_SOC_PERIPHERAL.a(ll.o)
                0x00003ece                ll_handle_clear_whitelist

i.ll_handle_encrypt_host_data
                0x00003ee4       0x36
 i.ll_handle_encrypt_host_data
                0x00003ee4       0x36 C:\Program Files (x86)\Cypress\PSoC Creator\3.3\PSoC Creator\psoc\content\cycomponentlibrary\CyComponentLibrary.cylib\BLE_v2_30\Library\gccCyBLEStack_BLE_SOC_PERIPHERAL.a(ll.o)
                0x00003ee4                ll_handle_encrypt_host_data

i.ll_handle_host_data_packet
                0x00003f1a       0x54
 i.ll_handle_host_data_packet
                0x00003f1a       0x54 C:\Program Files (x86)\Cypress\PSoC Creator\3.3\PSoC Creator\psoc\content\cycomponentlibrary\CyComponentLibrary.cylib\BLE_v2_30\Library\gccCyBLEStack_BLE_SOC_PERIPHERAL.a(ll.o)
                0x00003f1a                ll_handle_host_data_packet

i.ll_handle_read_host_channel_map
                0x00003f6e        0x4
 i.ll_handle_read_host_channel_map
                0x00003f6e        0x4 C:\Program Files (x86)\Cypress\PSoC Creator\3.3\PSoC Creator\psoc\content\cycomponentlibrary\CyComponentLibrary.cylib\BLE_v2_30\Library\gccCyBLEStack_BLE_SOC_PERIPHERAL.a(ll.o)
                0x00003f6e                ll_handle_read_host_channel_map

i.ll_handle_remove_device_in_whitelist
                0x00003f72       0x2a
 i.ll_handle_remove_device_in_whitelist
                0x00003f72       0x2a C:\Program Files (x86)\Cypress\PSoC Creator\3.3\PSoC Creator\psoc\content\cycomponentlibrary\CyComponentLibrary.cylib\BLE_v2_30\Library\gccCyBLEStack_BLE_SOC_PERIPHERAL.a(ll.o)
                0x00003f72                ll_handle_remove_device_in_whitelist

i.ll_handle_reset
                0x00003f9c        0xe
 i.ll_handle_reset
                0x00003f9c        0xe C:\Program Files (x86)\Cypress\PSoC Creator\3.3\PSoC Creator\psoc\content\cycomponentlibrary\CyComponentLibrary.cylib\BLE_v2_30\Library\gccCyBLEStack_BLE_SOC_PERIPHERAL.a(ll.o)
                0x00003f9c                ll_handle_reset

i.ll_handle_set_random_address
                0x00003faa       0x36
 i.ll_handle_set_random_address
                0x00003faa       0x36 C:\Program Files (x86)\Cypress\PSoC Creator\3.3\PSoC Creator\psoc\content\cycomponentlibrary\CyComponentLibrary.cylib\BLE_v2_30\Library\gccCyBLEStack_BLE_SOC_PERIPHERAL.a(ll.o)
                0x00003faa                ll_handle_set_random_address

i.ll_init       0x00003fe0       0x18
 i.ll_init      0x00003fe0       0x18 C:\Program Files (x86)\Cypress\PSoC Creator\3.3\PSoC Creator\psoc\content\cycomponentlibrary\CyComponentLibrary.cylib\BLE_v2_30\Library\gccCyBLEStack_BLE_SOC_PERIPHERAL.a(ll.o)
                0x00003fe0                ll_init

i.ll_initialize_device_attributes
                0x00003ff8       0x4c
 i.ll_initialize_device_attributes
                0x00003ff8       0x4c C:\Program Files (x86)\Cypress\PSoC Creator\3.3\PSoC Creator\psoc\content\cycomponentlibrary\CyComponentLibrary.cylib\BLE_v2_30\Library\gccCyBLEStack_BLE_SOC_PERIPHERAL.a(ll.o)
                0x00003ff8                ll_initialize_device_attributes

i.ll_is_pkt_pending
                0x00004044       0x2a
 i.ll_is_pkt_pending
                0x00004044       0x2a C:\Program Files (x86)\Cypress\PSoC Creator\3.3\PSoC Creator\psoc\content\cycomponentlibrary\CyComponentLibrary.cylib\BLE_v2_30\Library\gccCyBLEStack_BLE_SOC_PERIPHERAL.a(ll.o)
                0x00004044                ll_is_pkt_pending

i.ll_is_sent_pkt_pending
                0x0000406e       0x1a
 i.ll_is_sent_pkt_pending
                0x0000406e       0x1a C:\Program Files (x86)\Cypress\PSoC Creator\3.3\PSoC Creator\psoc\content\cycomponentlibrary\CyComponentLibrary.cylib\BLE_v2_30\Library\gccCyBLEStack_BLE_SOC_PERIPHERAL.a(ll.o)
                0x0000406e                ll_is_sent_pkt_pending

i.ll_isr_exit_low_power_mode
                0x00004088       0x16
 i.ll_isr_exit_low_power_mode
                0x00004088       0x16 C:\Program Files (x86)\Cypress\PSoC Creator\3.3\PSoC Creator\psoc\content\cycomponentlibrary\CyComponentLibrary.cylib\BLE_v2_30\Library\gccCyBLEStack_BLE_SOC_PERIPHERAL.a(ll.o)
                0x00004088                ll_isr_exit_low_power_mode

i.ll_load_host_data_packet
                0x0000409e       0x4a
 i.ll_load_host_data_packet
                0x0000409e       0x4a C:\Program Files (x86)\Cypress\PSoC Creator\3.3\PSoC Creator\psoc\content\cycomponentlibrary\CyComponentLibrary.cylib\BLE_v2_30\Library\gccCyBLEStack_BLE_SOC_PERIPHERAL.a(ll.o)
                0x0000409e                ll_load_host_data_packet

i.ll_load_packet_to_fifo
                0x000040e8       0x6e
 i.ll_load_packet_to_fifo
                0x000040e8       0x6e C:\Program Files (x86)\Cypress\PSoC Creator\3.3\PSoC Creator\psoc\content\cycomponentlibrary\CyComponentLibrary.cylib\BLE_v2_30\Library\gccCyBLEStack_BLE_SOC_PERIPHERAL.a(ll.o)
                0x000040e8                ll_load_packet_to_fifo

i.ll_process_acks
                0x00004156       0x3c
 i.ll_process_acks
                0x00004156       0x3c C:\Program Files (x86)\Cypress\PSoC Creator\3.3\PSoC Creator\psoc\content\cycomponentlibrary\CyComponentLibrary.cylib\BLE_v2_30\Library\gccCyBLEStack_BLE_SOC_PERIPHERAL.a(ll.o)
                0x00004156                ll_process_acks

i.ll_reset      0x00004192       0x12
 i.ll_reset     0x00004192       0x12 C:\Program Files (x86)\Cypress\PSoC Creator\3.3\PSoC Creator\psoc\content\cycomponentlibrary\CyComponentLibrary.cylib\BLE_v2_30\Library\gccCyBLEStack_BLE_SOC_PERIPHERAL.a(ll.o)
                0x00004192                ll_reset

i.ll_update_active_features
                0x000041a4       0x58
 i.ll_update_active_features
                0x000041a4       0x58 C:\Program Files (x86)\Cypress\PSoC Creator\3.3\PSoC Creator\psoc\content\cycomponentlibrary\CyComponentLibrary.cylib\BLE_v2_30\Library\gccCyBLEStack_BLE_SOC_PERIPHERAL.a(ll.o)
                0x000041a4                ll_update_active_features

i.ll_update_device_fsm
                0x000041fc        0x8
 i.ll_update_device_fsm
                0x000041fc        0x8 C:\Program Files (x86)\Cypress\PSoC Creator\3.3\PSoC Creator\psoc\content\cycomponentlibrary\CyComponentLibrary.cylib\BLE_v2_30\Library\gccCyBLEStack_BLE_SOC_PERIPHERAL.a(ll.o)
                0x000041fc                ll_update_device_fsm

i.pf_le_start_timer
                0x00004204       0x16
 i.pf_le_start_timer
                0x00004204       0x16 C:\Program Files (x86)\Cypress\PSoC Creator\3.3\PSoC Creator\psoc\content\cycomponentlibrary\CyComponentLibrary.cylib\BLE_v2_30\Library\gccCyBLEStack_BLE_SOC_PERIPHERAL.a(ll.o)
                0x00004204                pf_le_start_timer

i.pf_le_stop_timer
                0x0000421a       0x12
 i.pf_le_stop_timer
                0x0000421a       0x12 C:\Program Files (x86)\Cypress\PSoC Creator\3.3\PSoC Creator\psoc\content\cycomponentlibrary\CyComponentLibrary.cylib\BLE_v2_30\Library\gccCyBLEStack_BLE_SOC_PERIPHERAL.a(ll.o)
                0x0000421a                pf_le_stop_timer

i.CyBleControllerIP_TuneAdvEventInterPktSlots
                0x0000422c       0x44
 i.CyBleControllerIP_TuneAdvEventInterPktSlots
                0x0000422c       0x44 C:\Program Files (x86)\Cypress\PSoC Creator\3.3\PSoC Creator\psoc\content\cycomponentlibrary\CyComponentLibrary.cylib\BLE_v2_30\Library\gccCyBLEStack_BLE_SOC_PERIPHERAL.a(ll_advertiser.o)
                0x0000422c                CyBleControllerIP_TuneAdvEventInterPktSlots

i.ll_adv_is_configured_connection_adv
                0x00004270       0x1e
 i.ll_adv_is_configured_connection_adv
                0x00004270       0x1e C:\Program Files (x86)\Cypress\PSoC Creator\3.3\PSoC Creator\psoc\content\cycomponentlibrary\CyComponentLibrary.cylib\BLE_v2_30\Library\gccCyBLEStack_BLE_SOC_PERIPHERAL.a(ll_advertiser.o)
                0x00004270                ll_adv_is_configured_connection_adv

i.ll_check_random_address_in_use_by_advertiser
                0x0000428e       0x10
 i.ll_check_random_address_in_use_by_advertiser
                0x0000428e       0x10 C:\Program Files (x86)\Cypress\PSoC Creator\3.3\PSoC Creator\psoc\content\cycomponentlibrary\CyComponentLibrary.cylib\BLE_v2_30\Library\gccCyBLEStack_BLE_SOC_PERIPHERAL.a(ll_advertiser.o)
                0x0000428e                ll_check_random_address_in_use_by_advertiser

i.ll_check_whitelist_in_use_by_advertiser
                0x0000429e       0x10
 i.ll_check_whitelist_in_use_by_advertiser
                0x0000429e       0x10 C:\Program Files (x86)\Cypress\PSoC Creator\3.3\PSoC Creator\psoc\content\cycomponentlibrary\CyComponentLibrary.cylib\BLE_v2_30\Library\gccCyBLEStack_BLE_SOC_PERIPHERAL.a(ll_advertiser.o)
                0x0000429e                ll_check_whitelist_in_use_by_advertiser

i.ll_get_adv_status
                0x000042ae        0xc
 i.ll_get_adv_status
                0x000042ae        0xc C:\Program Files (x86)\Cypress\PSoC Creator\3.3\PSoC Creator\psoc\content\cycomponentlibrary\CyComponentLibrary.cylib\BLE_v2_30\Library\gccCyBLEStack_BLE_SOC_PERIPHERAL.a(ll_advertiser.o)
                0x000042ae                ll_get_adv_status

i.ll_get_adv_type
                0x000042ba       0x16
 i.ll_get_adv_type
                0x000042ba       0x16 C:\Program Files (x86)\Cypress\PSoC Creator\3.3\PSoC Creator\psoc\content\cycomponentlibrary\CyComponentLibrary.cylib\BLE_v2_30\Library\gccCyBLEStack_BLE_SOC_PERIPHERAL.a(ll_advertiser.o)
                0x000042ba                ll_get_adv_type

i.ll_handle_adv_intr
                0x000042d0       0x50
 i.ll_handle_adv_intr
                0x000042d0       0x50 C:\Program Files (x86)\Cypress\PSoC Creator\3.3\PSoC Creator\psoc\content\cycomponentlibrary\CyComponentLibrary.cylib\BLE_v2_30\Library\gccCyBLEStack_BLE_SOC_PERIPHERAL.a(ll_advertiser.o)
                0x000042d0                ll_handle_adv_intr

i.ll_handle_set_adv_data
                0x00004320       0x14
 i.ll_handle_set_adv_data
                0x00004320       0x14 C:\Program Files (x86)\Cypress\PSoC Creator\3.3\PSoC Creator\psoc\content\cycomponentlibrary\CyComponentLibrary.cylib\BLE_v2_30\Library\gccCyBLEStack_BLE_SOC_PERIPHERAL.a(ll_advertiser.o)
                0x00004320                ll_handle_set_adv_data

i.ll_handle_set_adv_parameters
                0x00004334       0x84
 i.ll_handle_set_adv_parameters
                0x00004334       0x84 C:\Program Files (x86)\Cypress\PSoC Creator\3.3\PSoC Creator\psoc\content\cycomponentlibrary\CyComponentLibrary.cylib\BLE_v2_30\Library\gccCyBLEStack_BLE_SOC_PERIPHERAL.a(ll_advertiser.o)
                0x00004334                ll_handle_set_adv_parameters

i.ll_handle_set_advertise_enable
                0x000043b8       0x78
 i.ll_handle_set_advertise_enable
                0x000043b8       0x78 C:\Program Files (x86)\Cypress\PSoC Creator\3.3\PSoC Creator\psoc\content\cycomponentlibrary\CyComponentLibrary.cylib\BLE_v2_30\Library\gccCyBLEStack_BLE_SOC_PERIPHERAL.a(ll_advertiser.o)
                0x000043b8                ll_handle_set_advertise_enable

i.ll_handle_set_scan_resp_data
                0x00004430       0x14
 i.ll_handle_set_scan_resp_data
                0x00004430       0x14 C:\Program Files (x86)\Cypress\PSoC Creator\3.3\PSoC Creator\psoc\content\cycomponentlibrary\CyComponentLibrary.cylib\BLE_v2_30\Library\gccCyBLEStack_BLE_SOC_PERIPHERAL.a(ll_advertiser.o)
                0x00004430                ll_handle_set_scan_resp_data

i.ll_init_advertiser
                0x00004444       0x68
 i.ll_init_advertiser
                0x00004444       0x68 C:\Program Files (x86)\Cypress\PSoC Creator\3.3\PSoC Creator\psoc\content\cycomponentlibrary\CyComponentLibrary.cylib\BLE_v2_30\Library\gccCyBLEStack_BLE_SOC_PERIPHERAL.a(ll_advertiser.o)
                0x00004444                ll_init_advertiser

i.is_le_connection_handle
                0x000044ac       0x28
 i.is_le_connection_handle
                0x000044ac       0x28 C:\Program Files (x86)\Cypress\PSoC Creator\3.3\PSoC Creator\psoc\content\cycomponentlibrary\CyComponentLibrary.cylib\BLE_v2_30\Library\gccCyBLEStack_BLE_SOC_PERIPHERAL.a(ll_connection.o)
                0x000044ac                is_le_connection_handle

i.le_assign_connection_handle
                0x000044d4       0x28
 i.le_assign_connection_handle
                0x000044d4       0x28 C:\Program Files (x86)\Cypress\PSoC Creator\3.3\PSoC Creator\psoc\content\cycomponentlibrary\CyComponentLibrary.cylib\BLE_v2_30\Library\gccCyBLEStack_BLE_SOC_PERIPHERAL.a(ll_connection.o)
                0x000044d4                le_assign_connection_handle

i.le_get_connection_index
                0x000044fc        0x6
 i.le_get_connection_index
                0x000044fc        0x6 C:\Program Files (x86)\Cypress\PSoC Creator\3.3\PSoC Creator\psoc\content\cycomponentlibrary\CyComponentLibrary.cylib\BLE_v2_30\Library\gccCyBLEStack_BLE_SOC_PERIPHERAL.a(ll_connection.o)
                0x000044fc                le_get_connection_index

i.ll_allocate_connection
                0x00004504       0x44
 i.ll_allocate_connection
                0x00004504       0x44 C:\Program Files (x86)\Cypress\PSoC Creator\3.3\PSoC Creator\psoc\content\cycomponentlibrary\CyComponentLibrary.cylib\BLE_v2_30\Library\gccCyBLEStack_BLE_SOC_PERIPHERAL.a(ll_connection.o)
                0x00004504                ll_allocate_connection

i.ll_calculate_and_program_def_win_widen_drift
                0x00004548       0x14
 i.ll_calculate_and_program_def_win_widen_drift
                0x00004548       0x14 C:\Program Files (x86)\Cypress\PSoC Creator\3.3\PSoC Creator\psoc\content\cycomponentlibrary\CyComponentLibrary.cylib\BLE_v2_30\Library\gccCyBLEStack_BLE_SOC_PERIPHERAL.a(ll_connection.o)
                0x00004548                ll_calculate_and_program_def_win_widen_drift

i.ll_calculate_drift
                0x0000455c       0x2c
 i.ll_calculate_drift
                0x0000455c       0x2c C:\Program Files (x86)\Cypress\PSoC Creator\3.3\PSoC Creator\psoc\content\cycomponentlibrary\CyComponentLibrary.cylib\BLE_v2_30\Library\gccCyBLEStack_BLE_SOC_PERIPHERAL.a(ll_connection.o)
                0x0000455c                ll_calculate_drift

i.ll_check_and_decrypt_ll_pdu
                0x00004588       0x68
 i.ll_check_and_decrypt_ll_pdu
                0x00004588       0x68 C:\Program Files (x86)\Cypress\PSoC Creator\3.3\PSoC Creator\psoc\content\cycomponentlibrary\CyComponentLibrary.cylib\BLE_v2_30\Library\gccCyBLEStack_BLE_SOC_PERIPHERAL.a(ll_connection.o)
                0x00004588                ll_check_and_decrypt_ll_pdu

i.ll_check_and_decrypt_packet
                0x000045f0       0x6a
 i.ll_check_and_decrypt_packet
                0x000045f0       0x6a C:\Program Files (x86)\Cypress\PSoC Creator\3.3\PSoC Creator\psoc\content\cycomponentlibrary\CyComponentLibrary.cylib\BLE_v2_30\Library\gccCyBLEStack_BLE_SOC_PERIPHERAL.a(ll_connection.o)
                0x000045f0                ll_check_and_decrypt_packet

i.ll_check_and_encrypt_ll_pdu
                0x0000465a       0x72
 i.ll_check_and_encrypt_ll_pdu
                0x0000465a       0x72 C:\Program Files (x86)\Cypress\PSoC Creator\3.3\PSoC Creator\psoc\content\cycomponentlibrary\CyComponentLibrary.cylib\BLE_v2_30\Library\gccCyBLEStack_BLE_SOC_PERIPHERAL.a(ll_connection.o)
                0x0000465a                ll_check_and_encrypt_ll_pdu

i.ll_check_and_encrypt_packet
                0x000046cc       0x8a
 i.ll_check_and_encrypt_packet
                0x000046cc       0x8a C:\Program Files (x86)\Cypress\PSoC Creator\3.3\PSoC Creator\psoc\content\cycomponentlibrary\CyComponentLibrary.cylib\BLE_v2_30\Library\gccCyBLEStack_BLE_SOC_PERIPHERAL.a(ll_connection.o)
                0x000046cc                ll_check_and_encrypt_packet

i.ll_check_for_allowing_incoming_connection_update
                0x00004756       0x42
 i.ll_check_for_allowing_incoming_connection_update
                0x00004756       0x42 C:\Program Files (x86)\Cypress\PSoC Creator\3.3\PSoC Creator\psoc\content\cycomponentlibrary\CyComponentLibrary.cylib\BLE_v2_30\Library\gccCyBLEStack_BLE_SOC_PERIPHERAL.a(ll_connection.o)
                0x00004756                ll_check_for_allowing_incoming_connection_update

i.ll_check_if_pdu_is_loaded_to_hardware
                0x00004798       0x1c
 i.ll_check_if_pdu_is_loaded_to_hardware
                0x00004798       0x1c C:\Program Files (x86)\Cypress\PSoC Creator\3.3\PSoC Creator\psoc\content\cycomponentlibrary\CyComponentLibrary.cylib\BLE_v2_30\Library\gccCyBLEStack_BLE_SOC_PERIPHERAL.a(ll_connection.o)
                0x00004798                ll_check_if_pdu_is_loaded_to_hardware

i.ll_check_random_address_in_use_by_initiator
                0x000047b4       0x30
 i.ll_check_random_address_in_use_by_initiator
                0x000047b4       0x30 C:\Program Files (x86)\Cypress\PSoC Creator\3.3\PSoC Creator\psoc\content\cycomponentlibrary\CyComponentLibrary.cylib\BLE_v2_30\Library\gccCyBLEStack_BLE_SOC_PERIPHERAL.a(ll_connection.o)
                0x000047b4                ll_check_random_address_in_use_by_initiator

i.ll_check_white_list_in_use_by_initiator
                0x000047e4       0x30
 i.ll_check_white_list_in_use_by_initiator
                0x000047e4       0x30 C:\Program Files (x86)\Cypress\PSoC Creator\3.3\PSoC Creator\psoc\content\cycomponentlibrary\CyComponentLibrary.cylib\BLE_v2_30\Library\gccCyBLEStack_BLE_SOC_PERIPHERAL.a(ll_connection.o)
                0x000047e4                ll_check_white_list_in_use_by_initiator

i.ll_conn_free_enc_txn_buffer
                0x00004814       0x16
 i.ll_conn_free_enc_txn_buffer
                0x00004814       0x16 C:\Program Files (x86)\Cypress\PSoC Creator\3.3\PSoC Creator\psoc\content\cycomponentlibrary\CyComponentLibrary.cylib\BLE_v2_30\Library\gccCyBLEStack_BLE_SOC_PERIPHERAL.a(ll_connection.o)
                0x00004814                ll_conn_free_enc_txn_buffer

i.ll_conn_fsm_update_channel_state
                0x0000482a        0x6
 i.ll_conn_fsm_update_channel_state
                0x0000482a        0x6 C:\Program Files (x86)\Cypress\PSoC Creator\3.3\PSoC Creator\psoc\content\cycomponentlibrary\CyComponentLibrary.cylib\BLE_v2_30\Library\gccCyBLEStack_BLE_SOC_PERIPHERAL.a(ll_connection.o)
                0x0000482a                ll_conn_fsm_update_channel_state

i.ll_conn_fsm_update_conn_update_state
                0x00004830        0x6
 i.ll_conn_fsm_update_conn_update_state
                0x00004830        0x6 C:\Program Files (x86)\Cypress\PSoC Creator\3.3\PSoC Creator\psoc\content\cycomponentlibrary\CyComponentLibrary.cylib\BLE_v2_30\Library\gccCyBLEStack_BLE_SOC_PERIPHERAL.a(ll_connection.o)
                0x00004830                ll_conn_fsm_update_conn_update_state

i.ll_conn_fsm_update_enc_state
                0x00004836        0x6
 i.ll_conn_fsm_update_enc_state
                0x00004836        0x6 C:\Program Files (x86)\Cypress\PSoC Creator\3.3\PSoC Creator\psoc\content\cycomponentlibrary\CyComponentLibrary.cylib\BLE_v2_30\Library\gccCyBLEStack_BLE_SOC_PERIPHERAL.a(ll_connection.o)
                0x00004836                ll_conn_fsm_update_enc_state

i.ll_conn_fsm_update_state
                0x0000483c        0x4
 i.ll_conn_fsm_update_state
                0x0000483c        0x4 C:\Program Files (x86)\Cypress\PSoC Creator\3.3\PSoC Creator\psoc\content\cycomponentlibrary\CyComponentLibrary.cylib\BLE_v2_30\Library\gccCyBLEStack_BLE_SOC_PERIPHERAL.a(ll_connection.o)
                0x0000483c                ll_conn_fsm_update_state

i.ll_conn_handle_data_pdu_from_host_when_data_paused
                0x00004840        0x8
 i.ll_conn_handle_data_pdu_from_host_when_data_paused
                0x00004840        0x8 C:\Program Files (x86)\Cypress\PSoC Creator\3.3\PSoC Creator\psoc\content\cycomponentlibrary\CyComponentLibrary.cylib\BLE_v2_30\Library\gccCyBLEStack_BLE_SOC_PERIPHERAL.a(ll_connection.o)
                0x00004840                ll_conn_handle_data_pdu_from_host_when_data_paused

i.ll_conn_handle_direct_adv_timeout
                0x00004848       0x2a
 i.ll_conn_handle_direct_adv_timeout
                0x00004848       0x2a C:\Program Files (x86)\Cypress\PSoC Creator\3.3\PSoC Creator\psoc\content\cycomponentlibrary\CyComponentLibrary.cylib\BLE_v2_30\Library\gccCyBLEStack_BLE_SOC_PERIPHERAL.a(ll_connection.o)
                0x00004848                ll_conn_handle_direct_adv_timeout

i.ll_conn_handle_ping_timer_expired_interrupt
                0x00004874       0x1c
 i.ll_conn_handle_ping_timer_expired_interrupt
                0x00004874       0x1c C:\Program Files (x86)\Cypress\PSoC Creator\3.3\PSoC Creator\psoc\content\cycomponentlibrary\CyComponentLibrary.cylib\BLE_v2_30\Library\gccCyBLEStack_BLE_SOC_PERIPHERAL.a(ll_connection.o)
                0x00004874                ll_conn_handle_ping_timer_expired_interrupt

i.ll_conn_handle_ping_timer_nearly_expired_interrupt
                0x00004890       0x20
 i.ll_conn_handle_ping_timer_nearly_expired_interrupt
                0x00004890       0x20 C:\Program Files (x86)\Cypress\PSoC Creator\3.3\PSoC Creator\psoc\content\cycomponentlibrary\CyComponentLibrary.cylib\BLE_v2_30\Library\gccCyBLEStack_BLE_SOC_PERIPHERAL.a(ll_connection.o)
                0x00004890                ll_conn_handle_ping_timer_nearly_expired_interrupt

i.ll_conn_handle_stop_connectable_adv
                0x000048b0       0x12
 i.ll_conn_handle_stop_connectable_adv
                0x000048b0       0x12 C:\Program Files (x86)\Cypress\PSoC Creator\3.3\PSoC Creator\psoc\content\cycomponentlibrary\CyComponentLibrary.cylib\BLE_v2_30\Library\gccCyBLEStack_BLE_SOC_PERIPHERAL.a(ll_connection.o)
                0x000048b0                ll_conn_handle_stop_connectable_adv

i.ll_conn_process_pending_transactions
                0x000048c2        0x4
 i.ll_conn_process_pending_transactions
                0x000048c2        0x4 C:\Program Files (x86)\Cypress\PSoC Creator\3.3\PSoC Creator\psoc\content\cycomponentlibrary\CyComponentLibrary.cylib\BLE_v2_30\Library\gccCyBLEStack_BLE_SOC_PERIPHERAL.a(ll_connection.o)
                0x000048c2                ll_conn_process_pending_transactions

i.ll_conn_program_authenticated_payload_timer
                0x000048c8       0x50
 i.ll_conn_program_authenticated_payload_timer
                0x000048c8       0x50 C:\Program Files (x86)\Cypress\PSoC Creator\3.3\PSoC Creator\psoc\content\cycomponentlibrary\CyComponentLibrary.cylib\BLE_v2_30\Library\gccCyBLEStack_BLE_SOC_PERIPHERAL.a(ll_connection.o)
                0x000048c8                ll_conn_program_authenticated_payload_timer

i.ll_conn_read_data_pdu_from_hardware
                0x00004918       0x14
 i.ll_conn_read_data_pdu_from_hardware
                0x00004918       0x14 C:\Program Files (x86)\Cypress\PSoC Creator\3.3\PSoC Creator\psoc\content\cycomponentlibrary\CyComponentLibrary.cylib\BLE_v2_30\Library\gccCyBLEStack_BLE_SOC_PERIPHERAL.a(ll_connection.o)
                0x00004918                ll_conn_read_data_pdu_from_hardware

i.ll_conn_send_ping_req_pdu