ARM GAS  C:\Users\Alan\AppData\Local\Temp\ccSjH8rm.s 			page 1


   1              		.cpu cortex-m0plus
   2              		.fpu softvfp
   3              		.eabi_attribute 20, 1
   4              		.eabi_attribute 21, 1
   5              		.eabi_attribute 23, 3
   6              		.eabi_attribute 24, 1
   7              		.eabi_attribute 25, 1
   8              		.eabi_attribute 26, 1
   9              		.eabi_attribute 30, 1
  10              		.eabi_attribute 34, 0
  11              		.eabi_attribute 18, 4
  12              		.code	16
  13              		.file	"cyfitter_cfg.c"
  14              		.text
  15              	.Ltext0:
  16              		.cfi_sections	.debug_frame
  17              		.section	.psocinit,"ax",%progbits
  18              		.align	2
  19              		.code	16
  20              		.thumb_func
  21              		.type	ClockSetup, %function
  22              	ClockSetup:
  23              	.LFB4:
  24              		.file 1 ".\\Generated_Source\\PSoC4\\cyfitter_cfg.c"
   1:.\Generated_Source\PSoC4/cyfitter_cfg.c **** /*******************************************************************************
   2:.\Generated_Source\PSoC4/cyfitter_cfg.c **** * File Name: cyfitter_cfg.c
   3:.\Generated_Source\PSoC4/cyfitter_cfg.c **** * 
   4:.\Generated_Source\PSoC4/cyfitter_cfg.c **** * PSoC Creator  3.3 SP2.3
   5:.\Generated_Source\PSoC4/cyfitter_cfg.c **** *
   6:.\Generated_Source\PSoC4/cyfitter_cfg.c **** * Description:
   7:.\Generated_Source\PSoC4/cyfitter_cfg.c **** * This file contains device initialization code.
   8:.\Generated_Source\PSoC4/cyfitter_cfg.c **** * Except for the user defined sections in CyClockStartupError(), this file should not be modified.
   9:.\Generated_Source\PSoC4/cyfitter_cfg.c **** * This file is automatically generated by PSoC Creator.
  10:.\Generated_Source\PSoC4/cyfitter_cfg.c **** *
  11:.\Generated_Source\PSoC4/cyfitter_cfg.c **** ********************************************************************************
  12:.\Generated_Source\PSoC4/cyfitter_cfg.c **** * Copyright (c) 2007-2016 Cypress Semiconductor.  All rights reserved.
  13:.\Generated_Source\PSoC4/cyfitter_cfg.c **** * You may use this file only in accordance with the license, terms, conditions, 
  14:.\Generated_Source\PSoC4/cyfitter_cfg.c **** * disclaimers, and limitations in the end user license agreement accompanying 
  15:.\Generated_Source\PSoC4/cyfitter_cfg.c **** * the software package with which this file was provided.
  16:.\Generated_Source\PSoC4/cyfitter_cfg.c **** ********************************************************************************/
  17:.\Generated_Source\PSoC4/cyfitter_cfg.c **** 
  18:.\Generated_Source\PSoC4/cyfitter_cfg.c **** #include <string.h>
  19:.\Generated_Source\PSoC4/cyfitter_cfg.c **** #include "cytypes.h"
  20:.\Generated_Source\PSoC4/cyfitter_cfg.c **** #include "cydevice_trm.h"
  21:.\Generated_Source\PSoC4/cyfitter_cfg.c **** #include "cyfitter.h"
  22:.\Generated_Source\PSoC4/cyfitter_cfg.c **** #include "CyLib.h"
  23:.\Generated_Source\PSoC4/cyfitter_cfg.c **** #include "cyfitter_cfg.h"
  24:.\Generated_Source\PSoC4/cyfitter_cfg.c **** 
  25:.\Generated_Source\PSoC4/cyfitter_cfg.c **** 
  26:.\Generated_Source\PSoC4/cyfitter_cfg.c **** #if defined(__GNUC__) || defined(__ARMCC_VERSION)
  27:.\Generated_Source\PSoC4/cyfitter_cfg.c ****     #define CYPACKED 
  28:.\Generated_Source\PSoC4/cyfitter_cfg.c ****     #define CYPACKED_ATTR __attribute__ ((packed))
  29:.\Generated_Source\PSoC4/cyfitter_cfg.c ****     #define CYALIGNED __attribute__ ((aligned))
  30:.\Generated_Source\PSoC4/cyfitter_cfg.c ****     #define CY_CFG_UNUSED __attribute__ ((unused))
  31:.\Generated_Source\PSoC4/cyfitter_cfg.c ****     #ifndef CY_CFG_SECTION
  32:.\Generated_Source\PSoC4/cyfitter_cfg.c ****         #define CY_CFG_SECTION __attribute__ ((section(".psocinit")))
  33:.\Generated_Source\PSoC4/cyfitter_cfg.c ****     #endif
ARM GAS  C:\Users\Alan\AppData\Local\Temp\ccSjH8rm.s 			page 2


  34:.\Generated_Source\PSoC4/cyfitter_cfg.c ****     
  35:.\Generated_Source\PSoC4/cyfitter_cfg.c ****     #if defined(__ARMCC_VERSION)
  36:.\Generated_Source\PSoC4/cyfitter_cfg.c ****         #define CY_CFG_MEMORY_BARRIER() __memory_changed()
  37:.\Generated_Source\PSoC4/cyfitter_cfg.c ****     #else
  38:.\Generated_Source\PSoC4/cyfitter_cfg.c ****         #define CY_CFG_MEMORY_BARRIER() __sync_synchronize()
  39:.\Generated_Source\PSoC4/cyfitter_cfg.c ****     #endif
  40:.\Generated_Source\PSoC4/cyfitter_cfg.c ****     
  41:.\Generated_Source\PSoC4/cyfitter_cfg.c **** #elif defined(__ICCARM__)
  42:.\Generated_Source\PSoC4/cyfitter_cfg.c ****     #include <intrinsics.h>
  43:.\Generated_Source\PSoC4/cyfitter_cfg.c **** 
  44:.\Generated_Source\PSoC4/cyfitter_cfg.c ****     #define CYPACKED __packed
  45:.\Generated_Source\PSoC4/cyfitter_cfg.c ****     #define CYPACKED_ATTR 
  46:.\Generated_Source\PSoC4/cyfitter_cfg.c ****     #define CYALIGNED _Pragma("data_alignment=4")
  47:.\Generated_Source\PSoC4/cyfitter_cfg.c ****     #define CY_CFG_UNUSED _Pragma("diag_suppress=Pe177")
  48:.\Generated_Source\PSoC4/cyfitter_cfg.c ****     #define CY_CFG_SECTION _Pragma("location=\".psocinit\"")
  49:.\Generated_Source\PSoC4/cyfitter_cfg.c ****     
  50:.\Generated_Source\PSoC4/cyfitter_cfg.c ****     #define CY_CFG_MEMORY_BARRIER() __DMB()
  51:.\Generated_Source\PSoC4/cyfitter_cfg.c ****     
  52:.\Generated_Source\PSoC4/cyfitter_cfg.c **** #else
  53:.\Generated_Source\PSoC4/cyfitter_cfg.c ****     #error Unsupported toolchain
  54:.\Generated_Source\PSoC4/cyfitter_cfg.c **** #endif
  55:.\Generated_Source\PSoC4/cyfitter_cfg.c **** 
  56:.\Generated_Source\PSoC4/cyfitter_cfg.c **** 
  57:.\Generated_Source\PSoC4/cyfitter_cfg.c **** CY_CFG_UNUSED
  58:.\Generated_Source\PSoC4/cyfitter_cfg.c **** static void CYMEMZERO(void *s, size_t n);
  59:.\Generated_Source\PSoC4/cyfitter_cfg.c **** CY_CFG_UNUSED
  60:.\Generated_Source\PSoC4/cyfitter_cfg.c **** static void CYMEMZERO(void *s, size_t n)
  61:.\Generated_Source\PSoC4/cyfitter_cfg.c **** {
  62:.\Generated_Source\PSoC4/cyfitter_cfg.c **** 	(void)memset(s, 0, n);
  63:.\Generated_Source\PSoC4/cyfitter_cfg.c **** }
  64:.\Generated_Source\PSoC4/cyfitter_cfg.c **** CY_CFG_UNUSED
  65:.\Generated_Source\PSoC4/cyfitter_cfg.c **** static void CYCONFIGCPY(void *dest, const void *src, size_t n);
  66:.\Generated_Source\PSoC4/cyfitter_cfg.c **** CY_CFG_UNUSED
  67:.\Generated_Source\PSoC4/cyfitter_cfg.c **** static void CYCONFIGCPY(void *dest, const void *src, size_t n)
  68:.\Generated_Source\PSoC4/cyfitter_cfg.c **** {
  69:.\Generated_Source\PSoC4/cyfitter_cfg.c **** 	(void)memcpy(dest, src, n);
  70:.\Generated_Source\PSoC4/cyfitter_cfg.c **** }
  71:.\Generated_Source\PSoC4/cyfitter_cfg.c **** CY_CFG_UNUSED
  72:.\Generated_Source\PSoC4/cyfitter_cfg.c **** static void CYCONFIGCPYCODE(void *dest, const void *src, size_t n);
  73:.\Generated_Source\PSoC4/cyfitter_cfg.c **** CY_CFG_UNUSED
  74:.\Generated_Source\PSoC4/cyfitter_cfg.c **** static void CYCONFIGCPYCODE(void *dest, const void *src, size_t n)
  75:.\Generated_Source\PSoC4/cyfitter_cfg.c **** {
  76:.\Generated_Source\PSoC4/cyfitter_cfg.c **** 	(void)memcpy(dest, src, n);
  77:.\Generated_Source\PSoC4/cyfitter_cfg.c **** }
  78:.\Generated_Source\PSoC4/cyfitter_cfg.c **** 
  79:.\Generated_Source\PSoC4/cyfitter_cfg.c **** 
  80:.\Generated_Source\PSoC4/cyfitter_cfg.c **** 
  81:.\Generated_Source\PSoC4/cyfitter_cfg.c **** /* Clock startup error codes                                                   */
  82:.\Generated_Source\PSoC4/cyfitter_cfg.c **** #define CYCLOCKSTART_NO_ERROR    0u
  83:.\Generated_Source\PSoC4/cyfitter_cfg.c **** #define CYCLOCKSTART_XTAL_ERROR  1u
  84:.\Generated_Source\PSoC4/cyfitter_cfg.c **** #define CYCLOCKSTART_32KHZ_ERROR 2u
  85:.\Generated_Source\PSoC4/cyfitter_cfg.c **** #define CYCLOCKSTART_PLL_ERROR   3u
  86:.\Generated_Source\PSoC4/cyfitter_cfg.c **** 
  87:.\Generated_Source\PSoC4/cyfitter_cfg.c **** #ifdef CY_NEED_CYCLOCKSTARTUPERROR
  88:.\Generated_Source\PSoC4/cyfitter_cfg.c **** /*******************************************************************************
  89:.\Generated_Source\PSoC4/cyfitter_cfg.c **** * Function Name: CyClockStartupError
  90:.\Generated_Source\PSoC4/cyfitter_cfg.c **** ********************************************************************************
ARM GAS  C:\Users\Alan\AppData\Local\Temp\ccSjH8rm.s 			page 3


  91:.\Generated_Source\PSoC4/cyfitter_cfg.c **** * Summary:
  92:.\Generated_Source\PSoC4/cyfitter_cfg.c **** *  If an error is encountered during clock configuration (crystal startup error,
  93:.\Generated_Source\PSoC4/cyfitter_cfg.c **** *  PLL lock error, etc.), the system will end up here.  Unless reimplemented by
  94:.\Generated_Source\PSoC4/cyfitter_cfg.c **** *  the customer, this function will stop in an infinite loop.
  95:.\Generated_Source\PSoC4/cyfitter_cfg.c **** *
  96:.\Generated_Source\PSoC4/cyfitter_cfg.c **** * Parameters:
  97:.\Generated_Source\PSoC4/cyfitter_cfg.c **** *   void
  98:.\Generated_Source\PSoC4/cyfitter_cfg.c **** *
  99:.\Generated_Source\PSoC4/cyfitter_cfg.c **** * Return:
 100:.\Generated_Source\PSoC4/cyfitter_cfg.c **** *   void
 101:.\Generated_Source\PSoC4/cyfitter_cfg.c **** *
 102:.\Generated_Source\PSoC4/cyfitter_cfg.c **** *******************************************************************************/
 103:.\Generated_Source\PSoC4/cyfitter_cfg.c **** CY_CFG_UNUSED
 104:.\Generated_Source\PSoC4/cyfitter_cfg.c **** static void CyClockStartupError(uint8 errorCode);
 105:.\Generated_Source\PSoC4/cyfitter_cfg.c **** CY_CFG_UNUSED
 106:.\Generated_Source\PSoC4/cyfitter_cfg.c **** static void CyClockStartupError(uint8 errorCode)
 107:.\Generated_Source\PSoC4/cyfitter_cfg.c **** {
 108:.\Generated_Source\PSoC4/cyfitter_cfg.c ****     /* To remove the compiler warning if errorCode not used.                */
 109:.\Generated_Source\PSoC4/cyfitter_cfg.c ****     errorCode = errorCode;
 110:.\Generated_Source\PSoC4/cyfitter_cfg.c **** 
 111:.\Generated_Source\PSoC4/cyfitter_cfg.c ****     /* `#START CyClockStartupError` */
 112:.\Generated_Source\PSoC4/cyfitter_cfg.c **** 
 113:.\Generated_Source\PSoC4/cyfitter_cfg.c ****     /* If we have a clock startup error (bad MHz crystal, PLL lock, etc.),  */
 114:.\Generated_Source\PSoC4/cyfitter_cfg.c ****     /* we will end up here to allow the customer to implement something to  */
 115:.\Generated_Source\PSoC4/cyfitter_cfg.c ****     /* deal with the clock condition.                                       */
 116:.\Generated_Source\PSoC4/cyfitter_cfg.c **** 
 117:.\Generated_Source\PSoC4/cyfitter_cfg.c ****     /* `#END` */
 118:.\Generated_Source\PSoC4/cyfitter_cfg.c **** 
 119:.\Generated_Source\PSoC4/cyfitter_cfg.c ****     /* If nothing else, stop here since the clocks have not started         */
 120:.\Generated_Source\PSoC4/cyfitter_cfg.c ****     /* correctly.                                                           */
 121:.\Generated_Source\PSoC4/cyfitter_cfg.c ****     while(1) {}
 122:.\Generated_Source\PSoC4/cyfitter_cfg.c **** }
 123:.\Generated_Source\PSoC4/cyfitter_cfg.c **** #endif
 124:.\Generated_Source\PSoC4/cyfitter_cfg.c **** 
 125:.\Generated_Source\PSoC4/cyfitter_cfg.c **** 
 126:.\Generated_Source\PSoC4/cyfitter_cfg.c **** 
 127:.\Generated_Source\PSoC4/cyfitter_cfg.c **** /*******************************************************************************
 128:.\Generated_Source\PSoC4/cyfitter_cfg.c **** * Function Name: ClockSetup
 129:.\Generated_Source\PSoC4/cyfitter_cfg.c **** ********************************************************************************
 130:.\Generated_Source\PSoC4/cyfitter_cfg.c **** *
 131:.\Generated_Source\PSoC4/cyfitter_cfg.c **** * Summary:
 132:.\Generated_Source\PSoC4/cyfitter_cfg.c **** *   Performs the initialization of all of the clocks in the device based on the
 133:.\Generated_Source\PSoC4/cyfitter_cfg.c **** *   settings in the Clock tab of the DWR.  This includes enabling the requested
 134:.\Generated_Source\PSoC4/cyfitter_cfg.c **** *   clocks and setting the necessary dividers to produce the desired frequency. 
 135:.\Generated_Source\PSoC4/cyfitter_cfg.c **** *
 136:.\Generated_Source\PSoC4/cyfitter_cfg.c **** * Parameters:
 137:.\Generated_Source\PSoC4/cyfitter_cfg.c **** *   void
 138:.\Generated_Source\PSoC4/cyfitter_cfg.c **** *
 139:.\Generated_Source\PSoC4/cyfitter_cfg.c **** * Return:
 140:.\Generated_Source\PSoC4/cyfitter_cfg.c **** *   void
 141:.\Generated_Source\PSoC4/cyfitter_cfg.c **** *
 142:.\Generated_Source\PSoC4/cyfitter_cfg.c **** *******************************************************************************/
 143:.\Generated_Source\PSoC4/cyfitter_cfg.c **** static void ClockSetup(void);
 144:.\Generated_Source\PSoC4/cyfitter_cfg.c **** CY_CFG_SECTION
 145:.\Generated_Source\PSoC4/cyfitter_cfg.c **** static void ClockSetup(void)
 146:.\Generated_Source\PSoC4/cyfitter_cfg.c **** {
  25              		.loc 1 146 0
ARM GAS  C:\Users\Alan\AppData\Local\Temp\ccSjH8rm.s 			page 4


  26              		.cfi_startproc
  27 0000 10B5     		push	{r4, lr}
  28              		.cfi_def_cfa_offset 8
  29              		.cfi_offset 4, -8
  30              		.cfi_offset 14, -4
 147:.\Generated_Source\PSoC4/cyfitter_cfg.c **** 
 148:.\Generated_Source\PSoC4/cyfitter_cfg.c **** 	/* Set Flash Cycles based on max possible frequency in case a glitch occurs during ClockSetup(). *
 149:.\Generated_Source\PSoC4/cyfitter_cfg.c **** 	CY_SET_REG32((void CYXDATA *)(CYREG_CPUSS_FLASH_CTL), (0x0012u));
  31              		.loc 1 149 0
  32 0002 0F4C     		ldr	r4, .L2
  33 0004 1223     		mov	r3, #18
  34 0006 2360     		str	r3, [r4]
 150:.\Generated_Source\PSoC4/cyfitter_cfg.c **** 	/* Update IMO to new clock speed. */
 151:.\Generated_Source\PSoC4/cyfitter_cfg.c **** 	CySysClkWriteImoFreq(24u);
  35              		.loc 1 151 0
  36 0008 1820     		mov	r0, #24
  37 000a FFF7FEFF 		bl	CySysClkWriteImoFreq
  38              	.LVL0:
 152:.\Generated_Source\PSoC4/cyfitter_cfg.c **** 
 153:.\Generated_Source\PSoC4/cyfitter_cfg.c **** 	/* Setup phase aligned clocks */
 154:.\Generated_Source\PSoC4/cyfitter_cfg.c **** 	CY_SET_REG32((void *)CYREG_PERI_DIV_16_CTL1, 0x0012BF00u);
  39              		.loc 1 154 0
  40 000e 0D4A     		ldr	r2, .L2+4
  41 0010 0D4B     		ldr	r3, .L2+8
  42 0012 1A60     		str	r2, [r3]
 155:.\Generated_Source\PSoC4/cyfitter_cfg.c **** 	CY_SET_REG32((void *)CYREG_PERI_DIV_CMD, 0x8000FF41u);
  43              		.loc 1 155 0
  44 0014 0D4B     		ldr	r3, .L2+12
  45 0016 0E4A     		ldr	r2, .L2+16
  46 0018 1A60     		str	r2, [r3]
 156:.\Generated_Source\PSoC4/cyfitter_cfg.c **** 	CY_SET_REG32((void *)CYREG_PERI_DIV_16_CTL0, 0x0000FE00u);
  47              		.loc 1 156 0
  48 001a FE21     		mov	r1, #254
  49 001c 0902     		lsl	r1, r1, #8
  50 001e 0D4A     		ldr	r2, .L2+20
  51 0020 1160     		str	r1, [r2]
 157:.\Generated_Source\PSoC4/cyfitter_cfg.c **** 	CY_SET_REG32((void *)CYREG_PERI_DIV_CMD, 0x8000FF40u);
  52              		.loc 1 157 0
  53 0022 0D4A     		ldr	r2, .L2+24
  54 0024 1A60     		str	r2, [r3]
 158:.\Generated_Source\PSoC4/cyfitter_cfg.c **** 
 159:.\Generated_Source\PSoC4/cyfitter_cfg.c **** 	/* CYDEV_CLK_SELECT Starting address: CYDEV_CLK_SELECT */
 160:.\Generated_Source\PSoC4/cyfitter_cfg.c **** 	CY_SET_XTND_REG32((void CYFAR *)(CYREG_CLK_SELECT), 0x00000000u);
  55              		.loc 1 160 0
  56 0026 0022     		mov	r2, #0
  57 0028 0C4B     		ldr	r3, .L2+28
  58 002a 1A60     		str	r2, [r3]
 161:.\Generated_Source\PSoC4/cyfitter_cfg.c **** 
 162:.\Generated_Source\PSoC4/cyfitter_cfg.c **** 	/* CYDEV_PERI_PCLK_CTL3 Starting address: CYDEV_PERI_PCLK_CTL3 */
 163:.\Generated_Source\PSoC4/cyfitter_cfg.c **** 	CY_SET_XTND_REG32((void CYFAR *)(CYREG_PERI_PCLK_CTL3), 0x00000041u);
  59              		.loc 1 163 0
  60 002c 4132     		add	r2, r2, #65
  61 002e 0C4B     		ldr	r3, .L2+32
  62 0030 1A60     		str	r2, [r3]
 164:.\Generated_Source\PSoC4/cyfitter_cfg.c **** 
 165:.\Generated_Source\PSoC4/cyfitter_cfg.c **** 	/* CYDEV_PERI_PCLK_CTL2 Starting address: CYDEV_PERI_PCLK_CTL2 */
 166:.\Generated_Source\PSoC4/cyfitter_cfg.c **** 	CY_SET_XTND_REG32((void CYFAR *)(CYREG_PERI_PCLK_CTL2), 0x00000040u);
ARM GAS  C:\Users\Alan\AppData\Local\Temp\ccSjH8rm.s 			page 5


  63              		.loc 1 166 0
  64 0032 013A     		sub	r2, r2, #1
  65 0034 0B4B     		ldr	r3, .L2+36
  66 0036 1A60     		str	r2, [r3]
 167:.\Generated_Source\PSoC4/cyfitter_cfg.c **** 
 168:.\Generated_Source\PSoC4/cyfitter_cfg.c **** 	/* Set Flash Cycles based on newly configured 24.00MHz HFCLK. */
 169:.\Generated_Source\PSoC4/cyfitter_cfg.c **** 	CY_SET_REG32((void CYXDATA *)(CYREG_CPUSS_FLASH_CTL), (0x0011u));
  67              		.loc 1 169 0
  68 0038 1123     		mov	r3, #17
  69 003a 2360     		str	r3, [r4]
 170:.\Generated_Source\PSoC4/cyfitter_cfg.c **** }
  70              		.loc 1 170 0
  71              		@ sp needed
  72 003c 10BD     		pop	{r4, pc}
  73              	.L3:
  74 003e C046     		.align	2
  75              	.L2:
  76 0040 30001040 		.word	1074790448
  77 0044 00BF1200 		.word	1228544
  78 0048 04030140 		.word	1073808132
  79 004c 00000140 		.word	1073807360
  80 0050 41FF0080 		.word	-2147418303
  81 0054 00030140 		.word	1073808128
  82 0058 40FF0080 		.word	-2147418304
  83 005c 28000340 		.word	1073938472
  84 0060 0C010140 		.word	1073807628
  85 0064 08010140 		.word	1073807624
  86              		.cfi_endproc
  87              	.LFE4:
  88              		.size	ClockSetup, .-ClockSetup
  89              		.section	.text.SetAnalogRoutingPumps,"ax",%progbits
  90              		.align	2
  91              		.global	SetAnalogRoutingPumps
  92              		.code	16
  93              		.thumb_func
  94              		.type	SetAnalogRoutingPumps, %function
  95              	SetAnalogRoutingPumps:
  96              	.LFB6:
 171:.\Generated_Source\PSoC4/cyfitter_cfg.c **** 
 172:.\Generated_Source\PSoC4/cyfitter_cfg.c **** 
 173:.\Generated_Source\PSoC4/cyfitter_cfg.c **** /* Analog API Functions */
 174:.\Generated_Source\PSoC4/cyfitter_cfg.c **** 
 175:.\Generated_Source\PSoC4/cyfitter_cfg.c **** 
 176:.\Generated_Source\PSoC4/cyfitter_cfg.c **** /*******************************************************************************
 177:.\Generated_Source\PSoC4/cyfitter_cfg.c **** * Function Name: AnalogSetDefault
 178:.\Generated_Source\PSoC4/cyfitter_cfg.c **** ********************************************************************************
 179:.\Generated_Source\PSoC4/cyfitter_cfg.c **** *
 180:.\Generated_Source\PSoC4/cyfitter_cfg.c **** * Summary:
 181:.\Generated_Source\PSoC4/cyfitter_cfg.c **** *  Sets up the analog portions of the chip to default values based on chip
 182:.\Generated_Source\PSoC4/cyfitter_cfg.c **** *  configuration options from the project.
 183:.\Generated_Source\PSoC4/cyfitter_cfg.c **** *
 184:.\Generated_Source\PSoC4/cyfitter_cfg.c **** * Parameters:
 185:.\Generated_Source\PSoC4/cyfitter_cfg.c **** *  void
 186:.\Generated_Source\PSoC4/cyfitter_cfg.c **** *
 187:.\Generated_Source\PSoC4/cyfitter_cfg.c **** * Return:
 188:.\Generated_Source\PSoC4/cyfitter_cfg.c **** *  void
 189:.\Generated_Source\PSoC4/cyfitter_cfg.c **** *
ARM GAS  C:\Users\Alan\AppData\Local\Temp\ccSjH8rm.s 			page 6


 190:.\Generated_Source\PSoC4/cyfitter_cfg.c **** *******************************************************************************/
 191:.\Generated_Source\PSoC4/cyfitter_cfg.c **** static void AnalogSetDefault(void);
 192:.\Generated_Source\PSoC4/cyfitter_cfg.c **** static void AnalogSetDefault(void)
 193:.\Generated_Source\PSoC4/cyfitter_cfg.c **** {
 194:.\Generated_Source\PSoC4/cyfitter_cfg.c **** 	CY_SET_XTND_REG32((void CYFAR *)CYREG_CSD_SW_BYP_SEL, 0x00001000u);
 195:.\Generated_Source\PSoC4/cyfitter_cfg.c **** 	CY_SET_XTND_REG32((void CYFAR *)CYREG_CSD_SW_DSI_SEL, 0x00000011u);
 196:.\Generated_Source\PSoC4/cyfitter_cfg.c **** 	SetAnalogRoutingPumps(1);
 197:.\Generated_Source\PSoC4/cyfitter_cfg.c **** }
 198:.\Generated_Source\PSoC4/cyfitter_cfg.c **** 
 199:.\Generated_Source\PSoC4/cyfitter_cfg.c **** 
 200:.\Generated_Source\PSoC4/cyfitter_cfg.c **** /*******************************************************************************
 201:.\Generated_Source\PSoC4/cyfitter_cfg.c **** * Function Name: SetAnalogRoutingPumps
 202:.\Generated_Source\PSoC4/cyfitter_cfg.c **** ********************************************************************************
 203:.\Generated_Source\PSoC4/cyfitter_cfg.c **** *
 204:.\Generated_Source\PSoC4/cyfitter_cfg.c **** * Summary:
 205:.\Generated_Source\PSoC4/cyfitter_cfg.c **** * Enables or disables the analog pumps feeding analog routing switches.
 206:.\Generated_Source\PSoC4/cyfitter_cfg.c **** * Intended to be called at startup, based on the Vdda system configuration;
 207:.\Generated_Source\PSoC4/cyfitter_cfg.c **** * may be called during operation when the user informs us that the Vdda voltage crossed the pump th
 208:.\Generated_Source\PSoC4/cyfitter_cfg.c **** *
 209:.\Generated_Source\PSoC4/cyfitter_cfg.c **** * Parameters:
 210:.\Generated_Source\PSoC4/cyfitter_cfg.c **** *  enabled - 1 to enable the pumps, 0 to disable the pumps
 211:.\Generated_Source\PSoC4/cyfitter_cfg.c **** *
 212:.\Generated_Source\PSoC4/cyfitter_cfg.c **** * Return:
 213:.\Generated_Source\PSoC4/cyfitter_cfg.c **** *  void
 214:.\Generated_Source\PSoC4/cyfitter_cfg.c **** *
 215:.\Generated_Source\PSoC4/cyfitter_cfg.c **** *******************************************************************************/
 216:.\Generated_Source\PSoC4/cyfitter_cfg.c **** void SetAnalogRoutingPumps(uint8 enabled)
 217:.\Generated_Source\PSoC4/cyfitter_cfg.c **** {
  97              		.loc 1 217 0
  98              		.cfi_startproc
  99              	.LVL1:
 218:.\Generated_Source\PSoC4/cyfitter_cfg.c **** 	uint32 regValue = CY_GET_XTND_REG32((void *)(CYREG_HSIOM_PUMP_CTL));
 100              		.loc 1 218 0
 101 0000 0B4B     		ldr	r3, .L9
 102 0002 1B68     		ldr	r3, [r3]
 103              	.LVL2:
 219:.\Generated_Source\PSoC4/cyfitter_cfg.c **** 	if (enabled != 0u)
 104              		.loc 1 219 0
 105 0004 0028     		cmp	r0, #0
 106 0006 03D0     		beq	.L5
 220:.\Generated_Source\PSoC4/cyfitter_cfg.c **** 	{
 221:.\Generated_Source\PSoC4/cyfitter_cfg.c **** 		regValue |= 0x80000000u;
 107              		.loc 1 221 0
 108 0008 8022     		mov	r2, #128
 109 000a 1206     		lsl	r2, r2, #24
 110 000c 1343     		orr	r3, r2
 111              	.LVL3:
 112 000e 01E0     		b	.L6
 113              	.L5:
 222:.\Generated_Source\PSoC4/cyfitter_cfg.c **** 	}
 223:.\Generated_Source\PSoC4/cyfitter_cfg.c **** 	else
 224:.\Generated_Source\PSoC4/cyfitter_cfg.c **** 	{
 225:.\Generated_Source\PSoC4/cyfitter_cfg.c **** 		regValue &= ~0x80000000u;
 114              		.loc 1 225 0
 115 0010 5B00     		lsl	r3, r3, #1
 116              	.LVL4:
 117 0012 5B08     		lsr	r3, r3, #1
ARM GAS  C:\Users\Alan\AppData\Local\Temp\ccSjH8rm.s 			page 7


 118              	.LVL5:
 119              	.L6:
 226:.\Generated_Source\PSoC4/cyfitter_cfg.c **** 	}
 227:.\Generated_Source\PSoC4/cyfitter_cfg.c **** 	CY_SET_XTND_REG32((void *)(CYREG_HSIOM_PUMP_CTL), regValue);
 120              		.loc 1 227 0
 121 0014 064A     		ldr	r2, .L9
 122 0016 1360     		str	r3, [r2]
 228:.\Generated_Source\PSoC4/cyfitter_cfg.c **** 	regValue = CY_GET_XTND_REG32((void *)(CYREG_CLK_SELECT));
 123              		.loc 1 228 0
 124 0018 064B     		ldr	r3, .L9+4
 125              	.LVL6:
 126 001a 1B68     		ldr	r3, [r3]
 127              	.LVL7:
 229:.\Generated_Source\PSoC4/cyfitter_cfg.c **** 	if (enabled != 0u)
 128              		.loc 1 229 0
 129 001c 0028     		cmp	r0, #0
 130 001e 02D0     		beq	.L7
 230:.\Generated_Source\PSoC4/cyfitter_cfg.c **** 	{
 231:.\Generated_Source\PSoC4/cyfitter_cfg.c **** 		regValue |= 0x00000020u;
 131              		.loc 1 231 0
 132 0020 2022     		mov	r2, #32
 133 0022 1343     		orr	r3, r2
 134              	.LVL8:
 135 0024 01E0     		b	.L8
 136              	.L7:
 232:.\Generated_Source\PSoC4/cyfitter_cfg.c **** 	}
 233:.\Generated_Source\PSoC4/cyfitter_cfg.c **** 	else
 234:.\Generated_Source\PSoC4/cyfitter_cfg.c **** 	{
 235:.\Generated_Source\PSoC4/cyfitter_cfg.c **** 		regValue &= ~0x00000020u;
 137              		.loc 1 235 0
 138 0026 2022     		mov	r2, #32
 139 0028 9343     		bic	r3, r2
 140              	.LVL9:
 141              	.L8:
 236:.\Generated_Source\PSoC4/cyfitter_cfg.c **** 	}
 237:.\Generated_Source\PSoC4/cyfitter_cfg.c **** 	CY_SET_XTND_REG32((void *)(CYREG_CLK_SELECT), regValue);
 142              		.loc 1 237 0
 143 002a 024A     		ldr	r2, .L9+4
 144 002c 1360     		str	r3, [r2]
 238:.\Generated_Source\PSoC4/cyfitter_cfg.c **** }
 145              		.loc 1 238 0
 146              		@ sp needed
 147 002e 7047     		bx	lr
 148              	.L10:
 149              		.align	2
 150              	.L9:
 151 0030 00200240 		.word	1073881088
 152 0034 28000340 		.word	1073938472
 153              		.cfi_endproc
 154              	.LFE6:
 155              		.size	SetAnalogRoutingPumps, .-SetAnalogRoutingPumps
 156              		.section	.text.AnalogSetDefault,"ax",%progbits
 157              		.align	2
 158              		.code	16
 159              		.thumb_func
 160              		.type	AnalogSetDefault, %function
 161              	AnalogSetDefault:
ARM GAS  C:\Users\Alan\AppData\Local\Temp\ccSjH8rm.s 			page 8


 162              	.LFB5:
 193:.\Generated_Source\PSoC4/cyfitter_cfg.c **** 	CY_SET_XTND_REG32((void CYFAR *)CYREG_CSD_SW_BYP_SEL, 0x00001000u);
 163              		.loc 1 193 0
 164              		.cfi_startproc
 165 0000 08B5     		push	{r3, lr}
 166              		.cfi_def_cfa_offset 8
 167              		.cfi_offset 3, -8
 168              		.cfi_offset 14, -4
 194:.\Generated_Source\PSoC4/cyfitter_cfg.c **** 	CY_SET_XTND_REG32((void CYFAR *)CYREG_CSD_SW_DSI_SEL, 0x00000011u);
 169              		.loc 1 194 0
 170 0002 8022     		mov	r2, #128
 171 0004 5201     		lsl	r2, r2, #5
 172 0006 044B     		ldr	r3, .L12
 173 0008 1A60     		str	r2, [r3]
 195:.\Generated_Source\PSoC4/cyfitter_cfg.c **** 	SetAnalogRoutingPumps(1);
 174              		.loc 1 195 0
 175 000a 1122     		mov	r2, #17
 176 000c 034B     		ldr	r3, .L12+4
 177 000e 1A60     		str	r2, [r3]
 196:.\Generated_Source\PSoC4/cyfitter_cfg.c **** }
 178              		.loc 1 196 0
 179 0010 0120     		mov	r0, #1
 180 0012 FFF7FEFF 		bl	SetAnalogRoutingPumps
 181              	.LVL10:
 197:.\Generated_Source\PSoC4/cyfitter_cfg.c **** 
 182              		.loc 1 197 0
 183              		@ sp needed
 184 0016 08BD     		pop	{r3, pc}
 185              	.L13:
 186              		.align	2
 187              	.L12:
 188 0018 94020B40 		.word	1074463380
 189 001c C0020B40 		.word	1074463424
 190              		.cfi_endproc
 191              	.LFE5:
 192              		.size	AnalogSetDefault, .-AnalogSetDefault
 193              		.section	.psocinit
 194              		.align	2
 195              		.global	cyfitter_cfg
 196              		.code	16
 197              		.thumb_func
 198              		.type	cyfitter_cfg, %function
 199              	cyfitter_cfg:
 200              	.LFB7:
 239:.\Generated_Source\PSoC4/cyfitter_cfg.c **** 
 240:.\Generated_Source\PSoC4/cyfitter_cfg.c **** #define CY_AMUX_UNUSED CYREG_CM0P_ROM_DWT
 241:.\Generated_Source\PSoC4/cyfitter_cfg.c **** 
 242:.\Generated_Source\PSoC4/cyfitter_cfg.c **** 
 243:.\Generated_Source\PSoC4/cyfitter_cfg.c **** /*******************************************************************************
 244:.\Generated_Source\PSoC4/cyfitter_cfg.c **** * Function Name: cyfitter_cfg
 245:.\Generated_Source\PSoC4/cyfitter_cfg.c **** ********************************************************************************
 246:.\Generated_Source\PSoC4/cyfitter_cfg.c **** * Summary:
 247:.\Generated_Source\PSoC4/cyfitter_cfg.c **** *  This function is called by the start-up code for the selected device. It
 248:.\Generated_Source\PSoC4/cyfitter_cfg.c **** *  performs all of the necessary device configuration based on the design
 249:.\Generated_Source\PSoC4/cyfitter_cfg.c **** *  settings.  This includes settings from the Design Wide Resources (DWR) such
 250:.\Generated_Source\PSoC4/cyfitter_cfg.c **** *  as Clocks and Pins as well as any component configuration that is necessary.
 251:.\Generated_Source\PSoC4/cyfitter_cfg.c **** *
ARM GAS  C:\Users\Alan\AppData\Local\Temp\ccSjH8rm.s 			page 9


 252:.\Generated_Source\PSoC4/cyfitter_cfg.c **** * Parameters:  
 253:.\Generated_Source\PSoC4/cyfitter_cfg.c **** *   void
 254:.\Generated_Source\PSoC4/cyfitter_cfg.c **** *
 255:.\Generated_Source\PSoC4/cyfitter_cfg.c **** * Return:
 256:.\Generated_Source\PSoC4/cyfitter_cfg.c **** *   void
 257:.\Generated_Source\PSoC4/cyfitter_cfg.c **** *
 258:.\Generated_Source\PSoC4/cyfitter_cfg.c **** *******************************************************************************/
 259:.\Generated_Source\PSoC4/cyfitter_cfg.c **** CY_CFG_SECTION
 260:.\Generated_Source\PSoC4/cyfitter_cfg.c **** void cyfitter_cfg(void)
 261:.\Generated_Source\PSoC4/cyfitter_cfg.c **** {
 201              		.loc 1 261 0
 202              		.cfi_startproc
 203 0068 08B5     		push	{r3, lr}
 204              		.cfi_def_cfa_offset 8
 205              		.cfi_offset 3, -8
 206              		.cfi_offset 14, -4
 262:.\Generated_Source\PSoC4/cyfitter_cfg.c **** 	/* Disable interrupts by default. Let user enable if/when they want. */
 263:.\Generated_Source\PSoC4/cyfitter_cfg.c **** 	CyGlobalIntDisable;
 207              		.loc 1 263 0
 208              	@ 263 ".\Generated_Source\PSoC4\cyfitter_cfg.c" 1
 209 006a 72B6     		CPSID   i
 210              	@ 0 "" 2
 264:.\Generated_Source\PSoC4/cyfitter_cfg.c **** 
 265:.\Generated_Source\PSoC4/cyfitter_cfg.c **** 	{
 266:.\Generated_Source\PSoC4/cyfitter_cfg.c **** 		/* HSIOM Starting address: CYDEV_HSIOM_BASE */
 267:.\Generated_Source\PSoC4/cyfitter_cfg.c **** 		CY_SET_XTND_REG32((void CYFAR *)(CYREG_HSIOM_PORT_SEL1), 0x06660000u);
 211              		.loc 1 267 0
 212              		.code	16
 213 006c 124A     		ldr	r2, .L15
 214 006e 134B     		ldr	r3, .L15+4
 215 0070 1A60     		str	r2, [r3]
 268:.\Generated_Source\PSoC4/cyfitter_cfg.c **** 		CY_SET_XTND_REG32((void CYFAR *)(CYREG_HSIOM_PORT_SEL2), 0x33883000u);
 216              		.loc 1 268 0
 217 0072 134A     		ldr	r2, .L15+8
 218 0074 134B     		ldr	r3, .L15+12
 219 0076 1A60     		str	r2, [r3]
 269:.\Generated_Source\PSoC4/cyfitter_cfg.c **** 		CY_SET_XTND_REG32((void CYFAR *)(CYREG_HSIOM_PORT_SEL3), 0x0000EE00u);
 220              		.loc 1 269 0
 221 0078 EE22     		mov	r2, #238
 222 007a 1202     		lsl	r2, r2, #8
 223 007c 124B     		ldr	r3, .L15+16
 224 007e 1A60     		str	r2, [r3]
 270:.\Generated_Source\PSoC4/cyfitter_cfg.c **** 
 271:.\Generated_Source\PSoC4/cyfitter_cfg.c **** 	}
 272:.\Generated_Source\PSoC4/cyfitter_cfg.c **** 
 273:.\Generated_Source\PSoC4/cyfitter_cfg.c **** 	/* Perform second pass device configuration. These items must be configured in specific order afte
 274:.\Generated_Source\PSoC4/cyfitter_cfg.c **** 	/* IOPINS0_1 Starting address: CYDEV_GPIO_PRT1_BASE */
 275:.\Generated_Source\PSoC4/cyfitter_cfg.c **** 	CY_SET_XTND_REG32((void CYFAR *)(CYDEV_GPIO_PRT1_BASE), 0x00000078u);
 225              		.loc 1 275 0
 226 0080 7823     		mov	r3, #120
 227 0082 124A     		ldr	r2, .L15+20
 228 0084 1360     		str	r3, [r2]
 276:.\Generated_Source\PSoC4/cyfitter_cfg.c **** 	CY_SET_XTND_REG32((void CYFAR *)(CYREG_GPIO_PRT1_PC2), 0x00000078u);
 229              		.loc 1 276 0
 230 0086 124A     		ldr	r2, .L15+24
 231 0088 1360     		str	r3, [r2]
 277:.\Generated_Source\PSoC4/cyfitter_cfg.c **** 
ARM GAS  C:\Users\Alan\AppData\Local\Temp\ccSjH8rm.s 			page 10


 278:.\Generated_Source\PSoC4/cyfitter_cfg.c **** 	/* IOPINS0_2 Starting address: CYDEV_GPIO_PRT2_BASE */
 279:.\Generated_Source\PSoC4/cyfitter_cfg.c **** 	CY_SET_XTND_REG32((void CYFAR *)(CYDEV_GPIO_PRT2_BASE), 0x000000F8u);
 232              		.loc 1 279 0
 233 008a F822     		mov	r2, #248
 234 008c 114B     		ldr	r3, .L15+28
 235 008e 1A60     		str	r2, [r3]
 280:.\Generated_Source\PSoC4/cyfitter_cfg.c **** 	CY_SET_XTND_REG32((void CYFAR *)(CYREG_GPIO_PRT2_PC), 0x00DB0C0Eu);
 236              		.loc 1 280 0
 237 0090 114A     		ldr	r2, .L15+32
 238 0092 124B     		ldr	r3, .L15+36
 239 0094 1A60     		str	r2, [r3]
 281:.\Generated_Source\PSoC4/cyfitter_cfg.c **** 
 282:.\Generated_Source\PSoC4/cyfitter_cfg.c **** 	/* IOPINS0_3 Starting address: CYDEV_GPIO_PRT3_BASE */
 283:.\Generated_Source\PSoC4/cyfitter_cfg.c **** 	CY_SET_XTND_REG32((void CYFAR *)(CYDEV_GPIO_PRT3_BASE), 0x00000070u);
 240              		.loc 1 283 0
 241 0096 7022     		mov	r2, #112
 242 0098 114B     		ldr	r3, .L15+40
 243 009a 1A60     		str	r2, [r3]
 284:.\Generated_Source\PSoC4/cyfitter_cfg.c **** 	CY_SET_XTND_REG32((void CYFAR *)(CYREG_GPIO_PRT3_PC), 0x001B6D80u);
 244              		.loc 1 284 0
 245 009c 114A     		ldr	r2, .L15+44
 246 009e 124B     		ldr	r3, .L15+48
 247 00a0 1A60     		str	r2, [r3]
 285:.\Generated_Source\PSoC4/cyfitter_cfg.c **** 
 286:.\Generated_Source\PSoC4/cyfitter_cfg.c **** 	/* IOPINS0_4 Starting address: CYDEV_GPIO_PRT4_BASE */
 287:.\Generated_Source\PSoC4/cyfitter_cfg.c **** 	CY_SET_XTND_REG32((void CYFAR *)(CYDEV_GPIO_PRT4_BASE), 0x0000000Cu);
 248              		.loc 1 287 0
 249 00a2 0C23     		mov	r3, #12
 250 00a4 114A     		ldr	r2, .L15+52
 251 00a6 1360     		str	r3, [r2]
 288:.\Generated_Source\PSoC4/cyfitter_cfg.c **** 	CY_SET_XTND_REG32((void CYFAR *)(CYREG_GPIO_PRT4_PC2), 0x0000000Cu);
 252              		.loc 1 288 0
 253 00a8 114A     		ldr	r2, .L15+56
 254 00aa 1360     		str	r3, [r2]
 289:.\Generated_Source\PSoC4/cyfitter_cfg.c **** 
 290:.\Generated_Source\PSoC4/cyfitter_cfg.c **** 
 291:.\Generated_Source\PSoC4/cyfitter_cfg.c **** 	/* Setup clocks based on selections from Clock DWR */
 292:.\Generated_Source\PSoC4/cyfitter_cfg.c **** 	ClockSetup();
 255              		.loc 1 292 0
 256 00ac FFF7A8FF 		bl	ClockSetup
 257              	.LVL11:
 293:.\Generated_Source\PSoC4/cyfitter_cfg.c **** 
 294:.\Generated_Source\PSoC4/cyfitter_cfg.c **** 	/* Perform basic analog initialization to defaults */
 295:.\Generated_Source\PSoC4/cyfitter_cfg.c **** 	AnalogSetDefault();
 258              		.loc 1 295 0
 259 00b0 FFF7FEFF 		bl	AnalogSetDefault
 260              	.LVL12:
 296:.\Generated_Source\PSoC4/cyfitter_cfg.c **** 
 297:.\Generated_Source\PSoC4/cyfitter_cfg.c **** }
 261              		.loc 1 297 0
 262              		@ sp needed
 263 00b4 08BD     		pop	{r3, pc}
 264              	.L16:
 265 00b6 C046     		.align	2
 266              	.L15:
 267 00b8 00006606 		.word	107347968
 268 00bc 00010240 		.word	1073873152
ARM GAS  C:\Users\Alan\AppData\Local\Temp\ccSjH8rm.s 			page 11


 269 00c0 00308833 		.word	864563200
 270 00c4 00020240 		.word	1073873408
 271 00c8 00030240 		.word	1073873664
 272 00cc 00010440 		.word	1074004224
 273 00d0 18010440 		.word	1074004248
 274 00d4 00020440 		.word	1074004480
 275 00d8 0E0CDB00 		.word	14355470
 276 00dc 08020440 		.word	1074004488
 277 00e0 00030440 		.word	1074004736
 278 00e4 806D1B00 		.word	1797504
 279 00e8 08030440 		.word	1074004744
 280 00ec 00040440 		.word	1074004992
 281 00f0 18040440 		.word	1074005016
 282              		.cfi_endproc
 283              	.LFE7:
 284              		.size	cyfitter_cfg, .-cyfitter_cfg
 285              		.text
 286              	.Letext0:
 287              		.file 2 ".\\Generated_Source\\PSoC4\\cytypes.h"
 288              		.file 3 ".\\Generated_Source\\PSoC4\\CyLib.h"
 289              		.section	.debug_info,"",%progbits
 290              	.Ldebug_info0:
 291 0000 5F010000 		.4byte	0x15f
 292 0004 0400     		.2byte	0x4
 293 0006 00000000 		.4byte	.Ldebug_abbrev0
 294 000a 04       		.byte	0x4
 295 000b 01       		.uleb128 0x1
 296 000c 2A000000 		.4byte	.LASF20
 297 0010 01       		.byte	0x1
 298 0011 37010000 		.4byte	.LASF21
 299 0015 B5010000 		.4byte	.LASF22
 300 0019 00000000 		.4byte	.Ldebug_ranges0+0
 301 001d 00000000 		.4byte	0
 302 0021 00000000 		.4byte	.Ldebug_line0
 303 0025 02       		.uleb128 0x2
 304 0026 04       		.byte	0x4
 305 0027 05       		.byte	0x5
 306 0028 696E7400 		.ascii	"int\000"
 307 002c 03       		.uleb128 0x3
 308 002d 04       		.byte	0x4
 309 002e 07       		.byte	0x7
 310 002f 1D000000 		.4byte	.LASF0
 311 0033 03       		.uleb128 0x3
 312 0034 01       		.byte	0x1
 313 0035 06       		.byte	0x6
 314 0036 A9010000 		.4byte	.LASF1
 315 003a 03       		.uleb128 0x3
 316 003b 01       		.byte	0x1
 317 003c 08       		.byte	0x8
 318 003d 29010000 		.4byte	.LASF2
 319 0041 03       		.uleb128 0x3
 320 0042 02       		.byte	0x2
 321 0043 05       		.byte	0x5
 322 0044 17020000 		.4byte	.LASF3
 323 0048 03       		.uleb128 0x3
 324 0049 02       		.byte	0x2
 325 004a 07       		.byte	0x7
ARM GAS  C:\Users\Alan\AppData\Local\Temp\ccSjH8rm.s 			page 12


 326 004b 96010000 		.4byte	.LASF4
 327 004f 03       		.uleb128 0x3
 328 0050 04       		.byte	0x4
 329 0051 05       		.byte	0x5
 330 0052 64010000 		.4byte	.LASF5
 331 0056 03       		.uleb128 0x3
 332 0057 04       		.byte	0x4
 333 0058 07       		.byte	0x7
 334 0059 C2000000 		.4byte	.LASF6
 335 005d 03       		.uleb128 0x3
 336 005e 08       		.byte	0x8
 337 005f 05       		.byte	0x5
 338 0060 00000000 		.4byte	.LASF7
 339 0064 03       		.uleb128 0x3
 340 0065 08       		.byte	0x8
 341 0066 07       		.byte	0x7
 342 0067 E1000000 		.4byte	.LASF8
 343 006b 03       		.uleb128 0x3
 344 006c 04       		.byte	0x4
 345 006d 07       		.byte	0x7
 346 006e 21020000 		.4byte	.LASF9
 347 0072 03       		.uleb128 0x3
 348 0073 01       		.byte	0x1
 349 0074 08       		.byte	0x8
 350 0075 5F010000 		.4byte	.LASF10
 351 0079 04       		.uleb128 0x4
 352 007a BC000000 		.4byte	.LASF11
 353 007e 02       		.byte	0x2
 354 007f 9801     		.2byte	0x198
 355 0081 3A000000 		.4byte	0x3a
 356 0085 04       		.uleb128 0x4
 357 0086 0E000000 		.4byte	.LASF12
 358 008a 02       		.byte	0x2
 359 008b 9A01     		.2byte	0x19a
 360 008d 56000000 		.4byte	0x56
 361 0091 03       		.uleb128 0x3
 362 0092 04       		.byte	0x4
 363 0093 04       		.byte	0x4
 364 0094 F8000000 		.4byte	.LASF13
 365 0098 03       		.uleb128 0x3
 366 0099 08       		.byte	0x8
 367 009a 04       		.byte	0x4
 368 009b 89010000 		.4byte	.LASF14
 369 009f 04       		.uleb128 0x4
 370 00a0 90010000 		.4byte	.LASF15
 371 00a4 02       		.byte	0x2
 372 00a5 4402     		.2byte	0x244
 373 00a7 AB000000 		.4byte	0xab
 374 00ab 05       		.uleb128 0x5
 375 00ac 85000000 		.4byte	0x85
 376 00b0 06       		.uleb128 0x6
 377 00b1 7E010000 		.4byte	.LASF16
 378 00b5 01       		.byte	0x1
 379 00b6 91       		.byte	0x91
 380 00b7 00000000 		.4byte	.LFB4
 381 00bb 68000000 		.4byte	.LFE4-.LFB4
 382 00bf 01       		.uleb128 0x1
ARM GAS  C:\Users\Alan\AppData\Local\Temp\ccSjH8rm.s 			page 13


 383 00c0 9C       		.byte	0x9c
 384 00c1 D5000000 		.4byte	0xd5
 385 00c5 07       		.uleb128 0x7
 386 00c6 0E000000 		.4byte	.LVL0
 387 00ca 55010000 		.4byte	0x155
 388 00ce 08       		.uleb128 0x8
 389 00cf 01       		.uleb128 0x1
 390 00d0 50       		.byte	0x50
 391 00d1 01       		.uleb128 0x1
 392 00d2 48       		.byte	0x48
 393 00d3 00       		.byte	0
 394 00d4 00       		.byte	0
 395 00d5 09       		.uleb128 0x9
 396 00d6 FE000000 		.4byte	.LASF18
 397 00da 01       		.byte	0x1
 398 00db D8       		.byte	0xd8
 399 00dc 00000000 		.4byte	.LFB6
 400 00e0 38000000 		.4byte	.LFE6-.LFB6
 401 00e4 01       		.uleb128 0x1
 402 00e5 9C       		.byte	0x9c
 403 00e6 07010000 		.4byte	0x107
 404 00ea 0A       		.uleb128 0xa
 405 00eb 15000000 		.4byte	.LASF23
 406 00ef 01       		.byte	0x1
 407 00f0 D8       		.byte	0xd8
 408 00f1 79000000 		.4byte	0x79
 409 00f5 01       		.uleb128 0x1
 410 00f6 50       		.byte	0x50
 411 00f7 0B       		.uleb128 0xb
 412 00f8 0E020000 		.4byte	.LASF24
 413 00fc 01       		.byte	0x1
 414 00fd DA       		.byte	0xda
 415 00fe 85000000 		.4byte	0x85
 416 0102 00000000 		.4byte	.LLST0
 417 0106 00       		.byte	0
 418 0107 06       		.uleb128 0x6
 419 0108 6D010000 		.4byte	.LASF17
 420 010c 01       		.byte	0x1
 421 010d C0       		.byte	0xc0
 422 010e 00000000 		.4byte	.LFB5
 423 0112 20000000 		.4byte	.LFE5-.LFB5
 424 0116 01       		.uleb128 0x1
 425 0117 9C       		.byte	0x9c
 426 0118 2C010000 		.4byte	0x12c
 427 011c 07       		.uleb128 0x7
 428 011d 16000000 		.4byte	.LVL10
 429 0121 D5000000 		.4byte	0xd5
 430 0125 08       		.uleb128 0x8
 431 0126 01       		.uleb128 0x1
 432 0127 50       		.byte	0x50
 433 0128 01       		.uleb128 0x1
 434 0129 31       		.byte	0x31
 435 012a 00       		.byte	0
 436 012b 00       		.byte	0
 437 012c 0C       		.uleb128 0xc
 438 012d D4000000 		.4byte	.LASF19
 439 0131 01       		.byte	0x1
ARM GAS  C:\Users\Alan\AppData\Local\Temp\ccSjH8rm.s 			page 14


 440 0132 0401     		.2byte	0x104
 441 0134 68000000 		.4byte	.LFB7
 442 0138 8C000000 		.4byte	.LFE7-.LFB7
 443 013c 01       		.uleb128 0x1
 444 013d 9C       		.byte	0x9c
 445 013e 55010000 		.4byte	0x155
 446 0142 0D       		.uleb128 0xd
 447 0143 B0000000 		.4byte	.LVL11
 448 0147 B0000000 		.4byte	0xb0
 449 014b 0D       		.uleb128 0xd
 450 014c B4000000 		.4byte	.LVL12
 451 0150 07010000 		.4byte	0x107
 452 0154 00       		.byte	0
 453 0155 0E       		.uleb128 0xe
 454 0156 14010000 		.4byte	.LASF25
 455 015a 03       		.byte	0x3
 456 015b 6C       		.byte	0x6c
 457 015c 0F       		.uleb128 0xf
 458 015d 85000000 		.4byte	0x85
 459 0161 00       		.byte	0
 460 0162 00       		.byte	0
 461              		.section	.debug_abbrev,"",%progbits
 462              	.Ldebug_abbrev0:
 463 0000 01       		.uleb128 0x1
 464 0001 11       		.uleb128 0x11
 465 0002 01       		.byte	0x1
 466 0003 25       		.uleb128 0x25
 467 0004 0E       		.uleb128 0xe
 468 0005 13       		.uleb128 0x13
 469 0006 0B       		.uleb128 0xb
 470 0007 03       		.uleb128 0x3
 471 0008 0E       		.uleb128 0xe
 472 0009 1B       		.uleb128 0x1b
 473 000a 0E       		.uleb128 0xe
 474 000b 55       		.uleb128 0x55
 475 000c 17       		.uleb128 0x17
 476 000d 11       		.uleb128 0x11
 477 000e 01       		.uleb128 0x1
 478 000f 10       		.uleb128 0x10
 479 0010 17       		.uleb128 0x17
 480 0011 00       		.byte	0
 481 0012 00       		.byte	0
 482 0013 02       		.uleb128 0x2
 483 0014 24       		.uleb128 0x24
 484 0015 00       		.byte	0
 485 0016 0B       		.uleb128 0xb
 486 0017 0B       		.uleb128 0xb
 487 0018 3E       		.uleb128 0x3e
 488 0019 0B       		.uleb128 0xb
 489 001a 03       		.uleb128 0x3
 490 001b 08       		.uleb128 0x8
 491 001c 00       		.byte	0
 492 001d 00       		.byte	0
 493 001e 03       		.uleb128 0x3
 494 001f 24       		.uleb128 0x24
 495 0020 00       		.byte	0
 496 0021 0B       		.uleb128 0xb
ARM GAS  C:\Users\Alan\AppData\Local\Temp\ccSjH8rm.s 			page 15


 497 0022 0B       		.uleb128 0xb
 498 0023 3E       		.uleb128 0x3e
 499 0024 0B       		.uleb128 0xb
 500 0025 03       		.uleb128 0x3
 501 0026 0E       		.uleb128 0xe
 502 0027 00       		.byte	0
 503 0028 00       		.byte	0
 504 0029 04       		.uleb128 0x4
 505 002a 16       		.uleb128 0x16
 506 002b 00       		.byte	0
 507 002c 03       		.uleb128 0x3
 508 002d 0E       		.uleb128 0xe
 509 002e 3A       		.uleb128 0x3a
 510 002f 0B       		.uleb128 0xb
 511 0030 3B       		.uleb128 0x3b
 512 0031 05       		.uleb128 0x5
 513 0032 49       		.uleb128 0x49
 514 0033 13       		.uleb128 0x13
 515 0034 00       		.byte	0
 516 0035 00       		.byte	0
 517 0036 05       		.uleb128 0x5
 518 0037 35       		.uleb128 0x35
 519 0038 00       		.byte	0
 520 0039 49       		.uleb128 0x49
 521 003a 13       		.uleb128 0x13
 522 003b 00       		.byte	0
 523 003c 00       		.byte	0
 524 003d 06       		.uleb128 0x6
 525 003e 2E       		.uleb128 0x2e
 526 003f 01       		.byte	0x1
 527 0040 03       		.uleb128 0x3
 528 0041 0E       		.uleb128 0xe
 529 0042 3A       		.uleb128 0x3a
 530 0043 0B       		.uleb128 0xb
 531 0044 3B       		.uleb128 0x3b
 532 0045 0B       		.uleb128 0xb
 533 0046 27       		.uleb128 0x27
 534 0047 19       		.uleb128 0x19
 535 0048 11       		.uleb128 0x11
 536 0049 01       		.uleb128 0x1
 537 004a 12       		.uleb128 0x12
 538 004b 06       		.uleb128 0x6
 539 004c 40       		.uleb128 0x40
 540 004d 18       		.uleb128 0x18
 541 004e 9742     		.uleb128 0x2117
 542 0050 19       		.uleb128 0x19
 543 0051 01       		.uleb128 0x1
 544 0052 13       		.uleb128 0x13
 545 0053 00       		.byte	0
 546 0054 00       		.byte	0
 547 0055 07       		.uleb128 0x7
 548 0056 898201   		.uleb128 0x4109
 549 0059 01       		.byte	0x1
 550 005a 11       		.uleb128 0x11
 551 005b 01       		.uleb128 0x1
 552 005c 31       		.uleb128 0x31
 553 005d 13       		.uleb128 0x13
ARM GAS  C:\Users\Alan\AppData\Local\Temp\ccSjH8rm.s 			page 16


 554 005e 00       		.byte	0
 555 005f 00       		.byte	0
 556 0060 08       		.uleb128 0x8
 557 0061 8A8201   		.uleb128 0x410a
 558 0064 00       		.byte	0
 559 0065 02       		.uleb128 0x2
 560 0066 18       		.uleb128 0x18
 561 0067 9142     		.uleb128 0x2111
 562 0069 18       		.uleb128 0x18
 563 006a 00       		.byte	0
 564 006b 00       		.byte	0
 565 006c 09       		.uleb128 0x9
 566 006d 2E       		.uleb128 0x2e
 567 006e 01       		.byte	0x1
 568 006f 3F       		.uleb128 0x3f
 569 0070 19       		.uleb128 0x19
 570 0071 03       		.uleb128 0x3
 571 0072 0E       		.uleb128 0xe
 572 0073 3A       		.uleb128 0x3a
 573 0074 0B       		.uleb128 0xb
 574 0075 3B       		.uleb128 0x3b
 575 0076 0B       		.uleb128 0xb
 576 0077 27       		.uleb128 0x27
 577 0078 19       		.uleb128 0x19
 578 0079 11       		.uleb128 0x11
 579 007a 01       		.uleb128 0x1
 580 007b 12       		.uleb128 0x12
 581 007c 06       		.uleb128 0x6
 582 007d 40       		.uleb128 0x40
 583 007e 18       		.uleb128 0x18
 584 007f 9742     		.uleb128 0x2117
 585 0081 19       		.uleb128 0x19
 586 0082 01       		.uleb128 0x1
 587 0083 13       		.uleb128 0x13
 588 0084 00       		.byte	0
 589 0085 00       		.byte	0
 590 0086 0A       		.uleb128 0xa
 591 0087 05       		.uleb128 0x5
 592 0088 00       		.byte	0
 593 0089 03       		.uleb128 0x3
 594 008a 0E       		.uleb128 0xe
 595 008b 3A       		.uleb128 0x3a
 596 008c 0B       		.uleb128 0xb
 597 008d 3B       		.uleb128 0x3b
 598 008e 0B       		.uleb128 0xb
 599 008f 49       		.uleb128 0x49
 600 0090 13       		.uleb128 0x13
 601 0091 02       		.uleb128 0x2
 602 0092 18       		.uleb128 0x18
 603 0093 00       		.byte	0
 604 0094 00       		.byte	0
 605 0095 0B       		.uleb128 0xb
 606 0096 34       		.uleb128 0x34
 607 0097 00       		.byte	0
 608 0098 03       		.uleb128 0x3
 609 0099 0E       		.uleb128 0xe
 610 009a 3A       		.uleb128 0x3a
ARM GAS  C:\Users\Alan\AppData\Local\Temp\ccSjH8rm.s 			page 17


 611 009b 0B       		.uleb128 0xb
 612 009c 3B       		.uleb128 0x3b
 613 009d 0B       		.uleb128 0xb
 614 009e 49       		.uleb128 0x49
 615 009f 13       		.uleb128 0x13
 616 00a0 02       		.uleb128 0x2
 617 00a1 17       		.uleb128 0x17
 618 00a2 00       		.byte	0
 619 00a3 00       		.byte	0
 620 00a4 0C       		.uleb128 0xc
 621 00a5 2E       		.uleb128 0x2e
 622 00a6 01       		.byte	0x1
 623 00a7 3F       		.uleb128 0x3f
 624 00a8 19       		.uleb128 0x19
 625 00a9 03       		.uleb128 0x3
 626 00aa 0E       		.uleb128 0xe
 627 00ab 3A       		.uleb128 0x3a
 628 00ac 0B       		.uleb128 0xb
 629 00ad 3B       		.uleb128 0x3b
 630 00ae 05       		.uleb128 0x5
 631 00af 27       		.uleb128 0x27
 632 00b0 19       		.uleb128 0x19
 633 00b1 11       		.uleb128 0x11
 634 00b2 01       		.uleb128 0x1
 635 00b3 12       		.uleb128 0x12
 636 00b4 06       		.uleb128 0x6
 637 00b5 40       		.uleb128 0x40
 638 00b6 18       		.uleb128 0x18
 639 00b7 9742     		.uleb128 0x2117
 640 00b9 19       		.uleb128 0x19
 641 00ba 01       		.uleb128 0x1
 642 00bb 13       		.uleb128 0x13
 643 00bc 00       		.byte	0
 644 00bd 00       		.byte	0
 645 00be 0D       		.uleb128 0xd
 646 00bf 898201   		.uleb128 0x4109
 647 00c2 00       		.byte	0
 648 00c3 11       		.uleb128 0x11
 649 00c4 01       		.uleb128 0x1
 650 00c5 31       		.uleb128 0x31
 651 00c6 13       		.uleb128 0x13
 652 00c7 00       		.byte	0
 653 00c8 00       		.byte	0
 654 00c9 0E       		.uleb128 0xe
 655 00ca 2E       		.uleb128 0x2e
 656 00cb 01       		.byte	0x1
 657 00cc 3F       		.uleb128 0x3f
 658 00cd 19       		.uleb128 0x19
 659 00ce 03       		.uleb128 0x3
 660 00cf 0E       		.uleb128 0xe
 661 00d0 3A       		.uleb128 0x3a
 662 00d1 0B       		.uleb128 0xb
 663 00d2 3B       		.uleb128 0x3b
 664 00d3 0B       		.uleb128 0xb
 665 00d4 27       		.uleb128 0x27
 666 00d5 19       		.uleb128 0x19
 667 00d6 3C       		.uleb128 0x3c
ARM GAS  C:\Users\Alan\AppData\Local\Temp\ccSjH8rm.s 			page 18


 668 00d7 19       		.uleb128 0x19
 669 00d8 00       		.byte	0
 670 00d9 00       		.byte	0
 671 00da 0F       		.uleb128 0xf
 672 00db 05       		.uleb128 0x5
 673 00dc 00       		.byte	0
 674 00dd 49       		.uleb128 0x49
 675 00de 13       		.uleb128 0x13
 676 00df 00       		.byte	0
 677 00e0 00       		.byte	0
 678 00e1 00       		.byte	0
 679              		.section	.debug_loc,"",%progbits
 680              	.Ldebug_loc0:
 681              	.LLST0:
 682 0000 04000000 		.4byte	.LVL2
 683 0004 12000000 		.4byte	.LVL4
 684 0008 0100     		.2byte	0x1
 685 000a 53       		.byte	0x53
 686 000b 14000000 		.4byte	.LVL5
 687 000f 1A000000 		.4byte	.LVL6
 688 0013 0100     		.2byte	0x1
 689 0015 53       		.byte	0x53
 690 0016 1A000000 		.4byte	.LVL6
 691 001a 1C000000 		.4byte	.LVL7
 692 001e 0200     		.2byte	0x2
 693 0020 72       		.byte	0x72
 694 0021 00       		.sleb128 0
 695 0022 1C000000 		.4byte	.LVL7
 696 0026 38000000 		.4byte	.LFE6
 697 002a 0100     		.2byte	0x1
 698 002c 53       		.byte	0x53
 699 002d 00000000 		.4byte	0
 700 0031 00000000 		.4byte	0
 701              		.section	.debug_aranges,"",%progbits
 702 0000 34000000 		.4byte	0x34
 703 0004 0200     		.2byte	0x2
 704 0006 00000000 		.4byte	.Ldebug_info0
 705 000a 04       		.byte	0x4
 706 000b 00       		.byte	0
 707 000c 0000     		.2byte	0
 708 000e 0000     		.2byte	0
 709 0010 00000000 		.4byte	.LFB4
 710 0014 68000000 		.4byte	.LFE4-.LFB4
 711 0018 00000000 		.4byte	.LFB6
 712 001c 38000000 		.4byte	.LFE6-.LFB6
 713 0020 00000000 		.4byte	.LFB5
 714 0024 20000000 		.4byte	.LFE5-.LFB5
 715 0028 68000000 		.4byte	.LFB7
 716 002c 8C000000 		.4byte	.LFE7-.LFB7
 717 0030 00000000 		.4byte	0
 718 0034 00000000 		.4byte	0
 719              		.section	.debug_ranges,"",%progbits
 720              	.Ldebug_ranges0:
 721 0000 00000000 		.4byte	.LFB4
 722 0004 68000000 		.4byte	.LFE4
 723 0008 00000000 		.4byte	.LFB6
 724 000c 38000000 		.4byte	.LFE6
ARM GAS  C:\Users\Alan\AppData\Local\Temp\ccSjH8rm.s 			page 19


 725 0010 00000000 		.4byte	.LFB5
 726 0014 20000000 		.4byte	.LFE5
 727 0018 68000000 		.4byte	.LFB7
 728 001c F4000000 		.4byte	.LFE7
 729 0020 00000000 		.4byte	0
 730 0024 00000000 		.4byte	0
 731              		.section	.debug_line,"",%progbits
 732              	.Ldebug_line0:
 733 0000 BA000000 		.section	.debug_str,"MS",%progbits,1
 733      02005600 
 733      00000201 
 733      FB0E0D00 
 733      01010101 
 734              	.LASF7:
 735 0000 6C6F6E67 		.ascii	"long long int\000"
 735      206C6F6E 
 735      6720696E 
 735      7400
 736              	.LASF12:
 737 000e 75696E74 		.ascii	"uint32\000"
 737      333200
 738              	.LASF23:
 739 0015 656E6162 		.ascii	"enabled\000"
 739      6C656400 
 740              	.LASF0:
 741 001d 756E7369 		.ascii	"unsigned int\000"
 741      676E6564 
 741      20696E74 
 741      00
 742              	.LASF20:
 743 002a 474E5520 		.ascii	"GNU C 4.9.3 20150303 (release) [ARM/embedded-4_9-br"
 743      4320342E 
 743      392E3320 
 743      32303135 
 743      30333033 
 744 005d 616E6368 		.ascii	"anch revision 221220] -mcpu=cortex-m0plus -mthumb -"
 744      20726576 
 744      6973696F 
 744      6E203232 
 744      31323230 
 745 0090 67202D4F 		.ascii	"g -Og -ffunction-sections -ffat-lto-objects\000"
 745      67202D66 
 745      66756E63 
 745      74696F6E 
 745      2D736563 
 746              	.LASF11:
 747 00bc 75696E74 		.ascii	"uint8\000"
 747      3800
 748              	.LASF6:
 749 00c2 6C6F6E67 		.ascii	"long unsigned int\000"
 749      20756E73 
 749      69676E65 
 749      6420696E 
 749      7400
 750              	.LASF19:
 751 00d4 63796669 		.ascii	"cyfitter_cfg\000"
 751      74746572 
ARM GAS  C:\Users\Alan\AppData\Local\Temp\ccSjH8rm.s 			page 20


 751      5F636667 
 751      00
 752              	.LASF8:
 753 00e1 6C6F6E67 		.ascii	"long long unsigned int\000"
 753      206C6F6E 
 753      6720756E 
 753      7369676E 
 753      65642069 
 754              	.LASF13:
 755 00f8 666C6F61 		.ascii	"float\000"
 755      7400
 756              	.LASF18:
 757 00fe 53657441 		.ascii	"SetAnalogRoutingPumps\000"
 757      6E616C6F 
 757      67526F75 
 757      74696E67 
 757      50756D70 
 758              	.LASF25:
 759 0114 43795379 		.ascii	"CySysClkWriteImoFreq\000"
 759      73436C6B 
 759      57726974 
 759      65496D6F 
 759      46726571 
 760              	.LASF2:
 761 0129 756E7369 		.ascii	"unsigned char\000"
 761      676E6564 
 761      20636861 
 761      7200
 762              	.LASF21:
 763 0137 2E5C4765 		.ascii	".\\Generated_Source\\PSoC4\\cyfitter_cfg.c\000"
 763      6E657261 
 763      7465645F 
 763      536F7572 
 763      63655C50 
 764              	.LASF10:
 765 015f 63686172 		.ascii	"char\000"
 765      00
 766              	.LASF5:
 767 0164 6C6F6E67 		.ascii	"long int\000"
 767      20696E74 
 767      00
 768              	.LASF17:
 769 016d 416E616C 		.ascii	"AnalogSetDefault\000"
 769      6F675365 
 769      74446566 
 769      61756C74 
 769      00
 770              	.LASF16:
 771 017e 436C6F63 		.ascii	"ClockSetup\000"
 771      6B536574 
 771      757000
 772              	.LASF14:
 773 0189 646F7562 		.ascii	"double\000"
 773      6C6500
 774              	.LASF15:
 775 0190 72656733 		.ascii	"reg32\000"
 775      3200
ARM GAS  C:\Users\Alan\AppData\Local\Temp\ccSjH8rm.s 			page 21


 776              	.LASF4:
 777 0196 73686F72 		.ascii	"short unsigned int\000"
 777      7420756E 
 777      7369676E 
 777      65642069 
 777      6E7400
 778              	.LASF1:
 779 01a9 7369676E 		.ascii	"signed char\000"
 779      65642063 
 779      68617200 
 780              	.LASF22:
 781 01b5 5C5C766D 		.ascii	"\\\\vmware-host\\Shared Folders\\Documents\\PSoC Cr"
 781      77617265 
 781      2D686F73 
 781      745C5368 
 781      61726564 
 782 01e3 6561746F 		.ascii	"eator\\SmartIO\\SmartIOCountUpExtClock.cydsn\000"
 782      725C536D 
 782      61727449 
 782      4F5C536D 
 782      61727449 
 783              	.LASF24:
 784 020e 72656756 		.ascii	"regValue\000"
 784      616C7565 
 784      00
 785              	.LASF3:
 786 0217 73686F72 		.ascii	"short int\000"
 786      7420696E 
 786      7400
 787              	.LASF9:
 788 0221 73697A65 		.ascii	"sizetype\000"
 788      74797065 
 788      00
 789              		.ident	"GCC: (GNU Tools for ARM Embedded Processors) 4.9.3 20150303 (release) [ARM/embedded-4_9-br
