Archive member included because of file (symbol)

.\CortexM0p\ARM_GCC_493\Debug\SmartIOCountUpExtClock.a(cyfitter_cfg.o)
                              .\CortexM0p\ARM_GCC_493\Debug\Cm0plusStart.o (cyfitter_cfg)
.\CortexM0p\ARM_GCC_493\Debug\SmartIOCountUpExtClock.a(CapSense_Control.o)
                              .\CortexM0p\ARM_GCC_493\Debug\main.o (CapSense_Start)
.\CortexM0p\ARM_GCC_493\Debug\SmartIOCountUpExtClock.a(CapSense_Processing.o)
                              .\CortexM0p\ARM_GCC_493\Debug\SmartIOCountUpExtClock.a(CapSense_Control.o) (CapSense_DpInitialize)
.\CortexM0p\ARM_GCC_493\Debug\SmartIOCountUpExtClock.a(CapSense_Structure.o)
                              .\CortexM0p\ARM_GCC_493\Debug\SmartIOCountUpExtClock.a(CapSense_Control.o) (CapSense_DsInitialize)
.\CortexM0p\ARM_GCC_493\Debug\SmartIOCountUpExtClock.a(CapSense_Tuner.o)
                              .\CortexM0p\ARM_GCC_493\Debug\SmartIOCountUpExtClock.a(CapSense_Control.o) (CapSense_TuInitialize)
.\CortexM0p\ARM_GCC_493\Debug\SmartIOCountUpExtClock.a(CapSense_Filter.o)
                              .\CortexM0p\ARM_GCC_493\Debug\SmartIOCountUpExtClock.a(CapSense_Control.o) (CapSense_FtInitialize)
.\CortexM0p\ARM_GCC_493\Debug\SmartIOCountUpExtClock.a(CapSense_Sensing.o)
                              .\CortexM0p\ARM_GCC_493\Debug\main.o (CapSense_IsBusy)
.\CortexM0p\ARM_GCC_493\Debug\SmartIOCountUpExtClock.a(CapSense_SensingCSX_LL.o)
                              .\CortexM0p\ARM_GCC_493\Debug\SmartIOCountUpExtClock.a(CapSense_Sensing.o) (CapSense_CSXInitialize)
.\CortexM0p\ARM_GCC_493\Debug\SmartIOCountUpExtClock.a(LED10.o)
                              .\CortexM0p\ARM_GCC_493\Debug\main.o (LED10_Write)
.\CortexM0p\ARM_GCC_493\Debug\SmartIOCountUpExtClock.a(LED11.o)
                              .\CortexM0p\ARM_GCC_493\Debug\main.o (LED11_Write)
.\CortexM0p\ARM_GCC_493\Debug\SmartIOCountUpExtClock.a(LED9.o)
                              .\CortexM0p\ARM_GCC_493\Debug\main.o (LED9_Write)
.\CortexM0p\ARM_GCC_493\Debug\SmartIOCountUpExtClock.a(SmartIO.o)
                              .\CortexM0p\ARM_GCC_493\Debug\main.o (SmartIO_Start)
.\CortexM0p\ARM_GCC_493\Debug\SmartIOCountUpExtClock.a(PWM.o)
                              .\CortexM0p\ARM_GCC_493\Debug\main.o (PWM_Start)
.\CortexM0p\ARM_GCC_493\Debug\SmartIOCountUpExtClock.a(CapSense_ISR.o)
                              .\CortexM0p\ARM_GCC_493\Debug\SmartIOCountUpExtClock.a(CapSense_Sensing.o) (CapSense_ISR_StartEx)
.\CortexM0p\ARM_GCC_493\Debug\SmartIOCountUpExtClock.a(CyBootAsmGnu.o)
                              .\CortexM0p\ARM_GCC_493\Debug\SmartIOCountUpExtClock.a(CapSense_Control.o) (CyEnterCriticalSection)
.\CortexM0p\ARM_GCC_493\Debug\SmartIOCountUpExtClock.a(CyLib.o)
                              .\CortexM0p\ARM_GCC_493\Debug\SmartIOCountUpExtClock.a(CapSense_SensingCSX_LL.o) (CyIntEnable)
.\CortexM0p\ARM_GCC_493\Debug\SmartIOCountUpExtClock.a(cyPm.o)
                              .\CortexM0p\ARM_GCC_493\Debug\SmartIOCountUpExtClock.a(CapSense_Control.o) (CySysPmSleep)
.\CortexM0p\ARM_GCC_493\Debug\SmartIOCountUpExtClock.a(CyLFClk.o)
                              .\CortexM0p\ARM_GCC_493\Debug\SmartIOCountUpExtClock.a(CyLib.o) (CySysClkWcoEnabled)
.\CortexM0p\ARM_GCC_493\Debug\SmartIOCountUpExtClock.a(P20.o)
                              .\CortexM0p\ARM_GCC_493\Debug\main.o (P20_Write)
.\CortexM0p\ARM_GCC_493\Debug\SmartIOCountUpExtClock.a(CyFlash.o)
                              .\CortexM0p\ARM_GCC_493\Debug\SmartIOCountUpExtClock.a(CyLib.o) (CySysFlashSetWaitCycles)
c:/program files (x86)/cypress/psoc creator/3.3/psoc creator/import/gnu/arm/4.9.3/bin/../lib/gcc/arm-none-eabi/4.9.3/armv6-m\libgcc.a(_udivsi3.o)
                              .\CortexM0p\ARM_GCC_493\Debug\SmartIOCountUpExtClock.a(CapSense_SensingCSX_LL.o) (__aeabi_uidiv)
c:/program files (x86)/cypress/psoc creator/3.3/psoc creator/import/gnu/arm/4.9.3/bin/../lib/gcc/arm-none-eabi/4.9.3/armv6-m\libgcc.a(_dvmd_tls.o)
                              c:/program files (x86)/cypress/psoc creator/3.3/psoc creator/import/gnu/arm/4.9.3/bin/../lib/gcc/arm-none-eabi/4.9.3/armv6-m\libgcc.a(_udivsi3.o) (__aeabi_idiv0)
c:/program files (x86)/cypress/psoc creator/3.3/psoc creator/import/gnu/arm/4.9.3/bin/../lib/gcc/arm-none-eabi/4.9.3/../../../../arm-none-eabi/lib/armv6-m\libg_nano.a(lib_a-errno.o)
                              .\CortexM0p\ARM_GCC_493\Debug\Cm0plusStart.o (__errno)
c:/program files (x86)/cypress/psoc creator/3.3/psoc creator/import/gnu/arm/4.9.3/bin/../lib/gcc/arm-none-eabi/4.9.3/../../../../arm-none-eabi/lib/armv6-m\libg_nano.a(lib_a-exit.o)
                              c:/program files (x86)/cypress/psoc creator/3.3/psoc creator/import/gnu/arm/4.9.3/bin/../lib/gcc/arm-none-eabi/4.9.3/../../../../arm-none-eabi/lib/armv6-m/crt0.o (exit)
[...]
Memory Configuration

Name             Origin             Length             Attributes
rom              0x00000000         0x00008000         xr
ram              0x20000000         0x00001000         xrw
*default*        0x00000000         0xffffffff

Linker script and memory map

LOAD c:/program files (x86)/cypress/psoc creator/3.3/psoc creator/import/gnu/arm/4.9.3/bin/../lib/gcc/arm-none-eabi/4.9.3/armv6-m/crti.o
LOAD c:/program files (x86)/cypress/psoc creator/3.3/psoc creator/import/gnu/arm/4.9.3/bin/../lib/gcc/arm-none-eabi/4.9.3/armv6-m/crtbegin.o
LOAD c:/program files (x86)/cypress/psoc creator/3.3/psoc creator/import/gnu/arm/4.9.3/bin/../lib/gcc/arm-none-eabi/4.9.3/../../../../arm-none-eabi/lib/armv6-m/crt0.o
START GROUP
LOAD .\CortexM0p\ARM_GCC_493\Debug\main.o
LOAD .\CortexM0p\ARM_GCC_493\Debug\cymetadata.o
LOAD .\CortexM0p\ARM_GCC_493\Debug\Cm0plusStart.o
LOAD .\CortexM0p\ARM_GCC_493\Debug\SmartIOCountUpExtClock.a
LOAD C:\Program Files (x86)\Cypress\PSoC Creator\3.3\PSoC Creator\psoc\content\cycomponentlibrary\CyComponentLibrary.cylib\CapSense_P4_v3_0\PSoC4\Library\Capsense_P4Library_GCCp.a
END GROUP
START GROUP
LOAD c:/program files (x86)/cypress/psoc creator/3.3/psoc creator/import/gnu/arm/4.9.3/bin/../lib/gcc/arm-none-eabi/4.9.3/armv6-m\libgcc.a
LOAD c:/program files (x86)/cypress/psoc creator/3.3/psoc creator/import/gnu/arm/4.9.3/bin/../lib/gcc/arm-none-eabi/4.9.3/../../../../arm-none-eabi/lib/armv6-m\libg_nano.a
LOAD c:/program files (x86)/cypress/psoc creator/3.3/psoc creator/import/gnu/arm/4.9.3/bin/../lib/gcc/arm-none-eabi/4.9.3/../../../../arm-none-eabi/lib/armv6-m\libc_nano.a
END GROUP
START GROUP
LOAD c:/program files (x86)/cypress/psoc creator/3.3/psoc creator/import/gnu/arm/4.9.3/bin/../lib/gcc/arm-none-eabi/4.9.3/armv6-m\libgcc.a
LOAD c:/program files (x86)/cypress/psoc creator/3.3/psoc creator/import/gnu/arm/4.9.3/bin/../lib/gcc/arm-none-eabi/4.9.3/../../../../arm-none-eabi/lib/armv6-m\libc_nano.a
END GROUP
LOAD c:/program files (x86)/cypress/psoc creator/3.3/psoc creator/import/gnu/arm/4.9.3/bin/../lib/gcc/arm-none-eabi/4.9.3/armv6-m/crtend.o
LOAD c:/program files (x86)/cypress/psoc creator/3.3/psoc creator/import/gnu/arm/4.9.3/bin/../lib/gcc/arm-none-eabi/4.9.3/armv6-m/crtn.o
START GROUP
LOAD c:/program files (x86)/cypress/psoc creator/3.3/psoc creator/import/gnu/arm/4.9.3/bin/../lib/gcc/arm-none-eabi/4.9.3/armv6-m\libgcc.a
LOAD c:/program files (x86)/cypress/psoc creator/3.3/psoc creator/import/gnu/arm/4.9.3/bin/../lib/gcc/arm-none-eabi/4.9.3/../../../../arm-none-eabi/lib/armv6-m\libc.a
LOAD c:/program files (x86)/cypress/psoc creator/3.3/psoc creator/import/gnu/arm/4.9.3/bin/../lib/gcc/arm-none-eabi/4.9.3/../../../../arm-none-eabi/lib/armv6-m\libnosys.a
END GROUP
                0x00000000                CY_APPL_ORIGIN = 0x0
                0x00000080                CY_FLASH_ROW_SIZE = 0x80
                0x00000001                CY_APPL_NUM = 0x1
                0x00000001                CY_APPL_MAX = 0x1
                0x00000040                CY_METADATA_SIZE = 0x40
                0x00000000                CY_APPL_LOADABLE = 0x0
                0x00000000                CY_CHECKSUM_EXCLUDE_SIZE = ALIGN (0x0, CY_FLASH_ROW_SIZE)
                0x00000000                CY_APP_FOR_STACK_AND_COPIER = 0x0
                0x20000170                PROVIDE (__cy_heap_start, _end)
                0x00000001                PROVIDE (__cy_region_num, ((__cy_regions_end - __cy_regions) / 0x10))
                0x20001000                PROVIDE (__cy_stack, (ORIGIN (ram) + 0x1000))
                0x20000c00                PROVIDE (__cy_heap_end, (__cy_stack - 0x400))

.cybootloader   0x00000000        0x0
 *(.cybootloader)
                0x00000000                appl1_start = CY_APPL_ORIGIN?CY_APPL_ORIGIN:ALIGN (CY_FLASH_ROW_SIZE)
                0x00003f80                appl2_start = (appl1_start + ALIGN ((((0x8000 - appl1_start) - (0x2 * CY_FLASH_ROW_SIZE)) / 0x2), CY_FLASH_ROW_SIZE))
                0x00000000                appl_start = (CY_APPL_NUM == 0x1)?appl1_start:appl2_start
                0x00000001                cy_project_type_bootloader = (appl_start == 0x0)?0x1:0x0
                0x00000000                cy_project_type_app_for_stack_and_copier = (CY_APP_FOR_STACK_AND_COPIER == 0x1)?0x1:0x0

.text           0x00000000     0x1684
 CREATE_OBJECT_SYMBOLS
                0x00000000                PROVIDE (__cy_interrupt_vector, RomVectors)
 *(.romvectors)
 .romvectors    0x00000000       0x10 .\CortexM0p\ARM_GCC_493\Debug\Cm0plusStart.o
                0x00000000                RomVectors
                0x00000001                ASSERT ((. != __cy_interrupt_vector), No interrupt vector)
                0x00000001                ASSERT (CY_APPL_ORIGIN?(SIZEOF (.cybootloader) <= CY_APPL_ORIGIN):0x1, Wrong image location)
                0x00000010                PROVIDE (__cy_reset, Reset)
 *(.text.Reset)
 .text.Reset    0x00000010        0xc .\CortexM0p\ARM_GCC_493\Debug\Cm0plusStart.o
                0x00000010                Reset
                0x00000001                ASSERT ((. != __cy_reset), No reset code)
 *(.psocinit)
 .psocinit      0x0000001c       0xf4 .\CortexM0p\ARM_GCC_493\Debug\SmartIOCountUpExtClock.a(cyfitter_cfg.o)
                0x00000084                cyfitter_cfg
                0x00000110                . = MAX (., 0x100)
 *(.text .text.* .gnu.linkonce.t.*)
 .text          0x00000110       0x60 c:/program files (x86)/cypress/psoc creator/3.3/psoc creator/import/gnu/arm/4.9.3/bin/../lib/gcc/arm-none-eabi/4.9.3/armv6-m/crtbegin.o
 .text.main     0x00000170       0x6c .\CortexM0p\ARM_GCC_493\Debug\main.o
                0x00000170                main
 .text.IntDefaultHandler
                0x000001dc        0x4 .\CortexM0p\ARM_GCC_493\Debug\Cm0plusStart.o
                0x000001dc                IntDefaultHandler
 .text.Start_c  0x000001e0       0x48 .\CortexM0p\ARM_GCC_493\Debug\Cm0plusStart.o
                0x000001e0                Start_c
 .text.initialize_psoc
                0x00000228       0x48 .\CortexM0p\ARM_GCC_493\Debug\Cm0plusStart.o
                0x00000228                initialize_psoc
 .text.SetAnalogRoutingPumps
                0x00000270       0x38 .\CortexM0p\ARM_GCC_493\Debug\SmartIOCountUpExtClock.a(cyfitter_cfg.o)
                0x00000270                SetAnalogRoutingPumps
 .text.AnalogSetDefault
                0x000002a8       0x20 .\CortexM0p\ARM_GCC_493\Debug\SmartIOCountUpExtClock.a(cyfitter_cfg.o)
 .text.CapSense_Initialize
                0x000002c8       0x28 .\CortexM0p\ARM_GCC_493\Debug\SmartIOCountUpExtClock.a(CapSense_Control.o)
                0x000002c8                CapSense_Initialize
 .text.CapSense_Start
                0x000002f0       0x50 .\CortexM0p\ARM_GCC_493\Debug\SmartIOCountUpExtClock.a(CapSense_Control.o)
                0x000002f0                CapSense_Start
 .text.CapSense_ProcessAllWidgets
                0x00000340       0x44 .\CortexM0p\ARM_GCC_493\Debug\SmartIOCountUpExtClock.a(CapSense_Control.o)
                0x00000340                CapSense_ProcessAllWidgets
 .text.CapSense_DpInitialize
                0x00000384       0x5c .\CortexM0p\ARM_GCC_493\Debug\SmartIOCountUpExtClock.a(CapSense_Processing.o)
                0x00000384                CapSense_DpInitialize
 .text.CapSense_DpUpdateDifferences
                0x000003e0       0x14 .\CortexM0p\ARM_GCC_493\Debug\SmartIOCountUpExtClock.a(CapSense_Processing.o)
                0x000003e0                CapSense_DpUpdateDifferences
 .text.CapSense_DpProcessCsxWidgetRawCounts
                0x000003f4       0x2c .\CortexM0p\ARM_GCC_493\Debug\SmartIOCountUpExtClock.a(CapSense_Processing.o)
                0x000003f4                CapSense_DpProcessCsxWidgetRawCounts
 .text.CapSense_DpProcessButton
                0x00000420       0x64 .\CortexM0p\ARM_GCC_493\Debug\SmartIOCountUpExtClock.a(CapSense_Processing.o)
                0x00000420                CapSense_DpProcessButton
 .text.CapSense_DpProcessCsxWidgetStatus
                0x00000484       0x58 .\CortexM0p\ARM_GCC_493\Debug\SmartIOCountUpExtClock.a(CapSense_Processing.o)
                0x00000484                CapSense_DpProcessCsxWidgetStatus
 .text.CapSense_DsInitialize
                0x000004dc       0x6c .\CortexM0p\ARM_GCC_493\Debug\SmartIOCountUpExtClock.a(CapSense_Structure.o)
                0x000004dc                CapSense_DsInitialize
 .text.CapSense_IsWidgetActive
                0x00000548       0x24 .\CortexM0p\ARM_GCC_493\Debug\SmartIOCountUpExtClock.a(CapSense_Structure.o)
                0x00000548                CapSense_IsWidgetActive
 .text.CapSense_TuInitialize
                0x0000056c       0x14 .\CortexM0p\ARM_GCC_493\Debug\SmartIOCountUpExtClock.a(CapSense_Tuner.o)
                0x0000056c                CapSense_TuInitialize
 .text.CapSense_FtInitialize
                0x00000580       0x28 .\CortexM0p\ARM_GCC_493\Debug\SmartIOCountUpExtClock.a(CapSense_Filter.o)
                0x00000580                CapSense_FtInitialize
 .text.CapSense_FtInitializeBaselineChannel
                0x000005a8       0x1c .\CortexM0p\ARM_GCC_493\Debug\SmartIOCountUpExtClock.a(CapSense_Filter.o)
                0x000005a8                CapSense_FtInitializeBaselineChannel
 .text.CapSense_InitializeSensorBaseline
                0x000005c4       0x3c .\CortexM0p\ARM_GCC_493\Debug\SmartIOCountUpExtClock.a(CapSense_Filter.o)
                0x000005c4                CapSense_InitializeSensorBaseline
 .text.CapSense_InitializeWidgetBaseline
                0x00000600       0x28 .\CortexM0p\ARM_GCC_493\Debug\SmartIOCountUpExtClock.a(CapSense_Filter.o)
                0x00000600                CapSense_InitializeWidgetBaseline
 .text.CapSense_InitializeAllBaselines
                0x00000628       0x18 .\CortexM0p\ARM_GCC_493\Debug\SmartIOCountUpExtClock.a(CapSense_Filter.o)
                0x00000628                CapSense_InitializeAllBaselines
 .text.CapSense_FtIIR1stOrder
                0x00000640       0x14 .\CortexM0p\ARM_GCC_493\Debug\SmartIOCountUpExtClock.a(CapSense_Filter.o)
                0x00000640                CapSense_FtIIR1stOrder
 .text.CapSense_FtUpdateBaseline
                0x00000654       0x94 .\CortexM0p\ARM_GCC_493\Debug\SmartIOCountUpExtClock.a(CapSense_Filter.o)
                0x00000654                CapSense_FtUpdateBaseline
 .text.CapSense_UpdateSensorBaseline
                0x000006e8       0x2c .\CortexM0p\ARM_GCC_493\Debug\SmartIOCountUpExtClock.a(CapSense_Filter.o)
                0x000006e8                CapSense_UpdateSensorBaseline
 .text.CapSense_UpdateWidgetBaseline
                0x00000714       0x30 .\CortexM0p\ARM_GCC_493\Debug\SmartIOCountUpExtClock.a(CapSense_Filter.o)
                0x00000714                CapSense_UpdateWidgetBaseline
 .text.CapSense_UpdateAllBaselines
                0x00000744       0x1c .\CortexM0p\ARM_GCC_493\Debug\SmartIOCountUpExtClock.a(CapSense_Filter.o)
                0x00000744                CapSense_UpdateAllBaselines
 .text.CapSense_IsBusy
                0x00000760       0x10 .\CortexM0p\ARM_GCC_493\Debug\SmartIOCountUpExtClock.a(CapSense_Sensing.o)
                0x00000760                CapSense_IsBusy
 .text.CapSense_SetupWidget
                0x00000770       0x48 .\CortexM0p\ARM_GCC_493\Debug\SmartIOCountUpExtClock.a(CapSense_Sensing.o)
                0x00000770                CapSense_SetupWidget
 .text.CapSense_Scan
                0x000007b8       0x1c .\CortexM0p\ARM_GCC_493\Debug\SmartIOCountUpExtClock.a(CapSense_Sensing.o)
                0x000007b8                CapSense_Scan
 .text.CapSense_ScanAllWidgets
                0x000007d4       0x64 .\CortexM0p\ARM_GCC_493\Debug\SmartIOCountUpExtClock.a(CapSense_Sensing.o)
                0x000007d4                CapSense_ScanAllWidgets
 .text.CapSense_SsInitialize
                0x00000838        0xc .\CortexM0p\ARM_GCC_493\Debug\SmartIOCountUpExtClock.a(CapSense_Sensing.o)
                0x00000838                CapSense_SsInitialize
 .text.CapSense_PostAllWidgetsScan
                0x00000844       0x68 .\CortexM0p\ARM_GCC_493\Debug\SmartIOCountUpExtClock.a(CapSense_Sensing.o)
                0x00000844                CapSense_PostAllWidgetsScan
 .text.CapSense_IsrInitialize
                0x000008ac        0x8 .\CortexM0p\ARM_GCC_493\Debug\SmartIOCountUpExtClock.a(CapSense_Sensing.o)
                0x000008ac                CapSense_IsrInitialize
 .text.CapSense_ConfigureModClkClock
                0x000008b4       0x30 .\CortexM0p\ARM_GCC_493\Debug\SmartIOCountUpExtClock.a(CapSense_Sensing.o)
                0x000008b4                CapSense_ConfigureModClkClock
 .text.CapSense_CalibrateWidget
                0x000008e4       0x14 .\CortexM0p\ARM_GCC_493\Debug\SmartIOCountUpExtClock.a(CapSense_Sensing.o)
                0x000008e4                CapSense_CalibrateWidget
 .text.CapSense_CalibrateAllWidgets
                0x000008f8       0x1c .\CortexM0p\ARM_GCC_493\Debug\SmartIOCountUpExtClock.a(CapSense_Sensing.o)
                0x000008f8                CapSense_CalibrateAllWidgets
 .text.CapSense_SsSetIOsInDefaultState
                0x00000914       0x40 .\CortexM0p\ARM_GCC_493\Debug\SmartIOCountUpExtClock.a(CapSense_SensingCSX_LL.o)
 .text.CapSense_SsCSXStartSample
                0x00000954      0x138 .\CortexM0p\ARM_GCC_493\Debug\SmartIOCountUpExtClock.a(CapSense_SensingCSX_LL.o)
 .text.CapSense_SsCSXScanISR
                0x00000a8c       0x7c .\CortexM0p\ARM_GCC_493\Debug\SmartIOCountUpExtClock.a(CapSense_SensingCSX_LL.o)
                0x00000a8c                CapSense_SsCSXScanISR
 .text.CapSense_CSXInitialize
                0x00000b08      0x190 .\CortexM0p\ARM_GCC_493\Debug\SmartIOCountUpExtClock.a(CapSense_SensingCSX_LL.o)
                0x00000b08                CapSense_CSXInitialize
 .text.CapSense_CSXCalibrateWidget
                0x00000c98       0xac .\CortexM0p\ARM_GCC_493\Debug\SmartIOCountUpExtClock.a(CapSense_SensingCSX_LL.o)
                0x00000c98                CapSense_CSXCalibrateWidget
 .text.CapSense_CSXConnectTx
                0x00000d44       0x20 .\CortexM0p\ARM_GCC_493\Debug\SmartIOCountUpExtClock.a(CapSense_SensingCSX_LL.o)
                0x00000d44                CapSense_CSXConnectTx
 .text.CapSense_CSXConnectRx
                0x00000d64       0x20 .\CortexM0p\ARM_GCC_493\Debug\SmartIOCountUpExtClock.a(CapSense_SensingCSX_LL.o)
                0x00000d64                CapSense_CSXConnectRx
 .text.CapSense_CSXScan
                0x00000d84       0x5c .\CortexM0p\ARM_GCC_493\Debug\SmartIOCountUpExtClock.a(CapSense_SensingCSX_LL.o)
                0x00000d84                CapSense_CSXScan
 .text.CapSense_CSXDisconnectTx
                0x00000de0        0xc .\CortexM0p\ARM_GCC_493\Debug\SmartIOCountUpExtClock.a(CapSense_SensingCSX_LL.o)
                0x00000de0                CapSense_CSXDisconnectTx
 .text.CapSense_CSXDisconnectRx
                0x00000dec       0x30 .\CortexM0p\ARM_GCC_493\Debug\SmartIOCountUpExtClock.a(CapSense_SensingCSX_LL.o)
                0x00000dec                CapSense_CSXDisconnectRx
 .text.CapSense_SsCSXPostMultiScan
                0x00000e1c       0xcc .\CortexM0p\ARM_GCC_493\Debug\SmartIOCountUpExtClock.a(CapSense_SensingCSX_LL.o)
 .text.CapSense_CSXElectrodeCheck
                0x00000ee8       0x24 .\CortexM0p\ARM_GCC_493\Debug\SmartIOCountUpExtClock.a(CapSense_SensingCSX_LL.o)
                0x00000ee8                CapSense_CSXElectrodeCheck
 .text.CapSense_CSXSetupWidget
                0x00000f0c       0x80 .\CortexM0p\ARM_GCC_493\Debug\SmartIOCountUpExtClock.a(CapSense_SensingCSX_LL.o)
                0x00000f0c                CapSense_CSXSetupWidget
 .text.LED10_Write
                0x00000f8c       0x18 .\CortexM0p\ARM_GCC_493\Debug\SmartIOCountUpExtClock.a(LED10.o)
                0x00000f8c                LED10_Write
 .text.LED11_Write
                0x00000fa4       0x18 .\CortexM0p\ARM_GCC_493\Debug\SmartIOCountUpExtClock.a(LED11.o)
                0x00000fa4                LED11_Write
 .text.LED9_Write
                0x00000fbc       0x18 .\CortexM0p\ARM_GCC_493\Debug\SmartIOCountUpExtClock.a(LED9.o)
                0x00000fbc                LED9_Write
 .text.LED9_Read
                0x00000fd4       0x10 .\CortexM0p\ARM_GCC_493\Debug\SmartIOCountUpExtClock.a(LED9.o)
                0x00000fd4                LED9_Read
 .text.SmartIO_Init
                0x00000fe4       0x90 .\CortexM0p\ARM_GCC_493\Debug\SmartIOCountUpExtClock.a(SmartIO.o)
                0x00000fe4                SmartIO_Init
 .text.SmartIO_Start
                0x00001074       0x48 .\CortexM0p\ARM_GCC_493\Debug\SmartIOCountUpExtClock.a(SmartIO.o)
                0x00001074                SmartIO_Start
 .text.PWM_WriteCounter
                0x000010bc       0x10 .\CortexM0p\ARM_GCC_493\Debug\SmartIOCountUpExtClock.a(PWM.o)
                0x000010bc                PWM_WriteCounter
 .text.PWM_WritePeriod
                0x000010cc       0x10 .\CortexM0p\ARM_GCC_493\Debug\SmartIOCountUpExtClock.a(PWM.o)
                0x000010cc                PWM_WritePeriod
 .text.PWM_WriteCompare
                0x000010dc       0x10 .\CortexM0p\ARM_GCC_493\Debug\SmartIOCountUpExtClock.a(PWM.o)
                0x000010dc                PWM_WriteCompare
 .text.PWM_TriggerCommand
                0x000010ec       0x1c .\CortexM0p\ARM_GCC_493\Debug\SmartIOCountUpExtClock.a(PWM.o)
                0x000010ec                PWM_TriggerCommand
 .text.PWM_Enable
                0x00001108       0x24 .\CortexM0p\ARM_GCC_493\Debug\SmartIOCountUpExtClock.a(PWM.o)
                0x00001108                PWM_Enable
 .text.PWM_SetInterruptMode
                0x0000112c        0xc .\CortexM0p\ARM_GCC_493\Debug\SmartIOCountUpExtClock.a(PWM.o)
                0x0000112c                PWM_SetInterruptMode
 .text.PWM_Init
                0x00001138       0x4c .\CortexM0p\ARM_GCC_493\Debug\SmartIOCountUpExtClock.a(PWM.o)
                0x00001138                PWM_Init
 .text.PWM_Start
                0x00001184       0x20 .\CortexM0p\ARM_GCC_493\Debug\SmartIOCountUpExtClock.a(PWM.o)
                0x00001184                PWM_Start
 .text.CapSense_ISR_SetVector
                0x000011a4        0xc .\CortexM0p\ARM_GCC_493\Debug\SmartIOCountUpExtClock.a(CapSense_ISR.o)
                0x000011a4                CapSense_ISR_SetVector
 .text.CapSense_ISR_SetPriority
                0x000011b0       0x24 .\CortexM0p\ARM_GCC_493\Debug\SmartIOCountUpExtClock.a(CapSense_ISR.o)
                0x000011b0                CapSense_ISR_SetPriority
 .text.CapSense_ISR_Enable
                0x000011d4       0x10 .\CortexM0p\ARM_GCC_493\Debug\SmartIOCountUpExtClock.a(CapSense_ISR.o)
                0x000011d4                CapSense_ISR_Enable
 .text.CapSense_ISR_Disable
                0x000011e4       0x10 .\CortexM0p\ARM_GCC_493\Debug\SmartIOCountUpExtClock.a(CapSense_ISR.o)
                0x000011e4                CapSense_ISR_Disable
 .text.CapSense_ISR_StartEx
                0x000011f4       0x1c .\CortexM0p\ARM_GCC_493\Debug\SmartIOCountUpExtClock.a(CapSense_ISR.o)
                0x000011f4                CapSense_ISR_StartEx
 .text          0x00001210       0x20 .\CortexM0p\ARM_GCC_493\Debug\SmartIOCountUpExtClock.a(CyBootAsmGnu.o)
                0x00001210                CyDelayCycles
                0x00001222                CyEnterCriticalSection
                0x0000122a                CyExitCriticalSection
 .text.CySysClkImoDisableWcoLock
                0x00001230       0x14 .\CortexM0p\ARM_GCC_493\Debug\SmartIOCountUpExtClock.a(CyLib.o)
                0x00001230                CySysClkImoDisableWcoLock
 .text.CySysClkImoGetWcoLock
                0x00001244       0x14 .\CortexM0p\ARM_GCC_493\Debug\SmartIOCountUpExtClock.a(CyLib.o)
                0x00001244                CySysClkImoGetWcoLock
 .text.CyIntEnable
                0x00001258       0x14 .\CortexM0p\ARM_GCC_493\Debug\SmartIOCountUpExtClock.a(CyLib.o)
                0x00001258                CyIntEnable
 .text.CyIntDisable
                0x0000126c       0x14 .\CortexM0p\ARM_GCC_493\Debug\SmartIOCountUpExtClock.a(CyLib.o)
                0x0000126c                CyIntDisable
 .text.CyHalt   0x00001280        0x4 .\CortexM0p\ARM_GCC_493\Debug\SmartIOCountUpExtClock.a(CyLib.o)
                0x00001280                CyHalt
 .text.CyDelay  0x00001284       0x30 .\CortexM0p\ARM_GCC_493\Debug\SmartIOCountUpExtClock.a(CyLib.o)
                0x00001284                CyDelay
 .text.CySysClkImoEnableWcoLock
                0x000012b4       0xcc .\CortexM0p\ARM_GCC_493\Debug\SmartIOCountUpExtClock.a(CyLib.o)
                0x000012b4                CySysClkImoEnableWcoLock
 .text.CySysClkWriteImoFreq
                0x00001380       0xd8 .\CortexM0p\ARM_GCC_493\Debug\SmartIOCountUpExtClock.a(CyLib.o)
                0x00001380                CySysClkWriteImoFreq
 .text.CySysPmSleep
                0x00001458       0x1c .\CortexM0p\ARM_GCC_493\Debug\SmartIOCountUpExtClock.a(cyPm.o)
                0x00001458                CySysPmSleep
 .text.CySysClkWcoEnabled
                0x00001474       0x14 .\CortexM0p\ARM_GCC_493\Debug\SmartIOCountUpExtClock.a(CyLFClk.o)
                0x00001474                CySysClkWcoEnabled
 .text.CySysWdtDisable
                0x00001488       0x10 .\CortexM0p\ARM_GCC_493\Debug\SmartIOCountUpExtClock.a(CyLFClk.o)
                0x00001488                CySysWdtDisable
 .text.P20_Write
                0x00001498       0x18 .\CortexM0p\ARM_GCC_493\Debug\SmartIOCountUpExtClock.a(P20.o)
                0x00001498                P20_Write
 .text.CySysFlashSetWaitCycles
                0x000014b0       0x54 .\CortexM0p\ARM_GCC_493\Debug\SmartIOCountUpExtClock.a(CyFlash.o)
                0x000014b0                CySysFlashSetWaitCycles
 .text          0x00001504      0x120 c:/program files (x86)/cypress/psoc creator/3.3/psoc creator/import/gnu/arm/4.9.3/bin/../lib/gcc/arm-none-eabi/4.9.3/armv6-m\libgcc.a(_udivsi3.o)
                0x00001504                __aeabi_uidiv
                0x00001504                __udivsi3
                0x00001610                __aeabi_uidivmod
 .text          0x00001624        0x4 c:/program files (x86)/cypress/psoc creator/3.3/psoc creator/import/gnu/arm/4.9.3/bin/../lib/gcc/arm-none-eabi/4.9.3/armv6-m\libgcc.a(_dvmd_tls.o)
                0x00001624                __aeabi_idiv0
                0x00001624                __aeabi_ldiv0
 .text.__libc_init_array
                0x00001628       0x4c c:/program files (x86)/cypress/psoc creator/3.3/psoc creator/import/gnu/arm/4.9.3/bin/../lib/gcc/arm-none-eabi/4.9.3/../../../../arm-none-eabi/lib/armv6-m\libg_nano.a(lib_a-init.o)
                0x00001628                __libc_init_array
 .text.memset   0x00001674       0x10 c:/program files (x86)/cypress/psoc creator/3.3/psoc creator/import/gnu/arm/4.9.3/bin/../lib/gcc/arm-none-eabi/4.9.3/../../../../arm-none-eabi/lib/armv6-m\libg_nano.a(lib_a-memset.o)
                0x00001674                memset
 *(.plt)
 *(.gnu.warning)
 *(.glue_7t)
 .glue_7t       0x00000000        0x0 linker stubs
 *(.glue_7)
 .glue_7        0x00000000        0x0 linker stubs
 *(.vfp11_veneer)
 .vfp11_veneer  0x00000000        0x0 linker stubs
 *(.bootloader)
 *(.ARM.extab* .gnu.linkonce.armextab.*)
 *(.gcc_except_table)

.v4_bx          0x00001684        0x0
 .v4_bx         0x00000000        0x0 linker stubs

.iplt           0x00001684        0x0
 .iplt          0x00000000        0x0 c:/program files (x86)/cypress/psoc creator/3.3/psoc creator/import/gnu/arm/4.9.3/bin/../lib/gcc/arm-none-eabi/4.9.3/armv6-m/crtbegin.o

.eh_frame_hdr
 *(.eh_frame_hdr)

.eh_frame       0x00001684        0x4
 *(.eh_frame)
 .eh_frame      0x00001684        0x0 c:/program files (x86)/cypress/psoc creator/3.3/psoc creator/import/gnu/arm/4.9.3/bin/../lib/gcc/arm-none-eabi/4.9.3/armv6-m/crtbegin.o
 .eh_frame      0x00001684        0x4 c:/program files (x86)/cypress/psoc creator/3.3/psoc creator/import/gnu/arm/4.9.3/bin/../lib/gcc/arm-none-eabi/4.9.3/armv6-m/crtend.o
                0x00001688                PROVIDE (__exidx_start, .)

.ARM.exidx
 *(.ARM.exidx* .gnu.linkonce.armexidx.*)
                0x00001688                __exidx_end = .

.rodata         0x00001688      0x178
 *(.rodata .rodata.* .gnu.linkonce.r.*)
 .rodata        0x00001688      0x124 .\CortexM0p\ARM_GCC_493\Debug\SmartIOCountUpExtClock.a(CapSense_Structure.o)
                0x0000168c                CapSense_dsFlash
                0x00001704                CapSense_ioList
 .rodata        0x000017ac        0x1 .\CortexM0p\ARM_GCC_493\Debug\SmartIOCountUpExtClock.a(CapSense_Sensing.o)
                0x000017ac                CapSense_scanFreqIndex
 *fill*         0x000017ad        0x3 
 .rodata        0x000017b0       0x18 .\CortexM0p\ARM_GCC_493\Debug\SmartIOCountUpExtClock.a(CyLib.o)
                0x000017b0                cyImoFreqMhz2DpllOffset
                0x000017c8                . = ALIGN (0x4)
 *(.init)
 .init          0x000017c8        0x4 c:/program files (x86)/cypress/psoc creator/3.3/psoc creator/import/gnu/arm/4.9.3/bin/../lib/gcc/arm-none-eabi/4.9.3/armv6-m/crti.o
                0x000017c8                _init
 .init          0x000017cc        0x8 c:/program files (x86)/cypress/psoc creator/3.3/psoc creator/import/gnu/arm/4.9.3/bin/../lib/gcc/arm-none-eabi/4.9.3/armv6-m/crtn.o
                0x000017d4                . = ALIGN (0x4)
                0x000017d4                __preinit_array_start = .
 *(.preinit_array)
                0x000017d4                __preinit_array_end = .
                0x000017d4                . = ALIGN (0x4)
                0x000017d4                __init_array_start = .
 *(SORT(.init_array.*))
 *(.init_array)
 .init_array    0x000017d4        0x4 c:/program files (x86)/cypress/psoc creator/3.3/psoc creator/import/gnu/arm/4.9.3/bin/../lib/gcc/arm-none-eabi/4.9.3/armv6-m/crtbegin.o
 .init_array    0x000017d8        0x4 .\CortexM0p\ARM_GCC_493\Debug\Cm0plusStart.o
                0x000017dc                __init_array_end = .
                0x000017dc                . = ALIGN (0x4)
 *(.fini)
 .fini          0x000017dc        0x4 c:/program files (x86)/cypress/psoc creator/3.3/psoc creator/import/gnu/arm/4.9.3/bin/../lib/gcc/arm-none-eabi/4.9.3/armv6-m/crti.o
                0x000017dc                _fini
 .fini          0x000017e0        0x8 c:/program files (x86)/cypress/psoc creator/3.3/psoc creator/import/gnu/arm/4.9.3/bin/../lib/gcc/arm-none-eabi/4.9.3/armv6-m/crtn.o
                0x000017e8                . = ALIGN (0x4)
                0x000017e8                __fini_array_start = .
 *(.fini_array)
 .fini_array    0x000017e8        0x4 c:/program files (x86)/cypress/psoc creator/3.3/psoc creator/import/gnu/arm/4.9.3/bin/../lib/gcc/arm-none-eabi/4.9.3/armv6-m/crtbegin.o
 *(SORT(.fini_array.*))
                0x000017ec                __fini_array_end = .
                0x000017ec                . = ALIGN (0x4)
 *crtbegin.o(.ctors)
 *(EXCLUDE_FILE(*crtend.o) .ctors)
 *(SORT(.ctors.*))
 *crtend.o(.ctors)
                0x000017ec                . = ALIGN (0x4)
 *crtbegin.o(.dtors)
 *(EXCLUDE_FILE(*crtend.o) .dtors)
 *(SORT(.dtors.*))
 *crtend.o(.dtors)
                0x000017ec                . = ALIGN (0x4)
                0x000017ec                __cy_regions = .
                0x000017ec        0x4 LONG 0x1800 __cy_region_init_ram
                0x000017f0        0x4 LONG 0x20000088 __cy_region_start_data
                0x000017f4        0x4 LONG 0x20 __cy_region_init_size_ram
                0x000017f8        0x4 LONG 0xc8 __cy_region_zero_size_ram
                0x000017fc                __cy_regions_end = .
                0x00001800                . = ALIGN (0x8)
 *fill*         0x000017fc        0x4 
                0x00001800                _etext = .

.cy_checksum_exclude
                0x00001800        0x0
 *(.cy_checksum_exclude)

.ramvectors     0x20000000       0x80
                0x20000000                __cy_region_start_ram = .
 *(.ramvectors)
 .ramvectors    0x20000000       0x80 .\CortexM0p\ARM_GCC_493\Debug\Cm0plusStart.o
                0x20000000                CyRamVectors

.noinit         0x20000080        0x4
 *(.noinit)
 .noinit        0x20000080        0x4 .\CortexM0p\ARM_GCC_493\Debug\Cm0plusStart.o

.data           0x20000088       0x20 load address 0x00001800
                0x20000088                __cy_region_start_data = .
 *(.jcr)
 .jcr           0x20000088        0x0 c:/program files (x86)/cypress/psoc creator/3.3/psoc creator/import/gnu/arm/4.9.3/bin/../lib/gcc/arm-none-eabi/4.9.3/armv6-m/crtbegin.o
 .jcr           0x20000088        0x4 c:/program files (x86)/cypress/psoc creator/3.3/psoc creator/import/gnu/arm/4.9.3/bin/../lib/gcc/arm-none-eabi/4.9.3/armv6-m/crtend.o
 *(.got.plt)
 *(.got)
 *(.shdata)
 *(.data .data.* .gnu.linkonce.d.*)
 .data          0x2000008c        0x8 .\CortexM0p\ARM_GCC_493\Debug\SmartIOCountUpExtClock.a(CapSense_SensingCSX_LL.o)
                0x2000008c                CapSense_CSXPostScanApiPtr
                0x20000090                CapSense_resamplingCyclesCnt
 .data          0x20000094       0x10 .\CortexM0p\ARM_GCC_493\Debug\SmartIOCountUpExtClock.a(CyLib.o)
                0x20000094                cydelay32kMs
                0x20000098                cydelayFreqKhz
                0x2000009c                cydelayFreqMhz
                0x200000a0                cydelayFreqHz
                0x200000a8                . = ALIGN (0x8)
 *fill*         0x200000a4        0x4 
 *(.ram)
                0x200000a8                _edata = .

.igot.plt       0x200000a8        0x0 load address 0x00001820
 .igot.plt      0x00000000        0x0 c:/program files (x86)/cypress/psoc creator/3.3/psoc creator/import/gnu/arm/4.9.3/bin/../lib/gcc/arm-none-eabi/4.9.3/armv6-m/crtbegin.o

.bss            0x200000a8       0xc8 load address 0x00001820
                0x200000a8                PROVIDE (__bss_start__, .)
 *(.shbss)
 *(.bss .bss.* .gnu.linkonce.b.*)
 .bss           0x200000a8       0x1c c:/program files (x86)/cypress/psoc creator/3.3/psoc creator/import/gnu/arm/4.9.3/bin/../lib/gcc/arm-none-eabi/4.9.3/armv6-m/crtbegin.o
 .bss           0x200000c4        0x1 .\CortexM0p\ARM_GCC_493\Debug\SmartIOCountUpExtClock.a(CapSense_Control.o)
 *fill*         0x200000c5        0x3 
 .bss           0x200000c8        0xc .\CortexM0p\ARM_GCC_493\Debug\SmartIOCountUpExtClock.a(CapSense_Structure.o)
 .bss           0x200000d4        0x4 .\CortexM0p\ARM_GCC_493\Debug\SmartIOCountUpExtClock.a(CapSense_Tuner.o)
 .bss           0x200000d8       0x10 .\CortexM0p\ARM_GCC_493\Debug\SmartIOCountUpExtClock.a(CapSense_Sensing.o)
                0x200000d8                CapSense_widgetIndex
                0x200000d9                CapSense_requestScanAllWidget
                0x200000dc                CapSense_curFlashWdgtPtr
                0x200000e0                CapSense_curWidgetResolution
                0x200000e4                CapSense_sensorIndex
 .bss           0x200000e8       0x14 .\CortexM0p\ARM_GCC_493\Debug\SmartIOCountUpExtClock.a(CapSense_SensingCSX_LL.o)
                0x200000e8                CapSense_csxScanPeriod
                0x200000ea                CapSense_csxRawCount
 .bss           0x200000fc        0x8 .\CortexM0p\ARM_GCC_493\Debug\SmartIOCountUpExtClock.a(SmartIO.o)
                0x20000100                SmartIO_initVar
 .bss           0x20000104        0x1 .\CortexM0p\ARM_GCC_493\Debug\SmartIOCountUpExtClock.a(PWM.o)
                0x20000104                PWM_initVar
 *(COMMON)
 *fill*         0x20000105        0x3 
 COMMON         0x20000108       0x64 .\CortexM0p\ARM_GCC_493\Debug\SmartIOCountUpExtClock.a(CapSense_Structure.o)
                0x20000108                CapSense_dsRam
 COMMON         0x2000016c        0x4 .\CortexM0p\ARM_GCC_493\Debug\SmartIOCountUpExtClock.a(CapSense_Sensing.o)
                0x2000016c                CapSense_curRamSnsPtr
                0x20000170                . = ALIGN (0x8)
 *(.ram.b)
                0x20000170                _end = .
                0x20000170                __end = .
                0x20000170                PROVIDE (end, .)
                0x20000170                PROVIDE (__bss_end__, .)
                0x00001800                __cy_region_init_ram = LOADADDR (.data)
                0x00000020                __cy_region_init_size_ram = (_edata - ADDR (.data))
                0x000000c8                __cy_region_zero_size_ram = (_end - _edata)

.heap           0x20000170       0x80 load address 0x00001820
                0x20000170                . = _end
                0x200001f0                . = (. + 0x80)
 *fill*         0x20000170       0x80 
                0x200001f0                __cy_heap_limit = .

.stack          0x20000c00      0x400
                0x20000c00                __cy_stack_limit = .
                0x20001000                . = (. + 0x400)
 *fill*         0x20000c00      0x400 
                0x00000001                ASSERT ((__cy_stack_limit >= __cy_heap_limit), region RAM overflowed with stack)
                0x00000000                cy_checksum_exclude_size = (CY_APPL_LOADABLE == 0x1)?SIZEOF (.cy_checksum_exclude):0x0
                0x00000001                ASSERT ((cy_checksum_exclude_size <= CY_CHECKSUM_EXCLUDE_SIZE), CY_BOOT: Section .cy_checksum_exclude size exceedes specified limit.)
                0x00007fc0                cyloadermeta_start = (cy_project_type_bootloader || cy_project_type_app_for_stack_and_copier)?(0x8000 - CY_METADATA_SIZE):0xf0000000

.cyloadermeta
 *(.cyloadermeta)
                0x00007fc0                cyloadablemeta_start = cy_project_type_app_for_stack_and_copier?((0x8000 - CY_FLASH_ROW_SIZE) - CY_METADATA_SIZE):((0x8000 - (CY_FLASH_ROW_SIZE * (CY_APPL_NUM - 0x1))) - CY_METADATA_SIZE)

.cyloadablemeta
 *(.cyloadablemeta)

.cyflashprotect
                0x90400000       0x20
 *(.cyflashprotect)
 .cyflashprotect
                0x90400000       0x20 .\CortexM0p\ARM_GCC_493\Debug\cymetadata.o
                0x90400000                cy_meta_flashprotect

.cymeta         0x90500000        0xc
 *(.cymeta)
 .cymeta        0x90500000        0xc .\CortexM0p\ARM_GCC_493\Debug\cymetadata.o
                0x90500000                cy_metadata

.cychipprotect  0x90600000        0x4
 *(.cychipprotect)
 .cychipprotect
                0x90600000        0x4 .\CortexM0p\ARM_GCC_493\Debug\cymetadata.o
                0x90600000                cy_meta_chipprotect

.rel.dyn        0x00001820        0x0 load address 0x90600004
 .rel.iplt      0x00000000        0x0 c:/program files (x86)/cypress/psoc creator/3.3/psoc creator/import/gnu/arm/4.9.3/bin/../lib/gcc/arm-none-eabi/4.9.3/armv6-m/crtbegin.o

.stab
 *(.stab)

.stabstr
 *(.stabstr)

.debug
 *(.debug)

.line
 *(.line)

.debug_srcinfo
 *(.debug_srcinfo)

.debug_sfnames
 *(.debug_sfnames)

.debug_aranges  0x00000000      0x9c8
 *(.debug_aranges)
 .debug_aranges
                0x00000000       0x20 .\CortexM0p\ARM_GCC_493\Debug\main.o
 .debug_aranges
                0x00000020       0x18 .\CortexM0p\ARM_GCC_493\Debug\cymetadata.o
 .debug_aranges
                0x00000038       0x48 .\CortexM0p\ARM_GCC_493\Debug\Cm0plusStart.o
 .debug_aranges
                0x00000080       0x38 .\CortexM0p\ARM_GCC_493\Debug\SmartIOCountUpExtClock.a(cyfitter_cfg.o)
 .debug_aranges
                0x000000b8       0x78 .\CortexM0p\ARM_GCC_493\Debug\SmartIOCountUpExtClock.a(CapSense_Control.o)
 .debug_aranges
                0x00000130       0x48 .\CortexM0p\ARM_GCC_493\Debug\SmartIOCountUpExtClock.a(CapSense_Processing.o)
 .debug_aranges
                0x00000178       0x50 .\CortexM0p\ARM_GCC_493\Debug\SmartIOCountUpExtClock.a(CapSense_Structure.o)
 .debug_aranges
                0x000001c8       0x28 .\CortexM0p\ARM_GCC_493\Debug\SmartIOCountUpExtClock.a(CapSense_Tuner.o)
 .debug_aranges
                0x000001f0       0x70 .\CortexM0p\ARM_GCC_493\Debug\SmartIOCountUpExtClock.a(CapSense_Filter.o)
 .debug_aranges
                0x00000260       0x80 .\CortexM0p\ARM_GCC_493\Debug\SmartIOCountUpExtClock.a(CapSense_Sensing.o)
 .debug_aranges
                0x000002e0       0x98 .\CortexM0p\ARM_GCC_493\Debug\SmartIOCountUpExtClock.a(CapSense_SensingCSX_LL.o)
 .debug_aranges
                0x00000378       0x48 .\CortexM0p\ARM_GCC_493\Debug\SmartIOCountUpExtClock.a(LED10.o)
 .debug_aranges
                0x000003c0       0x48 .\CortexM0p\ARM_GCC_493\Debug\SmartIOCountUpExtClock.a(LED11.o)
 .debug_aranges
                0x00000408       0x48 .\CortexM0p\ARM_GCC_493\Debug\SmartIOCountUpExtClock.a(LED9.o)
 .debug_aranges
                0x00000450       0x68 .\CortexM0p\ARM_GCC_493\Debug\SmartIOCountUpExtClock.a(SmartIO.o)
 .debug_aranges
                0x000004b8      0x158 .\CortexM0p\ARM_GCC_493\Debug\SmartIOCountUpExtClock.a(PWM.o)
 .debug_aranges
                0x00000610       0x80 .\CortexM0p\ARM_GCC_493\Debug\SmartIOCountUpExtClock.a(CapSense_ISR.o)
 .debug_aranges
                0x00000690       0x20 .\CortexM0p\ARM_GCC_493\Debug\SmartIOCountUpExtClock.a(CyBootAsmGnu.o)
 .debug_aranges
                0x000006b0      0x180 .\CortexM0p\ARM_GCC_493\Debug\SmartIOCountUpExtClock.a(CyLib.o)
 .debug_aranges
                0x00000830       0x30 .\CortexM0p\ARM_GCC_493\Debug\SmartIOCountUpExtClock.a(cyPm.o)
 .debug_aranges
                0x00000860       0xd8 .\CortexM0p\ARM_GCC_493\Debug\SmartIOCountUpExtClock.a(CyLFClk.o)
 .debug_aranges
                0x00000938       0x48 .\CortexM0p\ARM_GCC_493\Debug\SmartIOCountUpExtClock.a(P20.o)
 .debug_aranges
                0x00000980       0x48 .\CortexM0p\ARM_GCC_493\Debug\SmartIOCountUpExtClock.a(CyFlash.o)

.debug_pubnames
 *(.debug_pubnames)

.debug_info     0x00000000     0x76a8
 *(.debug_info .gnu.linkonce.wi.*)
 .debug_info    0x00000000      0x22b .\CortexM0p\ARM_GCC_493\Debug\main.o
 .debug_info    0x0000022b       0xfe .\CortexM0p\ARM_GCC_493\Debug\cymetadata.o
 .debug_info    0x00000329      0x38b .\CortexM0p\ARM_GCC_493\Debug\Cm0plusStart.o
 .debug_info    0x000006b4      0x163 .\CortexM0p\ARM_GCC_493\Debug\SmartIOCountUpExtClock.a(cyfitter_cfg.o)
 .debug_info    0x00000817      0xa0b .\CortexM0p\ARM_GCC_493\Debug\SmartIOCountUpExtClock.a(CapSense_Control.o)
 .debug_info    0x00001222      0x950 .\CortexM0p\ARM_GCC_493\Debug\SmartIOCountUpExtClock.a(CapSense_Processing.o)
 .debug_info    0x00001b72      0x9f5 .\CortexM0p\ARM_GCC_493\Debug\SmartIOCountUpExtClock.a(CapSense_Structure.o)
 .debug_info    0x00002567      0x5c8 .\CortexM0p\ARM_GCC_493\Debug\SmartIOCountUpExtClock.a(CapSense_Tuner.o)
 .debug_info    0x00002b2f      0x8ba .\CortexM0p\ARM_GCC_493\Debug\SmartIOCountUpExtClock.a(CapSense_Filter.o)
 .debug_info    0x000033e9      0x98f .\CortexM0p\ARM_GCC_493\Debug\SmartIOCountUpExtClock.a(CapSense_Sensing.o)
 .debug_info    0x00003d78      0xd51 .\CortexM0p\ARM_GCC_493\Debug\SmartIOCountUpExtClock.a(CapSense_SensingCSX_LL.o)
 .debug_info    0x00004ac9      0x19d .\CortexM0p\ARM_GCC_493\Debug\SmartIOCountUpExtClock.a(LED10.o)
 .debug_info    0x00004c66      0x19d .\CortexM0p\ARM_GCC_493\Debug\SmartIOCountUpExtClock.a(LED11.o)
 .debug_info    0x00004e03      0x19d .\CortexM0p\ARM_GCC_493\Debug\SmartIOCountUpExtClock.a(LED9.o)
 .debug_info    0x00004fa0      0x33a .\CortexM0p\ARM_GCC_493\Debug\SmartIOCountUpExtClock.a(SmartIO.o)
 .debug_info    0x000052da      0x906 .\CortexM0p\ARM_GCC_493\Debug\SmartIOCountUpExtClock.a(PWM.o)
 .debug_info    0x00005be0      0x300 .\CortexM0p\ARM_GCC_493\Debug\SmartIOCountUpExtClock.a(CapSense_ISR.o)
 .debug_info    0x00005ee0       0xa9 .\CortexM0p\ARM_GCC_493\Debug\SmartIOCountUpExtClock.a(CyBootAsmGnu.o)
 .debug_info    0x00005f89      0xb95 .\CortexM0p\ARM_GCC_493\Debug\SmartIOCountUpExtClock.a(CyLib.o)
 .debug_info    0x00006b1e      0x17b .\CortexM0p\ARM_GCC_493\Debug\SmartIOCountUpExtClock.a(cyPm.o)
 .debug_info    0x00006c99      0x43f .\CortexM0p\ARM_GCC_493\Debug\SmartIOCountUpExtClock.a(CyLFClk.o)
 .debug_info    0x000070d8      0x19b .\CortexM0p\ARM_GCC_493\Debug\SmartIOCountUpExtClock.a(P20.o)
 .debug_info    0x00007273      0x435 .\CortexM0p\ARM_GCC_493\Debug\SmartIOCountUpExtClock.a(CyFlash.o)

.debug_abbrev   0x00000000     0x2185
 *(.debug_abbrev)
 .debug_abbrev  0x00000000       0xea .\CortexM0p\ARM_GCC_493\Debug\main.o
 .debug_abbrev  0x000000ea       0x5d .\CortexM0p\ARM_GCC_493\Debug\cymetadata.o
 .debug_abbrev  0x00000147      0x1f7 .\CortexM0p\ARM_GCC_493\Debug\Cm0plusStart.o
 .debug_abbrev  0x0000033e       0xe2 .\CortexM0p\ARM_GCC_493\Debug\SmartIOCountUpExtClock.a(cyfitter_cfg.o)
 .debug_abbrev  0x00000420      0x25c .\CortexM0p\ARM_GCC_493\Debug\SmartIOCountUpExtClock.a(CapSense_Control.o)
 .debug_abbrev  0x0000067c      0x1d5 .\CortexM0p\ARM_GCC_493\Debug\SmartIOCountUpExtClock.a(CapSense_Processing.o)
 .debug_abbrev  0x00000851      0x20a .\CortexM0p\ARM_GCC_493\Debug\SmartIOCountUpExtClock.a(CapSense_Structure.o)
 .debug_abbrev  0x00000a5b      0x17e .\CortexM0p\ARM_GCC_493\Debug\SmartIOCountUpExtClock.a(CapSense_Tuner.o)
 .debug_abbrev  0x00000bd9      0x294 .\CortexM0p\ARM_GCC_493\Debug\SmartIOCountUpExtClock.a(CapSense_Filter.o)
 .debug_abbrev  0x00000e6d      0x21e .\CortexM0p\ARM_GCC_493\Debug\SmartIOCountUpExtClock.a(CapSense_Sensing.o)
 .debug_abbrev  0x0000108b      0x2ea .\CortexM0p\ARM_GCC_493\Debug\SmartIOCountUpExtClock.a(CapSense_SensingCSX_LL.o)
 .debug_abbrev  0x00001375       0xc8 .\CortexM0p\ARM_GCC_493\Debug\SmartIOCountUpExtClock.a(LED10.o)
 .debug_abbrev  0x0000143d       0xc8 .\CortexM0p\ARM_GCC_493\Debug\SmartIOCountUpExtClock.a(LED11.o)
 .debug_abbrev  0x00001505       0xc8 .\CortexM0p\ARM_GCC_493\Debug\SmartIOCountUpExtClock.a(LED9.o)
 .debug_abbrev  0x000015cd      0x166 .\CortexM0p\ARM_GCC_493\Debug\SmartIOCountUpExtClock.a(SmartIO.o)
 .debug_abbrev  0x00001733      0x133 .\CortexM0p\ARM_GCC_493\Debug\SmartIOCountUpExtClock.a(PWM.o)
 .debug_abbrev  0x00001866      0x1b4 .\CortexM0p\ARM_GCC_493\Debug\SmartIOCountUpExtClock.a(CapSense_ISR.o)
 .debug_abbrev  0x00001a1a       0x14 .\CortexM0p\ARM_GCC_493\Debug\SmartIOCountUpExtClock.a(CyBootAsmGnu.o)
 .debug_abbrev  0x00001a2e      0x236 .\CortexM0p\ARM_GCC_493\Debug\SmartIOCountUpExtClock.a(CyLib.o)
 .debug_abbrev  0x00001c64       0xc6 .\CortexM0p\ARM_GCC_493\Debug\SmartIOCountUpExtClock.a(cyPm.o)
 .debug_abbrev  0x00001d2a      0x1b6 .\CortexM0p\ARM_GCC_493\Debug\SmartIOCountUpExtClock.a(CyLFClk.o)
 .debug_abbrev  0x00001ee0       0xc8 .\CortexM0p\ARM_GCC_493\Debug\SmartIOCountUpExtClock.a(P20.o)
 .debug_abbrev  0x00001fa8      0x1dd .\CortexM0p\ARM_GCC_493\Debug\SmartIOCountUpExtClock.a(CyFlash.o)

.debug_line     0x00000000     0x27be
 *(.debug_line)
 .debug_line    0x00000000      0x101 .\CortexM0p\ARM_GCC_493\Debug\main.o
 .debug_line    0x00000101       0x53 .\CortexM0p\ARM_GCC_493\Debug\cymetadata.o
 .debug_line    0x00000154      0x25a .\CortexM0p\ARM_GCC_493\Debug\Cm0plusStart.o
 .debug_line    0x000003ae       0xbe .\CortexM0p\ARM_GCC_493\Debug\SmartIOCountUpExtClock.a(cyfitter_cfg.o)
 .debug_line    0x0000046c      0x24b .\CortexM0p\ARM_GCC_493\Debug\SmartIOCountUpExtClock.a(CapSense_Control.o)
 .debug_line    0x000006b7      0x2bc .\CortexM0p\ARM_GCC_493\Debug\SmartIOCountUpExtClock.a(CapSense_Processing.o)
 .debug_line    0x00000973      0x1d2 .\CortexM0p\ARM_GCC_493\Debug\SmartIOCountUpExtClock.a(CapSense_Structure.o)
 .debug_line    0x00000b45      0x115 .\CortexM0p\ARM_GCC_493\Debug\SmartIOCountUpExtClock.a(CapSense_Tuner.o)
 .debug_line    0x00000c5a      0x1dd .\CortexM0p\ARM_GCC_493\Debug\SmartIOCountUpExtClock.a(CapSense_Filter.o)
 .debug_line    0x00000e37      0x282 .\CortexM0p\ARM_GCC_493\Debug\SmartIOCountUpExtClock.a(CapSense_Sensing.o)
 .debug_line    0x000010b9      0x37f .\CortexM0p\ARM_GCC_493\Debug\SmartIOCountUpExtClock.a(CapSense_SensingCSX_LL.o)
 .debug_line    0x00001438       0xbf .\CortexM0p\ARM_GCC_493\Debug\SmartIOCountUpExtClock.a(LED10.o)
 .debug_line    0x000014f7       0xbf .\CortexM0p\ARM_GCC_493\Debug\SmartIOCountUpExtClock.a(LED11.o)
 .debug_line    0x000015b6       0xbe .\CortexM0p\ARM_GCC_493\Debug\SmartIOCountUpExtClock.a(LED9.o)
 .debug_line    0x00001674      0x192 .\CortexM0p\ARM_GCC_493\Debug\SmartIOCountUpExtClock.a(SmartIO.o)
 .debug_line    0x00001806      0x37e .\CortexM0p\ARM_GCC_493\Debug\SmartIOCountUpExtClock.a(PWM.o)
 .debug_line    0x00001b84      0x171 .\CortexM0p\ARM_GCC_493\Debug\SmartIOCountUpExtClock.a(CapSense_ISR.o)
 .debug_line    0x00001cf5       0x6a .\CortexM0p\ARM_GCC_493\Debug\SmartIOCountUpExtClock.a(CyBootAsmGnu.o)
 .debug_line    0x00001d5f      0x4a0 .\CortexM0p\ARM_GCC_493\Debug\SmartIOCountUpExtClock.a(CyLib.o)
 .debug_line    0x000021ff       0x9a .\CortexM0p\ARM_GCC_493\Debug\SmartIOCountUpExtClock.a(cyPm.o)
 .debug_line    0x00002299      0x286 .\CortexM0p\ARM_GCC_493\Debug\SmartIOCountUpExtClock.a(CyLFClk.o)
 .debug_line    0x0000251f       0xbc .\CortexM0p\ARM_GCC_493\Debug\SmartIOCountUpExtClock.a(P20.o)
 .debug_line    0x000025db      0x1e3 .\CortexM0p\ARM_GCC_493\Debug\SmartIOCountUpExtClock.a(CyFlash.o)

.debug_frame    0x00000000     0x17cc
 *(.debug_frame)
 .debug_frame   0x00000000       0x2c .\CortexM0p\ARM_GCC_493\Debug\main.o
 .debug_frame   0x0000002c       0xb0 .\CortexM0p\ARM_GCC_493\Debug\Cm0plusStart.o
 .debug_frame   0x000000dc       0x74 .\CortexM0p\ARM_GCC_493\Debug\SmartIOCountUpExtClock.a(cyfitter_cfg.o)
 .debug_frame   0x00000150      0x144 .\CortexM0p\ARM_GCC_493\Debug\SmartIOCountUpExtClock.a(CapSense_Control.o)
 .debug_frame   0x00000294       0xcc .\CortexM0p\ARM_GCC_493\Debug\SmartIOCountUpExtClock.a(CapSense_Processing.o)
 .debug_frame   0x00000360       0xbc .\CortexM0p\ARM_GCC_493\Debug\SmartIOCountUpExtClock.a(CapSense_Structure.o)
 .debug_frame   0x0000041c       0x40 .\CortexM0p\ARM_GCC_493\Debug\SmartIOCountUpExtClock.a(CapSense_Tuner.o)
 .debug_frame   0x0000045c      0x144 .\CortexM0p\ARM_GCC_493\Debug\SmartIOCountUpExtClock.a(CapSense_Filter.o)
 .debug_frame   0x000005a0      0x160 .\CortexM0p\ARM_GCC_493\Debug\SmartIOCountUpExtClock.a(CapSense_Sensing.o)
 .debug_frame   0x00000700      0x1d0 .\CortexM0p\ARM_GCC_493\Debug\SmartIOCountUpExtClock.a(CapSense_SensingCSX_LL.o)
 .debug_frame   0x000008d0       0x70 .\CortexM0p\ARM_GCC_493\Debug\SmartIOCountUpExtClock.a(LED10.o)
 .debug_frame   0x00000940       0x70 .\CortexM0p\ARM_GCC_493\Debug\SmartIOCountUpExtClock.a(LED11.o)
 .debug_frame   0x000009b0       0x70 .\CortexM0p\ARM_GCC_493\Debug\SmartIOCountUpExtClock.a(LED9.o)
 .debug_frame   0x00000a20       0xf4 .\CortexM0p\ARM_GCC_493\Debug\SmartIOCountUpExtClock.a(SmartIO.o)
 .debug_frame   0x00000b14      0x390 .\CortexM0p\ARM_GCC_493\Debug\SmartIOCountUpExtClock.a(PWM.o)
 .debug_frame   0x00000ea4      0x110 .\CortexM0p\ARM_GCC_493\Debug\SmartIOCountUpExtClock.a(CapSense_ISR.o)
 .debug_frame   0x00000fb4      0x3f0 .\CortexM0p\ARM_GCC_493\Debug\SmartIOCountUpExtClock.a(CyLib.o)
 .debug_frame   0x000013a4       0x58 .\CortexM0p\ARM_GCC_493\Debug\SmartIOCountUpExtClock.a(cyPm.o)
 .debug_frame   0x000013fc      0x1dc .\CortexM0p\ARM_GCC_493\Debug\SmartIOCountUpExtClock.a(CyLFClk.o)
 .debug_frame   0x000015d8       0x70 .\CortexM0p\ARM_GCC_493\Debug\SmartIOCountUpExtClock.a(P20.o)
 .debug_frame   0x00001648       0xa8 .\CortexM0p\ARM_GCC_493\Debug\SmartIOCountUpExtClock.a(CyFlash.o)
 .debug_frame   0x000016f0       0x20 c:/program files (x86)/cypress/psoc creator/3.3/psoc creator/import/gnu/arm/4.9.3/bin/../lib/gcc/arm-none-eabi/4.9.3/armv6-m\libgcc.a(_udivsi3.o)
 .debug_frame   0x00001710       0x20 c:/program files (x86)/cypress/psoc creator/3.3/psoc creator/import/gnu/arm/4.9.3/bin/../lib/gcc/arm-none-eabi/4.9.3/../../../../arm-none-eabi/lib/armv6-m\libg_nano.a(lib_a-errno.o)
 .debug_frame   0x00001730       0x28 c:/program files (x86)/cypress/psoc creator/3.3/psoc creator/import/gnu/arm/4.9.3/bin/../lib/gcc/arm-none-eabi/4.9.3/../../../../arm-none-eabi/lib/armv6-m\libg_nano.a(lib_a-exit.o)
 .debug_frame   0x00001758       0x2c c:/program files (x86)/cypress/psoc creator/3.3/psoc creator/import/gnu/arm/4.9.3/bin/../lib/gcc/arm-none-eabi/4.9.3/../../../../arm-none-eabi/lib/armv6-m\libg_nano.a(lib_a-init.o)
 .debug_frame   0x00001784       0x28 c:/program files (x86)/cypress/psoc creator/3.3/psoc creator/import/gnu/arm/4.9.3/bin/../lib/gcc/arm-none-eabi/4.9.3/../../../../arm-none-eabi/lib/armv6-m\libg_nano.a(lib_a-memcpy.o)
 .debug_frame   0x000017ac       0x20 c:/program files (x86)/cypress/psoc creator/3.3/psoc creator/import/gnu/arm/4.9.3/bin/../lib/gcc/arm-none-eabi/4.9.3/../../../../arm-none-eabi/lib/armv6-m\libg_nano.a(lib_a-memset.o)

.debug_str      0x00000000     0x2911
 *(.debug_str)
 .debug_str     0x00000000      0x26a .\CortexM0p\ARM_GCC_493\Debug\main.o
                                0x2a3 (size before relaxing)
 .debug_str     0x0000026a       0x5b .\CortexM0p\ARM_GCC_493\Debug\cymetadata.o
                                0x1eb (size before relaxing)
 .debug_str     0x000002c5      0x16a .\CortexM0p\ARM_GCC_493\Debug\Cm0plusStart.o
                                0x320 (size before relaxing)
 .debug_str     0x0000042f       0x86 .\CortexM0p\ARM_GCC_493\Debug\SmartIOCountUpExtClock.a(cyfitter_cfg.o)
                                0x22a (size before relaxing)
 .debug_str     0x000004b5      0x634 .\CortexM0p\ARM_GCC_493\Debug\SmartIOCountUpExtClock.a(CapSense_Control.o)
                                0x84d (size before relaxing)
 .debug_str     0x00000ae9      0x1d3 .\CortexM0p\ARM_GCC_493\Debug\SmartIOCountUpExtClock.a(CapSense_Processing.o)
                                0x79a (size before relaxing)
 .debug_str     0x00000cbc      0x1f1 .\CortexM0p\ARM_GCC_493\Debug\SmartIOCountUpExtClock.a(CapSense_Structure.o)
                                0x77f (size before relaxing)
 .debug_str     0x00000ead      0x119 .\CortexM0p\ARM_GCC_493\Debug\SmartIOCountUpExtClock.a(CapSense_Tuner.o)
                                0x5ff (size before relaxing)
 .debug_str     0x00000fc6      0x18f .\CortexM0p\ARM_GCC_493\Debug\SmartIOCountUpExtClock.a(CapSense_Filter.o)
                                0x68f (size before relaxing)
 .debug_str     0x00001155      0x2c4 .\CortexM0p\ARM_GCC_493\Debug\SmartIOCountUpExtClock.a(CapSense_Sensing.o)
                                0x84d (size before relaxing)
 .debug_str     0x00001419      0x3bd .\CortexM0p\ARM_GCC_493\Debug\SmartIOCountUpExtClock.a(CapSense_SensingCSX_LL.o)
                                0xaae (size before relaxing)
 .debug_str     0x000017d6       0xa1 .\CortexM0p\ARM_GCC_493\Debug\SmartIOCountUpExtClock.a(LED10.o)
                                0x253 (size before relaxing)
 .debug_str     0x00001877       0x7d .\CortexM0p\ARM_GCC_493\Debug\SmartIOCountUpExtClock.a(LED11.o)
                                0x253 (size before relaxing)
 .debug_str     0x000018f4       0x6d .\CortexM0p\ARM_GCC_493\Debug\SmartIOCountUpExtClock.a(LED9.o)
                                0x24c (size before relaxing)
 .debug_str     0x00001961      0x175 .\CortexM0p\ARM_GCC_493\Debug\SmartIOCountUpExtClock.a(SmartIO.o)
                                0x32e (size before relaxing)
 .debug_str     0x00001ad6      0x382 .\CortexM0p\ARM_GCC_493\Debug\SmartIOCountUpExtClock.a(PWM.o)
                                0x56e (size before relaxing)
 .debug_str     0x00001e58      0x14d .\CortexM0p\ARM_GCC_493\Debug\SmartIOCountUpExtClock.a(CapSense_ISR.o)
                                0x35d (size before relaxing)
 .debug_str     0x00001fa5      0x4a2 .\CortexM0p\ARM_GCC_493\Debug\SmartIOCountUpExtClock.a(CyLib.o)
                                0x6ed (size before relaxing)
 .debug_str     0x00002447       0x61 .\CortexM0p\ARM_GCC_493\Debug\SmartIOCountUpExtClock.a(cyPm.o)
                                0x24e (size before relaxing)
 .debug_str     0x000024a8      0x2d2 .\CortexM0p\ARM_GCC_493\Debug\SmartIOCountUpExtClock.a(CyLFClk.o)
                                0x4cb (size before relaxing)
 .debug_str     0x0000277a       0x71 .\CortexM0p\ARM_GCC_493\Debug\SmartIOCountUpExtClock.a(P20.o)
                                0x245 (size before relaxing)
 .debug_str     0x000027eb      0x126 .\CortexM0p\ARM_GCC_493\Debug\SmartIOCountUpExtClock.a(CyFlash.o)
                                0x333 (size before relaxing)

.debug_loc      0x00000000     0x34d7
 *(.debug_loc)
 .debug_loc     0x00000000      0x14f .\CortexM0p\ARM_GCC_493\Debug\Cm0plusStart.o
 .debug_loc     0x0000014f       0x35 .\CortexM0p\ARM_GCC_493\Debug\SmartIOCountUpExtClock.a(cyfitter_cfg.o)
 .debug_loc     0x00000184      0x3cc .\CortexM0p\ARM_GCC_493\Debug\SmartIOCountUpExtClock.a(CapSense_Control.o)
 .debug_loc     0x00000550      0x45d .\CortexM0p\ARM_GCC_493\Debug\SmartIOCountUpExtClock.a(CapSense_Processing.o)
 .debug_loc     0x000009ad      0x3ba .\CortexM0p\ARM_GCC_493\Debug\SmartIOCountUpExtClock.a(CapSense_Structure.o)
 .debug_loc     0x00000d67      0x13d .\CortexM0p\ARM_GCC_493\Debug\SmartIOCountUpExtClock.a(CapSense_Tuner.o)
 .debug_loc     0x00000ea4      0x67f .\CortexM0p\ARM_GCC_493\Debug\SmartIOCountUpExtClock.a(CapSense_Filter.o)
 .debug_loc     0x00001523      0x3e4 .\CortexM0p\ARM_GCC_493\Debug\SmartIOCountUpExtClock.a(CapSense_Sensing.o)
 .debug_loc     0x00001907      0x54a .\CortexM0p\ARM_GCC_493\Debug\SmartIOCountUpExtClock.a(CapSense_SensingCSX_LL.o)
 .debug_loc     0x00001e51       0xa2 .\CortexM0p\ARM_GCC_493\Debug\SmartIOCountUpExtClock.a(LED10.o)
 .debug_loc     0x00001ef3       0xa2 .\CortexM0p\ARM_GCC_493\Debug\SmartIOCountUpExtClock.a(LED11.o)
 .debug_loc     0x00001f95       0xa2 .\CortexM0p\ARM_GCC_493\Debug\SmartIOCountUpExtClock.a(LED9.o)
 .debug_loc     0x00002037      0x341 .\CortexM0p\ARM_GCC_493\Debug\SmartIOCountUpExtClock.a(SmartIO.o)
 .debug_loc     0x00002378      0x547 .\CortexM0p\ARM_GCC_493\Debug\SmartIOCountUpExtClock.a(PWM.o)
 .debug_loc     0x000028bf       0x82 .\CortexM0p\ARM_GCC_493\Debug\SmartIOCountUpExtClock.a(CapSense_ISR.o)
 .debug_loc     0x00002941      0x5e3 .\CortexM0p\ARM_GCC_493\Debug\SmartIOCountUpExtClock.a(CyLib.o)
 .debug_loc     0x00002f24       0x47 .\CortexM0p\ARM_GCC_493\Debug\SmartIOCountUpExtClock.a(cyPm.o)
 .debug_loc     0x00002f6b      0x323 .\CortexM0p\ARM_GCC_493\Debug\SmartIOCountUpExtClock.a(CyLFClk.o)
 .debug_loc     0x0000328e       0x81 .\CortexM0p\ARM_GCC_493\Debug\SmartIOCountUpExtClock.a(P20.o)
 .debug_loc     0x0000330f      0x1c8 .\CortexM0p\ARM_GCC_493\Debug\SmartIOCountUpExtClock.a(CyFlash.o)

.debug_macinfo
 *(.debug_macinfo)

.debug_ranges   0x00000000      0x840
 *(.debug_ranges)
 .debug_ranges  0x00000000       0x10 .\CortexM0p\ARM_GCC_493\Debug\main.o
 .debug_ranges  0x00000010       0x38 .\CortexM0p\ARM_GCC_493\Debug\Cm0plusStart.o
 .debug_ranges  0x00000048       0x28 .\CortexM0p\ARM_GCC_493\Debug\SmartIOCountUpExtClock.a(cyfitter_cfg.o)
 .debug_ranges  0x00000070       0x68 .\CortexM0p\ARM_GCC_493\Debug\SmartIOCountUpExtClock.a(CapSense_Control.o)
 .debug_ranges  0x000000d8       0x38 .\CortexM0p\ARM_GCC_493\Debug\SmartIOCountUpExtClock.a(CapSense_Processing.o)
 .debug_ranges  0x00000110       0x40 .\CortexM0p\ARM_GCC_493\Debug\SmartIOCountUpExtClock.a(CapSense_Structure.o)
 .debug_ranges  0x00000150       0x18 .\CortexM0p\ARM_GCC_493\Debug\SmartIOCountUpExtClock.a(CapSense_Tuner.o)
 .debug_ranges  0x00000168       0x60 .\CortexM0p\ARM_GCC_493\Debug\SmartIOCountUpExtClock.a(CapSense_Filter.o)
 .debug_ranges  0x000001c8       0x70 .\CortexM0p\ARM_GCC_493\Debug\SmartIOCountUpExtClock.a(CapSense_Sensing.o)
 .debug_ranges  0x00000238       0x88 .\CortexM0p\ARM_GCC_493\Debug\SmartIOCountUpExtClock.a(CapSense_SensingCSX_LL.o)
 .debug_ranges  0x000002c0       0x38 .\CortexM0p\ARM_GCC_493\Debug\SmartIOCountUpExtClock.a(LED10.o)
 .debug_ranges  0x000002f8       0x38 .\CortexM0p\ARM_GCC_493\Debug\SmartIOCountUpExtClock.a(LED11.o)
 .debug_ranges  0x00000330       0x38 .\CortexM0p\ARM_GCC_493\Debug\SmartIOCountUpExtClock.a(LED9.o)
 .debug_ranges  0x00000368       0x58 .\CortexM0p\ARM_GCC_493\Debug\SmartIOCountUpExtClock.a(SmartIO.o)
 .debug_ranges  0x000003c0      0x148 .\CortexM0p\ARM_GCC_493\Debug\SmartIOCountUpExtClock.a(PWM.o)
 .debug_ranges  0x00000508       0x70 .\CortexM0p\ARM_GCC_493\Debug\SmartIOCountUpExtClock.a(CapSense_ISR.o)
 .debug_ranges  0x00000578      0x170 .\CortexM0p\ARM_GCC_493\Debug\SmartIOCountUpExtClock.a(CyLib.o)
 .debug_ranges  0x000006e8       0x20 .\CortexM0p\ARM_GCC_493\Debug\SmartIOCountUpExtClock.a(cyPm.o)
 .debug_ranges  0x00000708       0xc8 .\CortexM0p\ARM_GCC_493\Debug\SmartIOCountUpExtClock.a(CyLFClk.o)
 .debug_ranges  0x000007d0       0x38 .\CortexM0p\ARM_GCC_493\Debug\SmartIOCountUpExtClock.a(P20.o)
 .debug_ranges  0x00000808       0x38 .\CortexM0p\ARM_GCC_493\Debug\SmartIOCountUpExtClock.a(CyFlash.o)

.comment        0x00000000       0x70
 .comment       0x00000000       0x70 .\CortexM0p\ARM_GCC_493\Debug\main.o
                                 0x71 (size before relaxing)
 .comment       0x00000000       0x71 .\CortexM0p\ARM_GCC_493\Debug\cymetadata.o
 .comment       0x00000000       0x71 .\CortexM0p\ARM_GCC_493\Debug\Cm0plusStart.o
 .comment       0x00000000       0x71 .\CortexM0p\ARM_GCC_493\Debug\SmartIOCountUpExtClock.a(cyfitter_cfg.o)
 .comment       0x00000000       0x71 .\CortexM0p\ARM_GCC_493\Debug\SmartIOCountUpExtClock.a(CapSense_Control.o)
 .comment       0x00000000       0x71 .\CortexM0p\ARM_GCC_493\Debug\SmartIOCountUpExtClock.a(CapSense_Processing.o)
 .comment       0x00000000       0x71 .\CortexM0p\ARM_GCC_493\Debug\SmartIOCountUpExtClock.a(CapSense_Structure.o)
 .comment       0x00000000       0x71 .\CortexM0p\ARM_GCC_493\Debug\SmartIOCountUpExtClock.a(CapSense_Tuner.o)
 .comment       0x00000000       0x71 .\CortexM0p\ARM_GCC_493\Debug\SmartIOCountUpExtClock.a(CapSense_Filter.o)
 .comment       0x00000000       0x71 .\CortexM0p\ARM_GCC_493\Debug\SmartIOCountUpExtClock.a(CapSense_Sensing.o)
 .comment       0x00000000       0x71 .\CortexM0p\ARM_GCC_493\Debug\SmartIOCountUpExtClock.a(CapSense_SensingCSX_LL.o)
 .comment       0x00000000       0x71 .\CortexM0p\ARM_GCC_493\Debug\SmartIOCountUpExtClock.a(LED10.o)
 .comment       0x00000000       0x71 .\CortexM0p\ARM_GCC_493\Debug\SmartIOCountUpExtClock.a(LED11.o)
 .comment       0x00000000       0x71 .\CortexM0p\ARM_GCC_493\Debug\SmartIOCountUpExtClock.a(LED9.o)
 .comment       0x00000000       0x71 .\CortexM0p\ARM_GCC_493\Debug\SmartIOCountUpExtClock.a(SmartIO.o)
 .comment       0x00000000       0x71 .\CortexM0p\ARM_GCC_493\Debug\SmartIOCountUpExtClock.a(PWM.o)
 .comment       0x00000000       0x71 .\CortexM0p\ARM_GCC_493\Debug\SmartIOCountUpExtClock.a(CapSense_ISR.o)
 .comment       0x00000000       0x71 .\CortexM0p\ARM_GCC_493\Debug\SmartIOCountUpExtClock.a(CyLib.o)
 .comment       0x00000000       0x71 .\CortexM0p\ARM_GCC_493\Debug\SmartIOCountUpExtClock.a(cyPm.o)
 .comment       0x00000000       0x71 .\CortexM0p\ARM_GCC_493\Debug\SmartIOCountUpExtClock.a(CyLFClk.o)
 .comment       0x00000000       0x71 .\CortexM0p\ARM_GCC_493\Debug\SmartIOCountUpExtClock.a(P20.o)
 .comment       0x00000000       0x71 .\CortexM0p\ARM_GCC_493\Debug\SmartIOCountUpExtClock.a(CyFlash.o)

.debug_weaknames
 *(.debug_weaknames)

.debug_funcnames
 *(.debug_funcnames)

.debug_typenames
 *(.debug_typenames)

.debug_varnames
 *(.debug_varnames)

.note.gnu.arm.ident
 *(.note.gnu.arm.ident)

.ARM.attributes
                0x00000000       0x28
 *(.ARM.attributes)
 .ARM.attributes
                0x00000000       0x1e c:/program files (x86)/cypress/psoc creator/3.3/psoc creator/import/gnu/arm/4.9.3/bin/../lib/gcc/arm-none-eabi/4.9.3/armv6-m/crti.o
 .ARM.attributes
                0x0000001e       0x2c c:/program files (x86)/cypress/psoc creator/3.3/psoc creator/import/gnu/arm/4.9.3/bin/../lib/gcc/arm-none-eabi/4.9.3/armv6-m/crtbegin.o
 .ARM.attributes
                0x0000004a       0x1b c:/program files (x86)/cypress/psoc creator/3.3/psoc creator/import/gnu/arm/4.9.3/bin/../lib/gcc/arm-none-eabi/4.9.3/../../../../arm-none-eabi/lib/armv6-m/crt0.o
 .ARM.attributes
                0x00000065       0x32 .\CortexM0p\ARM_GCC_493\Debug\main.o
 .ARM.attributes
                0x00000097       0x32 .\CortexM0p\ARM_GCC_493\Debug\cymetadata.o
 .ARM.attributes
                0x000000c9       0x32 .\CortexM0p\ARM_GCC_493\Debug\Cm0plusStart.o
 .ARM.attributes
                0x000000fb       0x32 .\CortexM0p\ARM_GCC_493\Debug\SmartIOCountUpExtClock.a(cyfitter_cfg.o)
 .ARM.attributes
                0x0000012d       0x32 .\CortexM0p\ARM_GCC_493\Debug\SmartIOCountUpExtClock.a(CapSense_Control.o)
 .ARM.attributes
                0x0000015f       0x32 .\CortexM0p\ARM_GCC_493\Debug\SmartIOCountUpExtClock.a(CapSense_Processing.o)
 .ARM.attributes
                0x00000191       0x32 .\CortexM0p\ARM_GCC_493\Debug\SmartIOCountUpExtClock.a(CapSense_Structure.o)
 .ARM.attributes
                0x000001c3       0x32 .\CortexM0p\ARM_GCC_493\Debug\SmartIOCountUpExtClock.a(CapSense_Tuner.o)
 .ARM.attributes
                0x000001f5       0x32 .\CortexM0p\ARM_GCC_493\Debug\SmartIOCountUpExtClock.a(CapSense_Filter.o)
 .ARM.attributes
                0x00000227       0x32 .\CortexM0p\ARM_GCC_493\Debug\SmartIOCountUpExtClock.a(CapSense_Sensing.o)
 .ARM.attributes
                0x00000259       0x32 .\CortexM0p\ARM_GCC_493\Debug\SmartIOCountUpExtClock.a(CapSense_SensingCSX_LL.o)
 .ARM.attributes
                0x0000028b       0x32 .\CortexM0p\ARM_GCC_493\Debug\SmartIOCountUpExtClock.a(LED10.o)
 .ARM.attributes
                0x000002bd       0x32 .\CortexM0p\ARM_GCC_493\Debug\SmartIOCountUpExtClock.a(LED11.o)
 .ARM.attributes
                0x000002ef       0x32 .\CortexM0p\ARM_GCC_493\Debug\SmartIOCountUpExtClock.a(LED9.o)
 .ARM.attributes
                0x00000321       0x32 .\CortexM0p\ARM_GCC_493\Debug\SmartIOCountUpExtClock.a(SmartIO.o)
 .ARM.attributes
                0x00000353       0x32 .\CortexM0p\ARM_GCC_493\Debug\SmartIOCountUpExtClock.a(PWM.o)
 .ARM.attributes
                0x00000385       0x32 .\CortexM0p\ARM_GCC_493\Debug\SmartIOCountUpExtClock.a(CapSense_ISR.o)
 .ARM.attributes
                0x000003b7       0x22 .\CortexM0p\ARM_GCC_493\Debug\SmartIOCountUpExtClock.a(CyBootAsmGnu.o)
 .ARM.attributes
                0x000003d9       0x32 .\CortexM0p\ARM_GCC_493\Debug\SmartIOCountUpExtClock.a(CyLib.o)
 .ARM.attributes
                0x0000040b       0x32 .\CortexM0p\ARM_GCC_493\Debug\SmartIOCountUpExtClock.a(cyPm.o)
 .ARM.attributes
                0x0000043d       0x32 .\CortexM0p\ARM_GCC_493\Debug\SmartIOCountUpExtClock.a(CyLFClk.o)
 .ARM.attributes
                0x0000046f       0x32 .\CortexM0p\ARM_GCC_493\Debug\SmartIOCountUpExtClock.a(P20.o)
 .ARM.attributes
                0x000004a1       0x32 .\CortexM0p\ARM_GCC_493\Debug\SmartIOCountUpExtClock.a(CyFlash.o)
 .ARM.attributes
                0x000004d3       0x1e c:/program files (x86)/cypress/psoc creator/3.3/psoc creator/import/gnu/arm/4.9.3/bin/../lib/gcc/arm-none-eabi/4.9.3/armv6-m\libgcc.a(_udivsi3.o)
 .ARM.attributes
                0x000004f1       0x1e c:/program files (x86)/cypress/psoc creator/3.3/psoc creator/import/gnu/arm/4.9.3/bin/../lib/gcc/arm-none-eabi/4.9.3/armv6-m\libgcc.a(_dvmd_tls.o)
 .ARM.attributes
                0x0000050f       0x2c c:/program files (x86)/cypress/psoc creator/3.3/psoc creator/import/gnu/arm/4.9.3/bin/../lib/gcc/arm-none-eabi/4.9.3/../../../../arm-none-eabi/lib/armv6-m\libg_nano.a(lib_a-errno.o)
 .ARM.attributes
                0x0000053b       0x2c c:/program files (x86)/cypress/psoc creator/3.3/psoc creator/import/gnu/arm/4.9.3/bin/../lib/gcc/arm-none-eabi/4.9.3/../../../../arm-none-eabi/lib/armv6-m\libg_nano.a(lib_a-exit.o)
 .ARM.attributes
                0x00000567       0x2c c:/program files (x86)/cypress/psoc creator/3.3/psoc creator/import/gnu/arm/4.9.3/bin/../lib/gcc/arm-none-eabi/4.9.3/../../../../arm-none-eabi/lib/armv6-m\libg_nano.a(lib_a-impure.o)
 .ARM.attributes
                0x00000593       0x2c c:/program files (x86)/cypress/psoc creator/3.3/psoc creator/import/gnu/arm/4.9.3/bin/../lib/gcc/arm-none-eabi/4.9.3/../../../../arm-none-eabi/lib/armv6-m\libg_nano.a(lib_a-init.o)
 .ARM.attributes
                0x000005bf       0x2c c:/program files (x86)/cypress/psoc creator/3.3/psoc creator/import/gnu/arm/4.9.3/bin/../lib/gcc/arm-none-eabi/4.9.3/../../../../arm-none-eabi/lib/armv6-m\libg_nano.a(lib_a-memcpy.o)
 .ARM.attributes
                0x000005eb       0x2c c:/program files (x86)/cypress/psoc creator/3.3/psoc creator/import/gnu/arm/4.9.3/bin/../lib/gcc/arm-none-eabi/4.9.3/../../../../arm-none-eabi/lib/armv6-m\libg_nano.a(lib_a-memset.o)
 .ARM.attributes
                0x00000617       0x2c c:/program files (x86)/cypress/psoc creator/3.3/psoc creator/import/gnu/arm/4.9.3/bin/../lib/gcc/arm-none-eabi/4.9.3/armv6-m/crtend.o
 .ARM.attributes
                0x00000643       0x1e c:/program files (x86)/cypress/psoc creator/3.3/psoc creator/import/gnu/arm/4.9.3/bin/../lib/gcc/arm-none-eabi/4.9.3/armv6-m/crtn.o

/DISCARD/
 *(.note.GNU-stack)
OUTPUT(.\CortexM0p\ARM_GCC_493\Debug\SmartIOCountUpExtClock.elf elf32-littlearm)
