ARM GAS  C:\Users\Alan\AppData\Local\Temp\ccva51eD.s 			page 1


   1              		.cpu cortex-m0plus
   2              		.fpu softvfp
   3              		.eabi_attribute 20, 1
   4              		.eabi_attribute 21, 1
   5              		.eabi_attribute 23, 3
   6              		.eabi_attribute 24, 1
   7              		.eabi_attribute 25, 1
   8              		.eabi_attribute 26, 1
   9              		.eabi_attribute 30, 1
  10              		.eabi_attribute 34, 0
  11              		.eabi_attribute 18, 4
  12              		.code	16
  13              		.file	"cyfitter_cfg.c"
  14              		.text
  15              	.Ltext0:
  16              		.cfi_sections	.debug_frame
  17              		.section	.psocinit,"ax",%progbits
  18              		.align	2
  19              		.code	16
  20              		.thumb_func
  21              		.type	ClockSetup, %function
  22              	ClockSetup:
  23              	.LFB4:
  24              		.file 1 ".\\Generated_Source\\PSoC4\\cyfitter_cfg.c"
   1:.\Generated_Source\PSoC4/cyfitter_cfg.c **** /*******************************************************************************
   2:.\Generated_Source\PSoC4/cyfitter_cfg.c **** * File Name: cyfitter_cfg.c
   3:.\Generated_Source\PSoC4/cyfitter_cfg.c **** * 
   4:.\Generated_Source\PSoC4/cyfitter_cfg.c **** * PSoC Creator  3.3 SP2.3
   5:.\Generated_Source\PSoC4/cyfitter_cfg.c **** *
   6:.\Generated_Source\PSoC4/cyfitter_cfg.c **** * Description:
   7:.\Generated_Source\PSoC4/cyfitter_cfg.c **** * This file contains device initialization code.
   8:.\Generated_Source\PSoC4/cyfitter_cfg.c **** * Except for the user defined sections in CyClockStartupError(), this file should not be modified.
   9:.\Generated_Source\PSoC4/cyfitter_cfg.c **** * This file is automatically generated by PSoC Creator.
  10:.\Generated_Source\PSoC4/cyfitter_cfg.c **** *
  11:.\Generated_Source\PSoC4/cyfitter_cfg.c **** ********************************************************************************
  12:.\Generated_Source\PSoC4/cyfitter_cfg.c **** * Copyright (c) 2007-2016 Cypress Semiconductor.  All rights reserved.
  13:.\Generated_Source\PSoC4/cyfitter_cfg.c **** * You may use this file only in accordance with the license, terms, conditions, 
  14:.\Generated_Source\PSoC4/cyfitter_cfg.c **** * disclaimers, and limitations in the end user license agreement accompanying 
  15:.\Generated_Source\PSoC4/cyfitter_cfg.c **** * the software package with which this file was provided.
  16:.\Generated_Source\PSoC4/cyfitter_cfg.c **** ********************************************************************************/
  17:.\Generated_Source\PSoC4/cyfitter_cfg.c **** 
  18:.\Generated_Source\PSoC4/cyfitter_cfg.c **** #include <string.h>
  19:.\Generated_Source\PSoC4/cyfitter_cfg.c **** #include "cytypes.h"
  20:.\Generated_Source\PSoC4/cyfitter_cfg.c **** #include "cydevice_trm.h"
  21:.\Generated_Source\PSoC4/cyfitter_cfg.c **** #include "cyfitter.h"
  22:.\Generated_Source\PSoC4/cyfitter_cfg.c **** #include "CyLib.h"
  23:.\Generated_Source\PSoC4/cyfitter_cfg.c **** #include "cyfitter_cfg.h"
  24:.\Generated_Source\PSoC4/cyfitter_cfg.c **** 
  25:.\Generated_Source\PSoC4/cyfitter_cfg.c **** 
  26:.\Generated_Source\PSoC4/cyfitter_cfg.c **** #if defined(__GNUC__) || defined(__ARMCC_VERSION)
  27:.\Generated_Source\PSoC4/cyfitter_cfg.c ****     #define CYPACKED 
  28:.\Generated_Source\PSoC4/cyfitter_cfg.c ****     #define CYPACKED_ATTR __attribute__ ((packed))
  29:.\Generated_Source\PSoC4/cyfitter_cfg.c ****     #define CYALIGNED __attribute__ ((aligned))
  30:.\Generated_Source\PSoC4/cyfitter_cfg.c ****     #define CY_CFG_UNUSED __attribute__ ((unused))
  31:.\Generated_Source\PSoC4/cyfitter_cfg.c ****     #ifndef CY_CFG_SECTION
  32:.\Generated_Source\PSoC4/cyfitter_cfg.c ****         #define CY_CFG_SECTION __attribute__ ((section(".psocinit")))
  33:.\Generated_Source\PSoC4/cyfitter_cfg.c ****     #endif
ARM GAS  C:\Users\Alan\AppData\Local\Temp\ccva51eD.s 			page 2


  34:.\Generated_Source\PSoC4/cyfitter_cfg.c ****     
  35:.\Generated_Source\PSoC4/cyfitter_cfg.c ****     #if defined(__ARMCC_VERSION)
  36:.\Generated_Source\PSoC4/cyfitter_cfg.c ****         #define CY_CFG_MEMORY_BARRIER() __memory_changed()
  37:.\Generated_Source\PSoC4/cyfitter_cfg.c ****     #else
  38:.\Generated_Source\PSoC4/cyfitter_cfg.c ****         #define CY_CFG_MEMORY_BARRIER() __sync_synchronize()
  39:.\Generated_Source\PSoC4/cyfitter_cfg.c ****     #endif
  40:.\Generated_Source\PSoC4/cyfitter_cfg.c ****     
  41:.\Generated_Source\PSoC4/cyfitter_cfg.c **** #elif defined(__ICCARM__)
  42:.\Generated_Source\PSoC4/cyfitter_cfg.c ****     #include <intrinsics.h>
  43:.\Generated_Source\PSoC4/cyfitter_cfg.c **** 
  44:.\Generated_Source\PSoC4/cyfitter_cfg.c ****     #define CYPACKED __packed
  45:.\Generated_Source\PSoC4/cyfitter_cfg.c ****     #define CYPACKED_ATTR 
  46:.\Generated_Source\PSoC4/cyfitter_cfg.c ****     #define CYALIGNED _Pragma("data_alignment=4")
  47:.\Generated_Source\PSoC4/cyfitter_cfg.c ****     #define CY_CFG_UNUSED _Pragma("diag_suppress=Pe177")
  48:.\Generated_Source\PSoC4/cyfitter_cfg.c ****     #define CY_CFG_SECTION _Pragma("location=\".psocinit\"")
  49:.\Generated_Source\PSoC4/cyfitter_cfg.c ****     
  50:.\Generated_Source\PSoC4/cyfitter_cfg.c ****     #define CY_CFG_MEMORY_BARRIER() __DMB()
  51:.\Generated_Source\PSoC4/cyfitter_cfg.c ****     
  52:.\Generated_Source\PSoC4/cyfitter_cfg.c **** #else
  53:.\Generated_Source\PSoC4/cyfitter_cfg.c ****     #error Unsupported toolchain
  54:.\Generated_Source\PSoC4/cyfitter_cfg.c **** #endif
  55:.\Generated_Source\PSoC4/cyfitter_cfg.c **** 
  56:.\Generated_Source\PSoC4/cyfitter_cfg.c **** 
  57:.\Generated_Source\PSoC4/cyfitter_cfg.c **** CY_CFG_UNUSED
  58:.\Generated_Source\PSoC4/cyfitter_cfg.c **** static void CYMEMZERO(void *s, size_t n);
  59:.\Generated_Source\PSoC4/cyfitter_cfg.c **** CY_CFG_UNUSED
  60:.\Generated_Source\PSoC4/cyfitter_cfg.c **** static void CYMEMZERO(void *s, size_t n)
  61:.\Generated_Source\PSoC4/cyfitter_cfg.c **** {
  62:.\Generated_Source\PSoC4/cyfitter_cfg.c **** 	(void)memset(s, 0, n);
  63:.\Generated_Source\PSoC4/cyfitter_cfg.c **** }
  64:.\Generated_Source\PSoC4/cyfitter_cfg.c **** CY_CFG_UNUSED
  65:.\Generated_Source\PSoC4/cyfitter_cfg.c **** static void CYCONFIGCPY(void *dest, const void *src, size_t n);
  66:.\Generated_Source\PSoC4/cyfitter_cfg.c **** CY_CFG_UNUSED
  67:.\Generated_Source\PSoC4/cyfitter_cfg.c **** static void CYCONFIGCPY(void *dest, const void *src, size_t n)
  68:.\Generated_Source\PSoC4/cyfitter_cfg.c **** {
  69:.\Generated_Source\PSoC4/cyfitter_cfg.c **** 	(void)memcpy(dest, src, n);
  70:.\Generated_Source\PSoC4/cyfitter_cfg.c **** }
  71:.\Generated_Source\PSoC4/cyfitter_cfg.c **** CY_CFG_UNUSED
  72:.\Generated_Source\PSoC4/cyfitter_cfg.c **** static void CYCONFIGCPYCODE(void *dest, const void *src, size_t n);
  73:.\Generated_Source\PSoC4/cyfitter_cfg.c **** CY_CFG_UNUSED
  74:.\Generated_Source\PSoC4/cyfitter_cfg.c **** static void CYCONFIGCPYCODE(void *dest, const void *src, size_t n)
  75:.\Generated_Source\PSoC4/cyfitter_cfg.c **** {
  76:.\Generated_Source\PSoC4/cyfitter_cfg.c **** 	(void)memcpy(dest, src, n);
  77:.\Generated_Source\PSoC4/cyfitter_cfg.c **** }
  78:.\Generated_Source\PSoC4/cyfitter_cfg.c **** 
  79:.\Generated_Source\PSoC4/cyfitter_cfg.c **** 
  80:.\Generated_Source\PSoC4/cyfitter_cfg.c **** 
  81:.\Generated_Source\PSoC4/cyfitter_cfg.c **** /* Clock startup error codes                                                   */
  82:.\Generated_Source\PSoC4/cyfitter_cfg.c **** #define CYCLOCKSTART_NO_ERROR    0u
  83:.\Generated_Source\PSoC4/cyfitter_cfg.c **** #define CYCLOCKSTART_XTAL_ERROR  1u
  84:.\Generated_Source\PSoC4/cyfitter_cfg.c **** #define CYCLOCKSTART_32KHZ_ERROR 2u
  85:.\Generated_Source\PSoC4/cyfitter_cfg.c **** #define CYCLOCKSTART_PLL_ERROR   3u
  86:.\Generated_Source\PSoC4/cyfitter_cfg.c **** 
  87:.\Generated_Source\PSoC4/cyfitter_cfg.c **** #ifdef CY_NEED_CYCLOCKSTARTUPERROR
  88:.\Generated_Source\PSoC4/cyfitter_cfg.c **** /*******************************************************************************
  89:.\Generated_Source\PSoC4/cyfitter_cfg.c **** * Function Name: CyClockStartupError
  90:.\Generated_Source\PSoC4/cyfitter_cfg.c **** ********************************************************************************
ARM GAS  C:\Users\Alan\AppData\Local\Temp\ccva51eD.s 			page 3


  91:.\Generated_Source\PSoC4/cyfitter_cfg.c **** * Summary:
  92:.\Generated_Source\PSoC4/cyfitter_cfg.c **** *  If an error is encountered during clock configuration (crystal startup error,
  93:.\Generated_Source\PSoC4/cyfitter_cfg.c **** *  PLL lock error, etc.), the system will end up here.  Unless reimplemented by
  94:.\Generated_Source\PSoC4/cyfitter_cfg.c **** *  the customer, this function will stop in an infinite loop.
  95:.\Generated_Source\PSoC4/cyfitter_cfg.c **** *
  96:.\Generated_Source\PSoC4/cyfitter_cfg.c **** * Parameters:
  97:.\Generated_Source\PSoC4/cyfitter_cfg.c **** *   void
  98:.\Generated_Source\PSoC4/cyfitter_cfg.c **** *
  99:.\Generated_Source\PSoC4/cyfitter_cfg.c **** * Return:
 100:.\Generated_Source\PSoC4/cyfitter_cfg.c **** *   void
 101:.\Generated_Source\PSoC4/cyfitter_cfg.c **** *
 102:.\Generated_Source\PSoC4/cyfitter_cfg.c **** *******************************************************************************/
 103:.\Generated_Source\PSoC4/cyfitter_cfg.c **** CY_CFG_UNUSED
 104:.\Generated_Source\PSoC4/cyfitter_cfg.c **** static void CyClockStartupError(uint8 errorCode);
 105:.\Generated_Source\PSoC4/cyfitter_cfg.c **** CY_CFG_UNUSED
 106:.\Generated_Source\PSoC4/cyfitter_cfg.c **** static void CyClockStartupError(uint8 errorCode)
 107:.\Generated_Source\PSoC4/cyfitter_cfg.c **** {
 108:.\Generated_Source\PSoC4/cyfitter_cfg.c ****     /* To remove the compiler warning if errorCode not used.                */
 109:.\Generated_Source\PSoC4/cyfitter_cfg.c ****     errorCode = errorCode;
 110:.\Generated_Source\PSoC4/cyfitter_cfg.c **** 
 111:.\Generated_Source\PSoC4/cyfitter_cfg.c ****     /* `#START CyClockStartupError` */
 112:.\Generated_Source\PSoC4/cyfitter_cfg.c **** 
 113:.\Generated_Source\PSoC4/cyfitter_cfg.c ****     /* If we have a clock startup error (bad MHz crystal, PLL lock, etc.),  */
 114:.\Generated_Source\PSoC4/cyfitter_cfg.c ****     /* we will end up here to allow the customer to implement something to  */
 115:.\Generated_Source\PSoC4/cyfitter_cfg.c ****     /* deal with the clock condition.                                       */
 116:.\Generated_Source\PSoC4/cyfitter_cfg.c **** 
 117:.\Generated_Source\PSoC4/cyfitter_cfg.c ****     /* `#END` */
 118:.\Generated_Source\PSoC4/cyfitter_cfg.c **** 
 119:.\Generated_Source\PSoC4/cyfitter_cfg.c ****     /* If nothing else, stop here since the clocks have not started         */
 120:.\Generated_Source\PSoC4/cyfitter_cfg.c ****     /* correctly.                                                           */
 121:.\Generated_Source\PSoC4/cyfitter_cfg.c ****     while(1) {}
 122:.\Generated_Source\PSoC4/cyfitter_cfg.c **** }
 123:.\Generated_Source\PSoC4/cyfitter_cfg.c **** #endif
 124:.\Generated_Source\PSoC4/cyfitter_cfg.c **** 
 125:.\Generated_Source\PSoC4/cyfitter_cfg.c **** 
 126:.\Generated_Source\PSoC4/cyfitter_cfg.c **** 
 127:.\Generated_Source\PSoC4/cyfitter_cfg.c **** /*******************************************************************************
 128:.\Generated_Source\PSoC4/cyfitter_cfg.c **** * Function Name: ClockSetup
 129:.\Generated_Source\PSoC4/cyfitter_cfg.c **** ********************************************************************************
 130:.\Generated_Source\PSoC4/cyfitter_cfg.c **** *
 131:.\Generated_Source\PSoC4/cyfitter_cfg.c **** * Summary:
 132:.\Generated_Source\PSoC4/cyfitter_cfg.c **** *   Performs the initialization of all of the clocks in the device based on the
 133:.\Generated_Source\PSoC4/cyfitter_cfg.c **** *   settings in the Clock tab of the DWR.  This includes enabling the requested
 134:.\Generated_Source\PSoC4/cyfitter_cfg.c **** *   clocks and setting the necessary dividers to produce the desired frequency. 
 135:.\Generated_Source\PSoC4/cyfitter_cfg.c **** *
 136:.\Generated_Source\PSoC4/cyfitter_cfg.c **** * Parameters:
 137:.\Generated_Source\PSoC4/cyfitter_cfg.c **** *   void
 138:.\Generated_Source\PSoC4/cyfitter_cfg.c **** *
 139:.\Generated_Source\PSoC4/cyfitter_cfg.c **** * Return:
 140:.\Generated_Source\PSoC4/cyfitter_cfg.c **** *   void
 141:.\Generated_Source\PSoC4/cyfitter_cfg.c **** *
 142:.\Generated_Source\PSoC4/cyfitter_cfg.c **** *******************************************************************************/
 143:.\Generated_Source\PSoC4/cyfitter_cfg.c **** static void ClockSetup(void);
 144:.\Generated_Source\PSoC4/cyfitter_cfg.c **** CY_CFG_SECTION
 145:.\Generated_Source\PSoC4/cyfitter_cfg.c **** static void ClockSetup(void)
 146:.\Generated_Source\PSoC4/cyfitter_cfg.c **** {
  25              		.loc 1 146 0
ARM GAS  C:\Users\Alan\AppData\Local\Temp\ccva51eD.s 			page 4


  26              		.cfi_startproc
  27 0000 10B5     		push	{r4, lr}
  28              		.cfi_def_cfa_offset 8
  29              		.cfi_offset 4, -8
  30              		.cfi_offset 14, -4
 147:.\Generated_Source\PSoC4/cyfitter_cfg.c **** 
 148:.\Generated_Source\PSoC4/cyfitter_cfg.c **** 	/* Set Flash Cycles based on max possible frequency in case a glitch occurs during ClockSetup(). *
 149:.\Generated_Source\PSoC4/cyfitter_cfg.c **** 	CY_SET_REG32((void CYXDATA *)(CYREG_CPUSS_FLASH_CTL), (0x0012u));
  31              		.loc 1 149 0
  32 0002 0A4C     		ldr	r4, .L2
  33 0004 1223     		mov	r3, #18
  34 0006 2360     		str	r3, [r4]
 150:.\Generated_Source\PSoC4/cyfitter_cfg.c **** 	/* Update IMO to new clock speed. */
 151:.\Generated_Source\PSoC4/cyfitter_cfg.c **** 	CySysClkWriteImoFreq(24u);
  35              		.loc 1 151 0
  36 0008 1820     		mov	r0, #24
  37 000a FFF7FEFF 		bl	CySysClkWriteImoFreq
  38              	.LVL0:
 152:.\Generated_Source\PSoC4/cyfitter_cfg.c **** 
 153:.\Generated_Source\PSoC4/cyfitter_cfg.c **** 	/* Setup phase aligned clocks */
 154:.\Generated_Source\PSoC4/cyfitter_cfg.c **** 	CY_SET_REG32((void *)CYREG_PERI_DIV_16_CTL0, 0x00095F00u);
  39              		.loc 1 154 0
  40 000e 084A     		ldr	r2, .L2+4
  41 0010 084B     		ldr	r3, .L2+8
  42 0012 1A60     		str	r2, [r3]
 155:.\Generated_Source\PSoC4/cyfitter_cfg.c **** 	CY_SET_REG32((void *)CYREG_PERI_DIV_CMD, 0x8000FF40u);
  43              		.loc 1 155 0
  44 0014 084A     		ldr	r2, .L2+12
  45 0016 094B     		ldr	r3, .L2+16
  46 0018 1A60     		str	r2, [r3]
 156:.\Generated_Source\PSoC4/cyfitter_cfg.c **** 
 157:.\Generated_Source\PSoC4/cyfitter_cfg.c **** 	/* CYDEV_CLK_SELECT Starting address: CYDEV_CLK_SELECT */
 158:.\Generated_Source\PSoC4/cyfitter_cfg.c **** 	CY_SET_XTND_REG32((void CYFAR *)(CYREG_CLK_SELECT), 0x00000000u);
  47              		.loc 1 158 0
  48 001a 0022     		mov	r2, #0
  49 001c 084B     		ldr	r3, .L2+20
  50 001e 1A60     		str	r2, [r3]
 159:.\Generated_Source\PSoC4/cyfitter_cfg.c **** 
 160:.\Generated_Source\PSoC4/cyfitter_cfg.c **** 	/* CYDEV_PERI_PCLK_CTL3 Starting address: CYDEV_PERI_PCLK_CTL3 */
 161:.\Generated_Source\PSoC4/cyfitter_cfg.c **** 	CY_SET_XTND_REG32((void CYFAR *)(CYREG_PERI_PCLK_CTL3), 0x00000040u);
  51              		.loc 1 161 0
  52 0020 4032     		add	r2, r2, #64
  53 0022 084B     		ldr	r3, .L2+24
  54 0024 1A60     		str	r2, [r3]
 162:.\Generated_Source\PSoC4/cyfitter_cfg.c **** 
 163:.\Generated_Source\PSoC4/cyfitter_cfg.c **** 	/* Set Flash Cycles based on newly configured 24.00MHz HFCLK. */
 164:.\Generated_Source\PSoC4/cyfitter_cfg.c **** 	CY_SET_REG32((void CYXDATA *)(CYREG_CPUSS_FLASH_CTL), (0x0011u));
  55              		.loc 1 164 0
  56 0026 1123     		mov	r3, #17
  57 0028 2360     		str	r3, [r4]
 165:.\Generated_Source\PSoC4/cyfitter_cfg.c **** }
  58              		.loc 1 165 0
  59              		@ sp needed
  60 002a 10BD     		pop	{r4, pc}
  61              	.L3:
  62              		.align	2
  63              	.L2:
ARM GAS  C:\Users\Alan\AppData\Local\Temp\ccva51eD.s 			page 5


  64 002c 30001040 		.word	1074790448
  65 0030 005F0900 		.word	614144
  66 0034 00030140 		.word	1073808128
  67 0038 40FF0080 		.word	-2147418304
  68 003c 00000140 		.word	1073807360
  69 0040 28000340 		.word	1073938472
  70 0044 0C010140 		.word	1073807628
  71              		.cfi_endproc
  72              	.LFE4:
  73              		.size	ClockSetup, .-ClockSetup
  74              		.align	2
  75              		.global	cyfitter_cfg
  76              		.code	16
  77              		.thumb_func
  78              		.type	cyfitter_cfg, %function
  79              	cyfitter_cfg:
  80              	.LFB6:
 166:.\Generated_Source\PSoC4/cyfitter_cfg.c **** 
 167:.\Generated_Source\PSoC4/cyfitter_cfg.c **** 
 168:.\Generated_Source\PSoC4/cyfitter_cfg.c **** /* Analog API Functions */
 169:.\Generated_Source\PSoC4/cyfitter_cfg.c **** 
 170:.\Generated_Source\PSoC4/cyfitter_cfg.c **** 
 171:.\Generated_Source\PSoC4/cyfitter_cfg.c **** /*******************************************************************************
 172:.\Generated_Source\PSoC4/cyfitter_cfg.c **** * Function Name: AnalogSetDefault
 173:.\Generated_Source\PSoC4/cyfitter_cfg.c **** ********************************************************************************
 174:.\Generated_Source\PSoC4/cyfitter_cfg.c **** *
 175:.\Generated_Source\PSoC4/cyfitter_cfg.c **** * Summary:
 176:.\Generated_Source\PSoC4/cyfitter_cfg.c **** *  Sets up the analog portions of the chip to default values based on chip
 177:.\Generated_Source\PSoC4/cyfitter_cfg.c **** *  configuration options from the project.
 178:.\Generated_Source\PSoC4/cyfitter_cfg.c **** *
 179:.\Generated_Source\PSoC4/cyfitter_cfg.c **** * Parameters:
 180:.\Generated_Source\PSoC4/cyfitter_cfg.c **** *  void
 181:.\Generated_Source\PSoC4/cyfitter_cfg.c **** *
 182:.\Generated_Source\PSoC4/cyfitter_cfg.c **** * Return:
 183:.\Generated_Source\PSoC4/cyfitter_cfg.c **** *  void
 184:.\Generated_Source\PSoC4/cyfitter_cfg.c **** *
 185:.\Generated_Source\PSoC4/cyfitter_cfg.c **** *******************************************************************************/
 186:.\Generated_Source\PSoC4/cyfitter_cfg.c **** static void AnalogSetDefault(void);
 187:.\Generated_Source\PSoC4/cyfitter_cfg.c **** static void AnalogSetDefault(void)
 188:.\Generated_Source\PSoC4/cyfitter_cfg.c **** {
 189:.\Generated_Source\PSoC4/cyfitter_cfg.c **** }
 190:.\Generated_Source\PSoC4/cyfitter_cfg.c **** 
 191:.\Generated_Source\PSoC4/cyfitter_cfg.c **** #define CY_AMUX_UNUSED CYREG_CM0P_ROM_DWT
 192:.\Generated_Source\PSoC4/cyfitter_cfg.c **** 
 193:.\Generated_Source\PSoC4/cyfitter_cfg.c **** 
 194:.\Generated_Source\PSoC4/cyfitter_cfg.c **** /*******************************************************************************
 195:.\Generated_Source\PSoC4/cyfitter_cfg.c **** * Function Name: cyfitter_cfg
 196:.\Generated_Source\PSoC4/cyfitter_cfg.c **** ********************************************************************************
 197:.\Generated_Source\PSoC4/cyfitter_cfg.c **** * Summary:
 198:.\Generated_Source\PSoC4/cyfitter_cfg.c **** *  This function is called by the start-up code for the selected device. It
 199:.\Generated_Source\PSoC4/cyfitter_cfg.c **** *  performs all of the necessary device configuration based on the design
 200:.\Generated_Source\PSoC4/cyfitter_cfg.c **** *  settings.  This includes settings from the Design Wide Resources (DWR) such
 201:.\Generated_Source\PSoC4/cyfitter_cfg.c **** *  as Clocks and Pins as well as any component configuration that is necessary.
 202:.\Generated_Source\PSoC4/cyfitter_cfg.c **** *
 203:.\Generated_Source\PSoC4/cyfitter_cfg.c **** * Parameters:  
 204:.\Generated_Source\PSoC4/cyfitter_cfg.c **** *   void
 205:.\Generated_Source\PSoC4/cyfitter_cfg.c **** *
ARM GAS  C:\Users\Alan\AppData\Local\Temp\ccva51eD.s 			page 6


 206:.\Generated_Source\PSoC4/cyfitter_cfg.c **** * Return:
 207:.\Generated_Source\PSoC4/cyfitter_cfg.c **** *   void
 208:.\Generated_Source\PSoC4/cyfitter_cfg.c **** *
 209:.\Generated_Source\PSoC4/cyfitter_cfg.c **** *******************************************************************************/
 210:.\Generated_Source\PSoC4/cyfitter_cfg.c **** CY_CFG_SECTION
 211:.\Generated_Source\PSoC4/cyfitter_cfg.c **** void cyfitter_cfg(void)
 212:.\Generated_Source\PSoC4/cyfitter_cfg.c **** {
  81              		.loc 1 212 0
  82              		.cfi_startproc
  83 0048 08B5     		push	{r3, lr}
  84              		.cfi_def_cfa_offset 8
  85              		.cfi_offset 3, -8
  86              		.cfi_offset 14, -4
 213:.\Generated_Source\PSoC4/cyfitter_cfg.c **** 	/* Disable interrupts by default. Let user enable if/when they want. */
 214:.\Generated_Source\PSoC4/cyfitter_cfg.c **** 	CyGlobalIntDisable;
  87              		.loc 1 214 0
  88              	@ 214 ".\Generated_Source\PSoC4\cyfitter_cfg.c" 1
  89 004a 72B6     		CPSID   i
  90              	@ 0 "" 2
 215:.\Generated_Source\PSoC4/cyfitter_cfg.c **** 
 216:.\Generated_Source\PSoC4/cyfitter_cfg.c **** 	{
 217:.\Generated_Source\PSoC4/cyfitter_cfg.c **** 		/* HSIOM Starting address: CYDEV_HSIOM_BASE */
 218:.\Generated_Source\PSoC4/cyfitter_cfg.c **** 		CY_SET_XTND_REG32((void CYFAR *)(CYREG_HSIOM_PORT_SEL2), 0x00380000u);
  91              		.loc 1 218 0
  92              		.code	16
  93 004c E022     		mov	r2, #224
  94 004e 9203     		lsl	r2, r2, #14
  95 0050 094B     		ldr	r3, .L5
  96 0052 1A60     		str	r2, [r3]
 219:.\Generated_Source\PSoC4/cyfitter_cfg.c **** 		CY_SET_XTND_REG32((void CYFAR *)(CYREG_HSIOM_PORT_SEL3), 0x0000EE00u);
  97              		.loc 1 219 0
  98 0054 EE22     		mov	r2, #238
  99 0056 1202     		lsl	r2, r2, #8
 100 0058 084B     		ldr	r3, .L5+4
 101 005a 1A60     		str	r2, [r3]
 220:.\Generated_Source\PSoC4/cyfitter_cfg.c **** 
 221:.\Generated_Source\PSoC4/cyfitter_cfg.c **** 	}
 222:.\Generated_Source\PSoC4/cyfitter_cfg.c **** 
 223:.\Generated_Source\PSoC4/cyfitter_cfg.c **** 	/* Perform second pass device configuration. These items must be configured in specific order afte
 224:.\Generated_Source\PSoC4/cyfitter_cfg.c **** 	/* IOPINS0_2 Starting address: CYDEV_GPIO_PRT2_BASE */
 225:.\Generated_Source\PSoC4/cyfitter_cfg.c **** 	CY_SET_XTND_REG32((void CYFAR *)(CYDEV_GPIO_PRT2_BASE), 0x00000030u);
 102              		.loc 1 225 0
 103 005c 3022     		mov	r2, #48
 104 005e 084B     		ldr	r3, .L5+8
 105 0060 1A60     		str	r2, [r3]
 226:.\Generated_Source\PSoC4/cyfitter_cfg.c **** 	CY_SET_XTND_REG32((void CYFAR *)(CYREG_GPIO_PRT2_PC), 0x00030000u);
 106              		.loc 1 226 0
 107 0062 C022     		mov	r2, #192
 108 0064 9202     		lsl	r2, r2, #10
 109 0066 074B     		ldr	r3, .L5+12
 110 0068 1A60     		str	r2, [r3]
 227:.\Generated_Source\PSoC4/cyfitter_cfg.c **** 
 228:.\Generated_Source\PSoC4/cyfitter_cfg.c **** 	/* IOPINS0_3 Starting address: CYDEV_GPIO_PRT3_BASE */
 229:.\Generated_Source\PSoC4/cyfitter_cfg.c **** 	CY_SET_XTND_REG32((void CYFAR *)(CYREG_GPIO_PRT3_PC), 0x00000D80u);
 111              		.loc 1 229 0
 112 006a D822     		mov	r2, #216
 113 006c 1201     		lsl	r2, r2, #4
ARM GAS  C:\Users\Alan\AppData\Local\Temp\ccva51eD.s 			page 7


 114 006e 064B     		ldr	r3, .L5+16
 115 0070 1A60     		str	r2, [r3]
 230:.\Generated_Source\PSoC4/cyfitter_cfg.c **** 
 231:.\Generated_Source\PSoC4/cyfitter_cfg.c **** 
 232:.\Generated_Source\PSoC4/cyfitter_cfg.c **** 	/* Setup clocks based on selections from Clock DWR */
 233:.\Generated_Source\PSoC4/cyfitter_cfg.c **** 	ClockSetup();
 116              		.loc 1 233 0
 117 0072 FFF7C5FF 		bl	ClockSetup
 118              	.LVL1:
 234:.\Generated_Source\PSoC4/cyfitter_cfg.c **** 
 235:.\Generated_Source\PSoC4/cyfitter_cfg.c **** 	/* Perform basic analog initialization to defaults */
 236:.\Generated_Source\PSoC4/cyfitter_cfg.c **** 	AnalogSetDefault();
 237:.\Generated_Source\PSoC4/cyfitter_cfg.c **** 
 238:.\Generated_Source\PSoC4/cyfitter_cfg.c **** }
 119              		.loc 1 238 0
 120              		@ sp needed
 121 0076 08BD     		pop	{r3, pc}
 122              	.L6:
 123              		.align	2
 124              	.L5:
 125 0078 00020240 		.word	1073873408
 126 007c 00030240 		.word	1073873664
 127 0080 00020440 		.word	1074004480
 128 0084 08020440 		.word	1074004488
 129 0088 08030440 		.word	1074004744
 130              		.cfi_endproc
 131              	.LFE6:
 132              		.size	cyfitter_cfg, .-cyfitter_cfg
 133              		.text
 134              	.Letext0:
 135              		.file 2 ".\\Generated_Source\\PSoC4\\cytypes.h"
 136              		.file 3 ".\\Generated_Source\\PSoC4\\CyLib.h"
 137              		.section	.debug_info,"",%progbits
 138              	.Ldebug_info0:
 139 0000 F2000000 		.4byte	0xf2
 140 0004 0400     		.2byte	0x4
 141 0006 00000000 		.4byte	.Ldebug_abbrev0
 142 000a 04       		.byte	0x4
 143 000b 01       		.uleb128 0x1
 144 000c 38010000 		.4byte	.LASF15
 145 0010 01       		.byte	0x1
 146 0011 CB000000 		.4byte	.LASF16
 147 0015 22000000 		.4byte	.LASF17
 148 0019 00000000 		.4byte	.Ldebug_ranges0+0
 149 001d 00000000 		.4byte	0
 150 0021 00000000 		.4byte	.Ldebug_line0
 151 0025 02       		.uleb128 0x2
 152 0026 04       		.byte	0x4
 153 0027 05       		.byte	0x5
 154 0028 696E7400 		.ascii	"int\000"
 155 002c 03       		.uleb128 0x3
 156 002d 04       		.byte	0x4
 157 002e 07       		.byte	0x7
 158 002f 15000000 		.4byte	.LASF0
 159 0033 03       		.uleb128 0x3
 160 0034 01       		.byte	0x1
 161 0035 06       		.byte	0x6
ARM GAS  C:\Users\Alan\AppData\Local\Temp\ccva51eD.s 			page 8


 162 0036 2C010000 		.4byte	.LASF1
 163 003a 03       		.uleb128 0x3
 164 003b 01       		.byte	0x1
 165 003c 08       		.byte	0x8
 166 003d BD000000 		.4byte	.LASF2
 167 0041 03       		.uleb128 0x3
 168 0042 02       		.byte	0x2
 169 0043 05       		.byte	0x5
 170 0044 D0010000 		.4byte	.LASF3
 171 0048 03       		.uleb128 0x3
 172 0049 02       		.byte	0x2
 173 004a 07       		.byte	0x7
 174 004b 19010000 		.4byte	.LASF4
 175 004f 03       		.uleb128 0x3
 176 0050 04       		.byte	0x4
 177 0051 05       		.byte	0x5
 178 0052 F8000000 		.4byte	.LASF5
 179 0056 03       		.uleb128 0x3
 180 0057 04       		.byte	0x4
 181 0058 07       		.byte	0x7
 182 0059 87000000 		.4byte	.LASF6
 183 005d 03       		.uleb128 0x3
 184 005e 08       		.byte	0x8
 185 005f 05       		.byte	0x5
 186 0060 00000000 		.4byte	.LASF7
 187 0064 03       		.uleb128 0x3
 188 0065 08       		.byte	0x8
 189 0066 07       		.byte	0x7
 190 0067 A6000000 		.4byte	.LASF8
 191 006b 03       		.uleb128 0x3
 192 006c 04       		.byte	0x4
 193 006d 07       		.byte	0x7
 194 006e DA010000 		.4byte	.LASF9
 195 0072 03       		.uleb128 0x3
 196 0073 01       		.byte	0x1
 197 0074 08       		.byte	0x8
 198 0075 F3000000 		.4byte	.LASF10
 199 0079 04       		.uleb128 0x4
 200 007a 0E000000 		.4byte	.LASF13
 201 007e 02       		.byte	0x2
 202 007f 9A01     		.2byte	0x19a
 203 0081 56000000 		.4byte	0x56
 204 0085 03       		.uleb128 0x3
 205 0086 04       		.byte	0x4
 206 0087 04       		.byte	0x4
 207 0088 CA010000 		.4byte	.LASF11
 208 008c 03       		.uleb128 0x3
 209 008d 08       		.byte	0x8
 210 008e 04       		.byte	0x4
 211 008f 0C010000 		.4byte	.LASF12
 212 0093 04       		.uleb128 0x4
 213 0094 13010000 		.4byte	.LASF14
 214 0098 02       		.byte	0x2
 215 0099 4402     		.2byte	0x244
 216 009b 9F000000 		.4byte	0x9f
 217 009f 05       		.uleb128 0x5
 218 00a0 79000000 		.4byte	0x79
ARM GAS  C:\Users\Alan\AppData\Local\Temp\ccva51eD.s 			page 9


 219 00a4 06       		.uleb128 0x6
 220 00a5 01010000 		.4byte	.LASF18
 221 00a9 01       		.byte	0x1
 222 00aa 91       		.byte	0x91
 223 00ab 00000000 		.4byte	.LFB4
 224 00af 48000000 		.4byte	.LFE4-.LFB4
 225 00b3 01       		.uleb128 0x1
 226 00b4 9C       		.byte	0x9c
 227 00b5 C9000000 		.4byte	0xc9
 228 00b9 07       		.uleb128 0x7
 229 00ba 0E000000 		.4byte	.LVL0
 230 00be E8000000 		.4byte	0xe8
 231 00c2 08       		.uleb128 0x8
 232 00c3 01       		.uleb128 0x1
 233 00c4 50       		.byte	0x50
 234 00c5 01       		.uleb128 0x1
 235 00c6 48       		.byte	0x48
 236 00c7 00       		.byte	0
 237 00c8 00       		.byte	0
 238 00c9 09       		.uleb128 0x9
 239 00ca 99000000 		.4byte	.LASF19
 240 00ce 01       		.byte	0x1
 241 00cf D3       		.byte	0xd3
 242 00d0 48000000 		.4byte	.LFB6
 243 00d4 44000000 		.4byte	.LFE6-.LFB6
 244 00d8 01       		.uleb128 0x1
 245 00d9 9C       		.byte	0x9c
 246 00da E8000000 		.4byte	0xe8
 247 00de 0A       		.uleb128 0xa
 248 00df 76000000 		.4byte	.LVL1
 249 00e3 A4000000 		.4byte	0xa4
 250 00e7 00       		.byte	0
 251 00e8 0B       		.uleb128 0xb
 252 00e9 72000000 		.4byte	.LASF20
 253 00ed 03       		.byte	0x3
 254 00ee 6C       		.byte	0x6c
 255 00ef 0C       		.uleb128 0xc
 256 00f0 79000000 		.4byte	0x79
 257 00f4 00       		.byte	0
 258 00f5 00       		.byte	0
 259              		.section	.debug_abbrev,"",%progbits
 260              	.Ldebug_abbrev0:
 261 0000 01       		.uleb128 0x1
 262 0001 11       		.uleb128 0x11
 263 0002 01       		.byte	0x1
 264 0003 25       		.uleb128 0x25
 265 0004 0E       		.uleb128 0xe
 266 0005 13       		.uleb128 0x13
 267 0006 0B       		.uleb128 0xb
 268 0007 03       		.uleb128 0x3
 269 0008 0E       		.uleb128 0xe
 270 0009 1B       		.uleb128 0x1b
 271 000a 0E       		.uleb128 0xe
 272 000b 55       		.uleb128 0x55
 273 000c 17       		.uleb128 0x17
 274 000d 11       		.uleb128 0x11
 275 000e 01       		.uleb128 0x1
ARM GAS  C:\Users\Alan\AppData\Local\Temp\ccva51eD.s 			page 10


 276 000f 10       		.uleb128 0x10
 277 0010 17       		.uleb128 0x17
 278 0011 00       		.byte	0
 279 0012 00       		.byte	0
 280 0013 02       		.uleb128 0x2
 281 0014 24       		.uleb128 0x24
 282 0015 00       		.byte	0
 283 0016 0B       		.uleb128 0xb
 284 0017 0B       		.uleb128 0xb
 285 0018 3E       		.uleb128 0x3e
 286 0019 0B       		.uleb128 0xb
 287 001a 03       		.uleb128 0x3
 288 001b 08       		.uleb128 0x8
 289 001c 00       		.byte	0
 290 001d 00       		.byte	0
 291 001e 03       		.uleb128 0x3
 292 001f 24       		.uleb128 0x24
 293 0020 00       		.byte	0
 294 0021 0B       		.uleb128 0xb
 295 0022 0B       		.uleb128 0xb
 296 0023 3E       		.uleb128 0x3e
 297 0024 0B       		.uleb128 0xb
 298 0025 03       		.uleb128 0x3
 299 0026 0E       		.uleb128 0xe
 300 0027 00       		.byte	0
 301 0028 00       		.byte	0
 302 0029 04       		.uleb128 0x4
 303 002a 16       		.uleb128 0x16
 304 002b 00       		.byte	0
 305 002c 03       		.uleb128 0x3
 306 002d 0E       		.uleb128 0xe
 307 002e 3A       		.uleb128 0x3a
 308 002f 0B       		.uleb128 0xb
 309 0030 3B       		.uleb128 0x3b
 310 0031 05       		.uleb128 0x5
 311 0032 49       		.uleb128 0x49
 312 0033 13       		.uleb128 0x13
 313 0034 00       		.byte	0
 314 0035 00       		.byte	0
 315 0036 05       		.uleb128 0x5
 316 0037 35       		.uleb128 0x35
 317 0038 00       		.byte	0
 318 0039 49       		.uleb128 0x49
 319 003a 13       		.uleb128 0x13
 320 003b 00       		.byte	0
 321 003c 00       		.byte	0
 322 003d 06       		.uleb128 0x6
 323 003e 2E       		.uleb128 0x2e
 324 003f 01       		.byte	0x1
 325 0040 03       		.uleb128 0x3
 326 0041 0E       		.uleb128 0xe
 327 0042 3A       		.uleb128 0x3a
 328 0043 0B       		.uleb128 0xb
 329 0044 3B       		.uleb128 0x3b
 330 0045 0B       		.uleb128 0xb
 331 0046 27       		.uleb128 0x27
 332 0047 19       		.uleb128 0x19
ARM GAS  C:\Users\Alan\AppData\Local\Temp\ccva51eD.s 			page 11


 333 0048 11       		.uleb128 0x11
 334 0049 01       		.uleb128 0x1
 335 004a 12       		.uleb128 0x12
 336 004b 06       		.uleb128 0x6
 337 004c 40       		.uleb128 0x40
 338 004d 18       		.uleb128 0x18
 339 004e 9742     		.uleb128 0x2117
 340 0050 19       		.uleb128 0x19
 341 0051 01       		.uleb128 0x1
 342 0052 13       		.uleb128 0x13
 343 0053 00       		.byte	0
 344 0054 00       		.byte	0
 345 0055 07       		.uleb128 0x7
 346 0056 898201   		.uleb128 0x4109
 347 0059 01       		.byte	0x1
 348 005a 11       		.uleb128 0x11
 349 005b 01       		.uleb128 0x1
 350 005c 31       		.uleb128 0x31
 351 005d 13       		.uleb128 0x13
 352 005e 00       		.byte	0
 353 005f 00       		.byte	0
 354 0060 08       		.uleb128 0x8
 355 0061 8A8201   		.uleb128 0x410a
 356 0064 00       		.byte	0
 357 0065 02       		.uleb128 0x2
 358 0066 18       		.uleb128 0x18
 359 0067 9142     		.uleb128 0x2111
 360 0069 18       		.uleb128 0x18
 361 006a 00       		.byte	0
 362 006b 00       		.byte	0
 363 006c 09       		.uleb128 0x9
 364 006d 2E       		.uleb128 0x2e
 365 006e 01       		.byte	0x1
 366 006f 3F       		.uleb128 0x3f
 367 0070 19       		.uleb128 0x19
 368 0071 03       		.uleb128 0x3
 369 0072 0E       		.uleb128 0xe
 370 0073 3A       		.uleb128 0x3a
 371 0074 0B       		.uleb128 0xb
 372 0075 3B       		.uleb128 0x3b
 373 0076 0B       		.uleb128 0xb
 374 0077 27       		.uleb128 0x27
 375 0078 19       		.uleb128 0x19
 376 0079 11       		.uleb128 0x11
 377 007a 01       		.uleb128 0x1
 378 007b 12       		.uleb128 0x12
 379 007c 06       		.uleb128 0x6
 380 007d 40       		.uleb128 0x40
 381 007e 18       		.uleb128 0x18
 382 007f 9742     		.uleb128 0x2117
 383 0081 19       		.uleb128 0x19
 384 0082 01       		.uleb128 0x1
 385 0083 13       		.uleb128 0x13
 386 0084 00       		.byte	0
 387 0085 00       		.byte	0
 388 0086 0A       		.uleb128 0xa
 389 0087 898201   		.uleb128 0x4109
ARM GAS  C:\Users\Alan\AppData\Local\Temp\ccva51eD.s 			page 12


 390 008a 00       		.byte	0
 391 008b 11       		.uleb128 0x11
 392 008c 01       		.uleb128 0x1
 393 008d 31       		.uleb128 0x31
 394 008e 13       		.uleb128 0x13
 395 008f 00       		.byte	0
 396 0090 00       		.byte	0
 397 0091 0B       		.uleb128 0xb
 398 0092 2E       		.uleb128 0x2e
 399 0093 01       		.byte	0x1
 400 0094 3F       		.uleb128 0x3f
 401 0095 19       		.uleb128 0x19
 402 0096 03       		.uleb128 0x3
 403 0097 0E       		.uleb128 0xe
 404 0098 3A       		.uleb128 0x3a
 405 0099 0B       		.uleb128 0xb
 406 009a 3B       		.uleb128 0x3b
 407 009b 0B       		.uleb128 0xb
 408 009c 27       		.uleb128 0x27
 409 009d 19       		.uleb128 0x19
 410 009e 3C       		.uleb128 0x3c
 411 009f 19       		.uleb128 0x19
 412 00a0 00       		.byte	0
 413 00a1 00       		.byte	0
 414 00a2 0C       		.uleb128 0xc
 415 00a3 05       		.uleb128 0x5
 416 00a4 00       		.byte	0
 417 00a5 49       		.uleb128 0x49
 418 00a6 13       		.uleb128 0x13
 419 00a7 00       		.byte	0
 420 00a8 00       		.byte	0
 421 00a9 00       		.byte	0
 422              		.section	.debug_aranges,"",%progbits
 423 0000 24000000 		.4byte	0x24
 424 0004 0200     		.2byte	0x2
 425 0006 00000000 		.4byte	.Ldebug_info0
 426 000a 04       		.byte	0x4
 427 000b 00       		.byte	0
 428 000c 0000     		.2byte	0
 429 000e 0000     		.2byte	0
 430 0010 00000000 		.4byte	.LFB4
 431 0014 48000000 		.4byte	.LFE4-.LFB4
 432 0018 48000000 		.4byte	.LFB6
 433 001c 44000000 		.4byte	.LFE6-.LFB6
 434 0020 00000000 		.4byte	0
 435 0024 00000000 		.4byte	0
 436              		.section	.debug_ranges,"",%progbits
 437              	.Ldebug_ranges0:
 438 0000 00000000 		.4byte	.LFB4
 439 0004 48000000 		.4byte	.LFE4
 440 0008 48000000 		.4byte	.LFB6
 441 000c 8C000000 		.4byte	.LFE6
 442 0010 00000000 		.4byte	0
 443 0014 00000000 		.4byte	0
 444              		.section	.debug_line,"",%progbits
 445              	.Ldebug_line0:
 446 0000 7F000000 		.section	.debug_str,"MS",%progbits,1
ARM GAS  C:\Users\Alan\AppData\Local\Temp\ccva51eD.s 			page 13


 446      02005600 
 446      00000201 
 446      FB0E0D00 
 446      01010101 
 447              	.LASF7:
 448 0000 6C6F6E67 		.ascii	"long long int\000"
 448      206C6F6E 
 448      6720696E 
 448      7400
 449              	.LASF13:
 450 000e 75696E74 		.ascii	"uint32\000"
 450      333200
 451              	.LASF0:
 452 0015 756E7369 		.ascii	"unsigned int\000"
 452      676E6564 
 452      20696E74 
 452      00
 453              	.LASF17:
 454 0022 5C5C766D 		.ascii	"\\\\vmware-host\\Shared Folders\\Documents\\PSoC Cr"
 454      77617265 
 454      2D686F73 
 454      745C5368 
 454      61726564 
 455 0050 6561746F 		.ascii	"eator\\SmartIO\\SimpleSmartIO.cydsn\000"
 455      725C536D 
 455      61727449 
 455      4F5C5369 
 455      6D706C65 
 456              	.LASF20:
 457 0072 43795379 		.ascii	"CySysClkWriteImoFreq\000"
 457      73436C6B 
 457      57726974 
 457      65496D6F 
 457      46726571 
 458              	.LASF6:
 459 0087 6C6F6E67 		.ascii	"long unsigned int\000"
 459      20756E73 
 459      69676E65 
 459      6420696E 
 459      7400
 460              	.LASF19:
 461 0099 63796669 		.ascii	"cyfitter_cfg\000"
 461      74746572 
 461      5F636667 
 461      00
 462              	.LASF8:
 463 00a6 6C6F6E67 		.ascii	"long long unsigned int\000"
 463      206C6F6E 
 463      6720756E 
 463      7369676E 
 463      65642069 
 464              	.LASF2:
 465 00bd 756E7369 		.ascii	"unsigned char\000"
 465      676E6564 
 465      20636861 
 465      7200
 466              	.LASF16:
ARM GAS  C:\Users\Alan\AppData\Local\Temp\ccva51eD.s 			page 14


 467 00cb 2E5C4765 		.ascii	".\\Generated_Source\\PSoC4\\cyfitter_cfg.c\000"
 467      6E657261 
 467      7465645F 
 467      536F7572 
 467      63655C50 
 468              	.LASF10:
 469 00f3 63686172 		.ascii	"char\000"
 469      00
 470              	.LASF5:
 471 00f8 6C6F6E67 		.ascii	"long int\000"
 471      20696E74 
 471      00
 472              	.LASF18:
 473 0101 436C6F63 		.ascii	"ClockSetup\000"
 473      6B536574 
 473      757000
 474              	.LASF12:
 475 010c 646F7562 		.ascii	"double\000"
 475      6C6500
 476              	.LASF14:
 477 0113 72656733 		.ascii	"reg32\000"
 477      3200
 478              	.LASF4:
 479 0119 73686F72 		.ascii	"short unsigned int\000"
 479      7420756E 
 479      7369676E 
 479      65642069 
 479      6E7400
 480              	.LASF1:
 481 012c 7369676E 		.ascii	"signed char\000"
 481      65642063 
 481      68617200 
 482              	.LASF15:
 483 0138 474E5520 		.ascii	"GNU C 4.9.3 20150303 (release) [ARM/embedded-4_9-br"
 483      4320342E 
 483      392E3320 
 483      32303135 
 483      30333033 
 484 016b 616E6368 		.ascii	"anch revision 221220] -mcpu=cortex-m0plus -mthumb -"
 484      20726576 
 484      6973696F 
 484      6E203232 
 484      31323230 
 485 019e 67202D4F 		.ascii	"g -Og -ffunction-sections -ffat-lto-objects\000"
 485      67202D66 
 485      66756E63 
 485      74696F6E 
 485      2D736563 
 486              	.LASF11:
 487 01ca 666C6F61 		.ascii	"float\000"
 487      7400
 488              	.LASF3:
 489 01d0 73686F72 		.ascii	"short int\000"
 489      7420696E 
 489      7400
 490              	.LASF9:
 491 01da 73697A65 		.ascii	"sizetype\000"
ARM GAS  C:\Users\Alan\AppData\Local\Temp\ccva51eD.s 			page 15


 491      74797065 
 491      00
 492              		.ident	"GCC: (GNU Tools for ARM Embedded Processors) 4.9.3 20150303 (release) [ARM/embedded-4_9-br
