ARM GAS  C:\Users\Alan\AppData\Local\Temp\ccQsP09z.s 			page 1


   1              		.cpu cortex-m0plus
   2              		.fpu softvfp
   3              		.eabi_attribute 20, 1
   4              		.eabi_attribute 21, 1
   5              		.eabi_attribute 23, 3
   6              		.eabi_attribute 24, 1
   7              		.eabi_attribute 25, 1
   8              		.eabi_attribute 26, 1
   9              		.eabi_attribute 30, 1
  10              		.eabi_attribute 34, 0
  11              		.eabi_attribute 18, 4
  12              		.code	16
  13              		.file	"cyfitter_cfg.c"
  14              		.text
  15              	.Ltext0:
  16              		.cfi_sections	.debug_frame
  17              		.section	.psocinit,"ax",%progbits
  18              		.align	2
  19              		.code	16
  20              		.thumb_func
  21              		.type	ClockSetup, %function
  22              	ClockSetup:
  23              	.LFB4:
  24              		.file 1 ".\\Generated_Source\\PSoC4\\cyfitter_cfg.c"
   1:.\Generated_Source\PSoC4/cyfitter_cfg.c **** /*******************************************************************************
   2:.\Generated_Source\PSoC4/cyfitter_cfg.c **** * File Name: cyfitter_cfg.c
   3:.\Generated_Source\PSoC4/cyfitter_cfg.c **** * 
   4:.\Generated_Source\PSoC4/cyfitter_cfg.c **** * PSoC Creator  3.3 SP2.2
   5:.\Generated_Source\PSoC4/cyfitter_cfg.c **** *
   6:.\Generated_Source\PSoC4/cyfitter_cfg.c **** * Description:
   7:.\Generated_Source\PSoC4/cyfitter_cfg.c **** * This file contains device initialization code.
   8:.\Generated_Source\PSoC4/cyfitter_cfg.c **** * Except for the user defined sections in CyClockStartupError(), this file should not be modified.
   9:.\Generated_Source\PSoC4/cyfitter_cfg.c **** * This file is automatically generated by PSoC Creator.
  10:.\Generated_Source\PSoC4/cyfitter_cfg.c **** *
  11:.\Generated_Source\PSoC4/cyfitter_cfg.c **** ********************************************************************************
  12:.\Generated_Source\PSoC4/cyfitter_cfg.c **** * Copyright (c) 2007-2016 Cypress Semiconductor.  All rights reserved.
  13:.\Generated_Source\PSoC4/cyfitter_cfg.c **** * You may use this file only in accordance with the license, terms, conditions, 
  14:.\Generated_Source\PSoC4/cyfitter_cfg.c **** * disclaimers, and limitations in the end user license agreement accompanying 
  15:.\Generated_Source\PSoC4/cyfitter_cfg.c **** * the software package with which this file was provided.
  16:.\Generated_Source\PSoC4/cyfitter_cfg.c **** ********************************************************************************/
  17:.\Generated_Source\PSoC4/cyfitter_cfg.c **** 
  18:.\Generated_Source\PSoC4/cyfitter_cfg.c **** #include <string.h>
  19:.\Generated_Source\PSoC4/cyfitter_cfg.c **** #include "cytypes.h"
  20:.\Generated_Source\PSoC4/cyfitter_cfg.c **** #include "cydevice_trm.h"
  21:.\Generated_Source\PSoC4/cyfitter_cfg.c **** #include "cyfitter.h"
  22:.\Generated_Source\PSoC4/cyfitter_cfg.c **** #include "CyLib.h"
  23:.\Generated_Source\PSoC4/cyfitter_cfg.c **** #include "cyfitter_cfg.h"
  24:.\Generated_Source\PSoC4/cyfitter_cfg.c **** 
  25:.\Generated_Source\PSoC4/cyfitter_cfg.c **** 
  26:.\Generated_Source\PSoC4/cyfitter_cfg.c **** #if defined(__GNUC__) || defined(__ARMCC_VERSION)
  27:.\Generated_Source\PSoC4/cyfitter_cfg.c ****     #define CYPACKED 
  28:.\Generated_Source\PSoC4/cyfitter_cfg.c ****     #define CYPACKED_ATTR __attribute__ ((packed))
  29:.\Generated_Source\PSoC4/cyfitter_cfg.c ****     #define CYALIGNED __attribute__ ((aligned))
  30:.\Generated_Source\PSoC4/cyfitter_cfg.c ****     #define CY_CFG_UNUSED __attribute__ ((unused))
  31:.\Generated_Source\PSoC4/cyfitter_cfg.c ****     #ifndef CY_CFG_SECTION
  32:.\Generated_Source\PSoC4/cyfitter_cfg.c ****         #define CY_CFG_SECTION __attribute__ ((section(".psocinit")))
  33:.\Generated_Source\PSoC4/cyfitter_cfg.c ****     #endif
ARM GAS  C:\Users\Alan\AppData\Local\Temp\ccQsP09z.s 			page 2


  34:.\Generated_Source\PSoC4/cyfitter_cfg.c ****     
  35:.\Generated_Source\PSoC4/cyfitter_cfg.c ****     #if defined(__ARMCC_VERSION)
  36:.\Generated_Source\PSoC4/cyfitter_cfg.c ****         #define CY_CFG_MEMORY_BARRIER() __memory_changed()
  37:.\Generated_Source\PSoC4/cyfitter_cfg.c ****     #else
  38:.\Generated_Source\PSoC4/cyfitter_cfg.c ****         #define CY_CFG_MEMORY_BARRIER() __sync_synchronize()
  39:.\Generated_Source\PSoC4/cyfitter_cfg.c ****     #endif
  40:.\Generated_Source\PSoC4/cyfitter_cfg.c ****     
  41:.\Generated_Source\PSoC4/cyfitter_cfg.c **** #elif defined(__ICCARM__)
  42:.\Generated_Source\PSoC4/cyfitter_cfg.c ****     #include <intrinsics.h>
  43:.\Generated_Source\PSoC4/cyfitter_cfg.c **** 
  44:.\Generated_Source\PSoC4/cyfitter_cfg.c ****     #define CYPACKED __packed
  45:.\Generated_Source\PSoC4/cyfitter_cfg.c ****     #define CYPACKED_ATTR 
  46:.\Generated_Source\PSoC4/cyfitter_cfg.c ****     #define CYALIGNED _Pragma("data_alignment=4")
  47:.\Generated_Source\PSoC4/cyfitter_cfg.c ****     #define CY_CFG_UNUSED _Pragma("diag_suppress=Pe177")
  48:.\Generated_Source\PSoC4/cyfitter_cfg.c ****     #define CY_CFG_SECTION _Pragma("location=\".psocinit\"")
  49:.\Generated_Source\PSoC4/cyfitter_cfg.c ****     
  50:.\Generated_Source\PSoC4/cyfitter_cfg.c ****     #define CY_CFG_MEMORY_BARRIER() __DMB()
  51:.\Generated_Source\PSoC4/cyfitter_cfg.c ****     
  52:.\Generated_Source\PSoC4/cyfitter_cfg.c **** #else
  53:.\Generated_Source\PSoC4/cyfitter_cfg.c ****     #error Unsupported toolchain
  54:.\Generated_Source\PSoC4/cyfitter_cfg.c **** #endif
  55:.\Generated_Source\PSoC4/cyfitter_cfg.c **** 
  56:.\Generated_Source\PSoC4/cyfitter_cfg.c **** 
  57:.\Generated_Source\PSoC4/cyfitter_cfg.c **** CY_CFG_UNUSED
  58:.\Generated_Source\PSoC4/cyfitter_cfg.c **** static void CYMEMZERO(void *s, size_t n);
  59:.\Generated_Source\PSoC4/cyfitter_cfg.c **** CY_CFG_UNUSED
  60:.\Generated_Source\PSoC4/cyfitter_cfg.c **** static void CYMEMZERO(void *s, size_t n)
  61:.\Generated_Source\PSoC4/cyfitter_cfg.c **** {
  62:.\Generated_Source\PSoC4/cyfitter_cfg.c **** 	(void)memset(s, 0, n);
  63:.\Generated_Source\PSoC4/cyfitter_cfg.c **** }
  64:.\Generated_Source\PSoC4/cyfitter_cfg.c **** CY_CFG_UNUSED
  65:.\Generated_Source\PSoC4/cyfitter_cfg.c **** static void CYCONFIGCPY(void *dest, const void *src, size_t n);
  66:.\Generated_Source\PSoC4/cyfitter_cfg.c **** CY_CFG_UNUSED
  67:.\Generated_Source\PSoC4/cyfitter_cfg.c **** static void CYCONFIGCPY(void *dest, const void *src, size_t n)
  68:.\Generated_Source\PSoC4/cyfitter_cfg.c **** {
  69:.\Generated_Source\PSoC4/cyfitter_cfg.c **** 	(void)memcpy(dest, src, n);
  70:.\Generated_Source\PSoC4/cyfitter_cfg.c **** }
  71:.\Generated_Source\PSoC4/cyfitter_cfg.c **** CY_CFG_UNUSED
  72:.\Generated_Source\PSoC4/cyfitter_cfg.c **** static void CYCONFIGCPYCODE(void *dest, const void *src, size_t n);
  73:.\Generated_Source\PSoC4/cyfitter_cfg.c **** CY_CFG_UNUSED
  74:.\Generated_Source\PSoC4/cyfitter_cfg.c **** static void CYCONFIGCPYCODE(void *dest, const void *src, size_t n)
  75:.\Generated_Source\PSoC4/cyfitter_cfg.c **** {
  76:.\Generated_Source\PSoC4/cyfitter_cfg.c **** 	(void)memcpy(dest, src, n);
  77:.\Generated_Source\PSoC4/cyfitter_cfg.c **** }
  78:.\Generated_Source\PSoC4/cyfitter_cfg.c **** 
  79:.\Generated_Source\PSoC4/cyfitter_cfg.c **** 
  80:.\Generated_Source\PSoC4/cyfitter_cfg.c **** 
  81:.\Generated_Source\PSoC4/cyfitter_cfg.c **** /* Clock startup error codes                                                   */
  82:.\Generated_Source\PSoC4/cyfitter_cfg.c **** #define CYCLOCKSTART_NO_ERROR    0u
  83:.\Generated_Source\PSoC4/cyfitter_cfg.c **** #define CYCLOCKSTART_XTAL_ERROR  1u
  84:.\Generated_Source\PSoC4/cyfitter_cfg.c **** #define CYCLOCKSTART_32KHZ_ERROR 2u
  85:.\Generated_Source\PSoC4/cyfitter_cfg.c **** #define CYCLOCKSTART_PLL_ERROR   3u
  86:.\Generated_Source\PSoC4/cyfitter_cfg.c **** 
  87:.\Generated_Source\PSoC4/cyfitter_cfg.c **** #ifdef CY_NEED_CYCLOCKSTARTUPERROR
  88:.\Generated_Source\PSoC4/cyfitter_cfg.c **** /*******************************************************************************
  89:.\Generated_Source\PSoC4/cyfitter_cfg.c **** * Function Name: CyClockStartupError
  90:.\Generated_Source\PSoC4/cyfitter_cfg.c **** ********************************************************************************
ARM GAS  C:\Users\Alan\AppData\Local\Temp\ccQsP09z.s 			page 3


  91:.\Generated_Source\PSoC4/cyfitter_cfg.c **** * Summary:
  92:.\Generated_Source\PSoC4/cyfitter_cfg.c **** *  If an error is encountered during clock configuration (crystal startup error,
  93:.\Generated_Source\PSoC4/cyfitter_cfg.c **** *  PLL lock error, etc.), the system will end up here.  Unless reimplemented by
  94:.\Generated_Source\PSoC4/cyfitter_cfg.c **** *  the customer, this function will stop in an infinite loop.
  95:.\Generated_Source\PSoC4/cyfitter_cfg.c **** *
  96:.\Generated_Source\PSoC4/cyfitter_cfg.c **** * Parameters:
  97:.\Generated_Source\PSoC4/cyfitter_cfg.c **** *   void
  98:.\Generated_Source\PSoC4/cyfitter_cfg.c **** *
  99:.\Generated_Source\PSoC4/cyfitter_cfg.c **** * Return:
 100:.\Generated_Source\PSoC4/cyfitter_cfg.c **** *   void
 101:.\Generated_Source\PSoC4/cyfitter_cfg.c **** *
 102:.\Generated_Source\PSoC4/cyfitter_cfg.c **** *******************************************************************************/
 103:.\Generated_Source\PSoC4/cyfitter_cfg.c **** CY_CFG_UNUSED
 104:.\Generated_Source\PSoC4/cyfitter_cfg.c **** static void CyClockStartupError(uint8 errorCode);
 105:.\Generated_Source\PSoC4/cyfitter_cfg.c **** CY_CFG_UNUSED
 106:.\Generated_Source\PSoC4/cyfitter_cfg.c **** static void CyClockStartupError(uint8 errorCode)
 107:.\Generated_Source\PSoC4/cyfitter_cfg.c **** {
 108:.\Generated_Source\PSoC4/cyfitter_cfg.c ****     /* To remove the compiler warning if errorCode not used.                */
 109:.\Generated_Source\PSoC4/cyfitter_cfg.c ****     errorCode = errorCode;
 110:.\Generated_Source\PSoC4/cyfitter_cfg.c **** 
 111:.\Generated_Source\PSoC4/cyfitter_cfg.c ****     /* `#START CyClockStartupError` */
 112:.\Generated_Source\PSoC4/cyfitter_cfg.c **** 
 113:.\Generated_Source\PSoC4/cyfitter_cfg.c ****     /* If we have a clock startup error (bad MHz crystal, PLL lock, etc.),  */
 114:.\Generated_Source\PSoC4/cyfitter_cfg.c ****     /* we will end up here to allow the customer to implement something to  */
 115:.\Generated_Source\PSoC4/cyfitter_cfg.c ****     /* deal with the clock condition.                                       */
 116:.\Generated_Source\PSoC4/cyfitter_cfg.c **** 
 117:.\Generated_Source\PSoC4/cyfitter_cfg.c ****     /* `#END` */
 118:.\Generated_Source\PSoC4/cyfitter_cfg.c **** 
 119:.\Generated_Source\PSoC4/cyfitter_cfg.c ****     /* If nothing else, stop here since the clocks have not started         */
 120:.\Generated_Source\PSoC4/cyfitter_cfg.c ****     /* correctly.                                                           */
 121:.\Generated_Source\PSoC4/cyfitter_cfg.c ****     while(1) {}
 122:.\Generated_Source\PSoC4/cyfitter_cfg.c **** }
 123:.\Generated_Source\PSoC4/cyfitter_cfg.c **** #endif
 124:.\Generated_Source\PSoC4/cyfitter_cfg.c **** 
 125:.\Generated_Source\PSoC4/cyfitter_cfg.c **** 
 126:.\Generated_Source\PSoC4/cyfitter_cfg.c **** 
 127:.\Generated_Source\PSoC4/cyfitter_cfg.c **** /*******************************************************************************
 128:.\Generated_Source\PSoC4/cyfitter_cfg.c **** * Function Name: ClockSetup
 129:.\Generated_Source\PSoC4/cyfitter_cfg.c **** ********************************************************************************
 130:.\Generated_Source\PSoC4/cyfitter_cfg.c **** *
 131:.\Generated_Source\PSoC4/cyfitter_cfg.c **** * Summary:
 132:.\Generated_Source\PSoC4/cyfitter_cfg.c **** *   Performs the initialization of all of the clocks in the device based on the
 133:.\Generated_Source\PSoC4/cyfitter_cfg.c **** *   settings in the Clock tab of the DWR.  This includes enabling the requested
 134:.\Generated_Source\PSoC4/cyfitter_cfg.c **** *   clocks and setting the necessary dividers to produce the desired frequency. 
 135:.\Generated_Source\PSoC4/cyfitter_cfg.c **** *
 136:.\Generated_Source\PSoC4/cyfitter_cfg.c **** * Parameters:
 137:.\Generated_Source\PSoC4/cyfitter_cfg.c **** *   void
 138:.\Generated_Source\PSoC4/cyfitter_cfg.c **** *
 139:.\Generated_Source\PSoC4/cyfitter_cfg.c **** * Return:
 140:.\Generated_Source\PSoC4/cyfitter_cfg.c **** *   void
 141:.\Generated_Source\PSoC4/cyfitter_cfg.c **** *
 142:.\Generated_Source\PSoC4/cyfitter_cfg.c **** *******************************************************************************/
 143:.\Generated_Source\PSoC4/cyfitter_cfg.c **** static void ClockSetup(void);
 144:.\Generated_Source\PSoC4/cyfitter_cfg.c **** CY_CFG_SECTION
 145:.\Generated_Source\PSoC4/cyfitter_cfg.c **** static void ClockSetup(void)
 146:.\Generated_Source\PSoC4/cyfitter_cfg.c **** {
  25              		.loc 1 146 0
ARM GAS  C:\Users\Alan\AppData\Local\Temp\ccQsP09z.s 			page 4


  26              		.cfi_startproc
  27 0000 10B5     		push	{r4, lr}
  28              		.cfi_def_cfa_offset 8
  29              		.cfi_offset 4, -8
  30              		.cfi_offset 14, -4
 147:.\Generated_Source\PSoC4/cyfitter_cfg.c **** 
 148:.\Generated_Source\PSoC4/cyfitter_cfg.c **** 	/* Set Flash Cycles based on max possible frequency in case a glitch occurs during ClockSetup(). *
 149:.\Generated_Source\PSoC4/cyfitter_cfg.c **** 	CY_SET_REG32((void CYXDATA *)(CYREG_CPUSS_FLASH_CTL), (0x0012u));
  31              		.loc 1 149 0
  32 0002 144C     		ldr	r4, .L2
  33 0004 1223     		mov	r3, #18
  34 0006 2360     		str	r3, [r4]
 150:.\Generated_Source\PSoC4/cyfitter_cfg.c **** 	/* Update IMO to new clock speed. */
 151:.\Generated_Source\PSoC4/cyfitter_cfg.c **** 	CySysClkWriteImoFreq(24u);
  35              		.loc 1 151 0
  36 0008 1820     		mov	r0, #24
  37 000a FFF7FEFF 		bl	CySysClkWriteImoFreq
  38              	.LVL0:
 152:.\Generated_Source\PSoC4/cyfitter_cfg.c **** 
 153:.\Generated_Source\PSoC4/cyfitter_cfg.c **** 	/* Setup phase aligned clocks */
 154:.\Generated_Source\PSoC4/cyfitter_cfg.c **** 	CY_SET_REG32((void *)CYREG_PERI_DIV_16_CTL1, 0x00000100u);
  39              		.loc 1 154 0
  40 000e 8022     		mov	r2, #128
  41 0010 5200     		lsl	r2, r2, #1
  42 0012 114B     		ldr	r3, .L2+4
  43 0014 1A60     		str	r2, [r3]
 155:.\Generated_Source\PSoC4/cyfitter_cfg.c **** 	CY_SET_REG32((void *)CYREG_PERI_DIV_CMD, 0x8000FF41u);
  44              		.loc 1 155 0
  45 0016 114B     		ldr	r3, .L2+8
  46 0018 114A     		ldr	r2, .L2+12
  47 001a 1A60     		str	r2, [r3]
 156:.\Generated_Source\PSoC4/cyfitter_cfg.c **** 	CY_SET_REG32((void *)CYREG_PERI_DIV_16_CTL0, 0x0000FE00u);
  48              		.loc 1 156 0
  49 001c FE21     		mov	r1, #254
  50 001e 0902     		lsl	r1, r1, #8
  51 0020 104A     		ldr	r2, .L2+16
  52 0022 1160     		str	r1, [r2]
 157:.\Generated_Source\PSoC4/cyfitter_cfg.c **** 	CY_SET_REG32((void *)CYREG_PERI_DIV_CMD, 0x8000FF40u);
  53              		.loc 1 157 0
  54 0024 104A     		ldr	r2, .L2+20
  55 0026 1A60     		str	r2, [r3]
 158:.\Generated_Source\PSoC4/cyfitter_cfg.c **** 	CY_SET_REG32((void *)CYREG_PERI_DIV_16_CTL2, 0x00000E00u);
  56              		.loc 1 158 0
  57 0028 E021     		mov	r1, #224
  58 002a 0901     		lsl	r1, r1, #4
  59 002c 0F4A     		ldr	r2, .L2+24
  60 002e 1160     		str	r1, [r2]
 159:.\Generated_Source\PSoC4/cyfitter_cfg.c **** 	CY_SET_REG32((void *)CYREG_PERI_DIV_CMD, 0x8000FF42u);
  61              		.loc 1 159 0
  62 0030 0F4A     		ldr	r2, .L2+28
  63 0032 1A60     		str	r2, [r3]
 160:.\Generated_Source\PSoC4/cyfitter_cfg.c **** 
 161:.\Generated_Source\PSoC4/cyfitter_cfg.c **** 	/* CYDEV_CLK_SELECT Starting address: CYDEV_CLK_SELECT */
 162:.\Generated_Source\PSoC4/cyfitter_cfg.c **** 	CY_SET_XTND_REG32((void CYFAR *)(CYREG_CLK_SELECT), 0x00000000u);
  64              		.loc 1 162 0
  65 0034 0022     		mov	r2, #0
  66 0036 0F4B     		ldr	r3, .L2+32
ARM GAS  C:\Users\Alan\AppData\Local\Temp\ccQsP09z.s 			page 5


  67 0038 1A60     		str	r2, [r3]
 163:.\Generated_Source\PSoC4/cyfitter_cfg.c **** 
 164:.\Generated_Source\PSoC4/cyfitter_cfg.c **** 	/* CYDEV_PERI_PCLK_CTL3 Starting address: CYDEV_PERI_PCLK_CTL3 */
 165:.\Generated_Source\PSoC4/cyfitter_cfg.c **** 	CY_SET_XTND_REG32((void CYFAR *)(CYREG_PERI_PCLK_CTL3), 0x00000041u);
  68              		.loc 1 165 0
  69 003a 4132     		add	r2, r2, #65
  70 003c 0E4B     		ldr	r3, .L2+36
  71 003e 1A60     		str	r2, [r3]
 166:.\Generated_Source\PSoC4/cyfitter_cfg.c **** 
 167:.\Generated_Source\PSoC4/cyfitter_cfg.c **** 	/* CYDEV_PERI_PCLK_CTL2 Starting address: CYDEV_PERI_PCLK_CTL2 */
 168:.\Generated_Source\PSoC4/cyfitter_cfg.c **** 	CY_SET_XTND_REG32((void CYFAR *)(CYREG_PERI_PCLK_CTL2), 0x00000040u);
  72              		.loc 1 168 0
  73 0040 013A     		sub	r2, r2, #1
  74 0042 0E4B     		ldr	r3, .L2+40
  75 0044 1A60     		str	r2, [r3]
 169:.\Generated_Source\PSoC4/cyfitter_cfg.c **** 
 170:.\Generated_Source\PSoC4/cyfitter_cfg.c **** 	/* CYDEV_PERI_PCLK_CTL0 Starting address: CYDEV_PERI_PCLK_CTL0 */
 171:.\Generated_Source\PSoC4/cyfitter_cfg.c **** 	CY_SET_XTND_REG32((void CYFAR *)(CYREG_PERI_PCLK_CTL0), 0x00000042u);
  76              		.loc 1 171 0
  77 0046 0232     		add	r2, r2, #2
  78 0048 0D4B     		ldr	r3, .L2+44
  79 004a 1A60     		str	r2, [r3]
 172:.\Generated_Source\PSoC4/cyfitter_cfg.c **** 
 173:.\Generated_Source\PSoC4/cyfitter_cfg.c **** 	/* Set Flash Cycles based on newly configured 24.00MHz HFCLK. */
 174:.\Generated_Source\PSoC4/cyfitter_cfg.c **** 	CY_SET_REG32((void CYXDATA *)(CYREG_CPUSS_FLASH_CTL), (0x0011u));
  80              		.loc 1 174 0
  81 004c 1123     		mov	r3, #17
  82 004e 2360     		str	r3, [r4]
 175:.\Generated_Source\PSoC4/cyfitter_cfg.c **** }
  83              		.loc 1 175 0
  84              		@ sp needed
  85 0050 10BD     		pop	{r4, pc}
  86              	.L3:
  87 0052 C046     		.align	2
  88              	.L2:
  89 0054 30001040 		.word	1074790448
  90 0058 04030140 		.word	1073808132
  91 005c 00000140 		.word	1073807360
  92 0060 41FF0080 		.word	-2147418303
  93 0064 00030140 		.word	1073808128
  94 0068 40FF0080 		.word	-2147418304
  95 006c 08030140 		.word	1073808136
  96 0070 42FF0080 		.word	-2147418302
  97 0074 28000340 		.word	1073938472
  98 0078 0C010140 		.word	1073807628
  99 007c 08010140 		.word	1073807624
 100 0080 00010140 		.word	1073807616
 101              		.cfi_endproc
 102              	.LFE4:
 103              		.size	ClockSetup, .-ClockSetup
 104              		.section	.text.SetAnalogRoutingPumps,"ax",%progbits
 105              		.align	2
 106              		.global	SetAnalogRoutingPumps
 107              		.code	16
 108              		.thumb_func
 109              		.type	SetAnalogRoutingPumps, %function
 110              	SetAnalogRoutingPumps:
ARM GAS  C:\Users\Alan\AppData\Local\Temp\ccQsP09z.s 			page 6


 111              	.LFB6:
 176:.\Generated_Source\PSoC4/cyfitter_cfg.c **** 
 177:.\Generated_Source\PSoC4/cyfitter_cfg.c **** 
 178:.\Generated_Source\PSoC4/cyfitter_cfg.c **** /* Analog API Functions */
 179:.\Generated_Source\PSoC4/cyfitter_cfg.c **** 
 180:.\Generated_Source\PSoC4/cyfitter_cfg.c **** 
 181:.\Generated_Source\PSoC4/cyfitter_cfg.c **** /*******************************************************************************
 182:.\Generated_Source\PSoC4/cyfitter_cfg.c **** * Function Name: AnalogSetDefault
 183:.\Generated_Source\PSoC4/cyfitter_cfg.c **** ********************************************************************************
 184:.\Generated_Source\PSoC4/cyfitter_cfg.c **** *
 185:.\Generated_Source\PSoC4/cyfitter_cfg.c **** * Summary:
 186:.\Generated_Source\PSoC4/cyfitter_cfg.c **** *  Sets up the analog portions of the chip to default values based on chip
 187:.\Generated_Source\PSoC4/cyfitter_cfg.c **** *  configuration options from the project.
 188:.\Generated_Source\PSoC4/cyfitter_cfg.c **** *
 189:.\Generated_Source\PSoC4/cyfitter_cfg.c **** * Parameters:
 190:.\Generated_Source\PSoC4/cyfitter_cfg.c **** *  void
 191:.\Generated_Source\PSoC4/cyfitter_cfg.c **** *
 192:.\Generated_Source\PSoC4/cyfitter_cfg.c **** * Return:
 193:.\Generated_Source\PSoC4/cyfitter_cfg.c **** *  void
 194:.\Generated_Source\PSoC4/cyfitter_cfg.c **** *
 195:.\Generated_Source\PSoC4/cyfitter_cfg.c **** *******************************************************************************/
 196:.\Generated_Source\PSoC4/cyfitter_cfg.c **** static void AnalogSetDefault(void);
 197:.\Generated_Source\PSoC4/cyfitter_cfg.c **** static void AnalogSetDefault(void)
 198:.\Generated_Source\PSoC4/cyfitter_cfg.c **** {
 199:.\Generated_Source\PSoC4/cyfitter_cfg.c **** 	CY_SET_XTND_REG32((void CYFAR *)CYREG_CSD_SW_BYP_SEL, 0x00001000u);
 200:.\Generated_Source\PSoC4/cyfitter_cfg.c **** 	CY_SET_XTND_REG32((void CYFAR *)CYREG_CSD_SW_REFGEN_SEL, 0x00000001u);
 201:.\Generated_Source\PSoC4/cyfitter_cfg.c **** 	SetAnalogRoutingPumps(1);
 202:.\Generated_Source\PSoC4/cyfitter_cfg.c **** }
 203:.\Generated_Source\PSoC4/cyfitter_cfg.c **** 
 204:.\Generated_Source\PSoC4/cyfitter_cfg.c **** 
 205:.\Generated_Source\PSoC4/cyfitter_cfg.c **** /*******************************************************************************
 206:.\Generated_Source\PSoC4/cyfitter_cfg.c **** * Function Name: SetAnalogRoutingPumps
 207:.\Generated_Source\PSoC4/cyfitter_cfg.c **** ********************************************************************************
 208:.\Generated_Source\PSoC4/cyfitter_cfg.c **** *
 209:.\Generated_Source\PSoC4/cyfitter_cfg.c **** * Summary:
 210:.\Generated_Source\PSoC4/cyfitter_cfg.c **** * Enables or disables the analog pumps feeding analog routing switches.
 211:.\Generated_Source\PSoC4/cyfitter_cfg.c **** * Intended to be called at startup, based on the Vdda system configuration;
 212:.\Generated_Source\PSoC4/cyfitter_cfg.c **** * may be called during operation when the user informs us that the Vdda voltage crossed the pump th
 213:.\Generated_Source\PSoC4/cyfitter_cfg.c **** *
 214:.\Generated_Source\PSoC4/cyfitter_cfg.c **** * Parameters:
 215:.\Generated_Source\PSoC4/cyfitter_cfg.c **** *  enabled - 1 to enable the pumps, 0 to disable the pumps
 216:.\Generated_Source\PSoC4/cyfitter_cfg.c **** *
 217:.\Generated_Source\PSoC4/cyfitter_cfg.c **** * Return:
 218:.\Generated_Source\PSoC4/cyfitter_cfg.c **** *  void
 219:.\Generated_Source\PSoC4/cyfitter_cfg.c **** *
 220:.\Generated_Source\PSoC4/cyfitter_cfg.c **** *******************************************************************************/
 221:.\Generated_Source\PSoC4/cyfitter_cfg.c **** void SetAnalogRoutingPumps(uint8 enabled)
 222:.\Generated_Source\PSoC4/cyfitter_cfg.c **** {
 112              		.loc 1 222 0
 113              		.cfi_startproc
 114              	.LVL1:
 223:.\Generated_Source\PSoC4/cyfitter_cfg.c **** 	uint32 regValue = CY_GET_XTND_REG32((void *)(CYREG_HSIOM_PUMP_CTL));
 115              		.loc 1 223 0
 116 0000 0B4B     		ldr	r3, .L9
 117 0002 1B68     		ldr	r3, [r3]
 118              	.LVL2:
 224:.\Generated_Source\PSoC4/cyfitter_cfg.c **** 	if (enabled != 0u)
ARM GAS  C:\Users\Alan\AppData\Local\Temp\ccQsP09z.s 			page 7


 119              		.loc 1 224 0
 120 0004 0028     		cmp	r0, #0
 121 0006 03D0     		beq	.L5
 225:.\Generated_Source\PSoC4/cyfitter_cfg.c **** 	{
 226:.\Generated_Source\PSoC4/cyfitter_cfg.c **** 		regValue |= 0x80000000u;
 122              		.loc 1 226 0
 123 0008 8022     		mov	r2, #128
 124 000a 1206     		lsl	r2, r2, #24
 125 000c 1343     		orr	r3, r2
 126              	.LVL3:
 127 000e 01E0     		b	.L6
 128              	.L5:
 227:.\Generated_Source\PSoC4/cyfitter_cfg.c **** 	}
 228:.\Generated_Source\PSoC4/cyfitter_cfg.c **** 	else
 229:.\Generated_Source\PSoC4/cyfitter_cfg.c **** 	{
 230:.\Generated_Source\PSoC4/cyfitter_cfg.c **** 		regValue &= ~0x80000000u;
 129              		.loc 1 230 0
 130 0010 5B00     		lsl	r3, r3, #1
 131              	.LVL4:
 132 0012 5B08     		lsr	r3, r3, #1
 133              	.LVL5:
 134              	.L6:
 231:.\Generated_Source\PSoC4/cyfitter_cfg.c **** 	}
 232:.\Generated_Source\PSoC4/cyfitter_cfg.c **** 	CY_SET_XTND_REG32((void *)(CYREG_HSIOM_PUMP_CTL), regValue);
 135              		.loc 1 232 0
 136 0014 064A     		ldr	r2, .L9
 137 0016 1360     		str	r3, [r2]
 233:.\Generated_Source\PSoC4/cyfitter_cfg.c **** 	regValue = CY_GET_XTND_REG32((void *)(CYREG_CLK_SELECT));
 138              		.loc 1 233 0
 139 0018 064B     		ldr	r3, .L9+4
 140              	.LVL6:
 141 001a 1B68     		ldr	r3, [r3]
 142              	.LVL7:
 234:.\Generated_Source\PSoC4/cyfitter_cfg.c **** 	if (enabled != 0u)
 143              		.loc 1 234 0
 144 001c 0028     		cmp	r0, #0
 145 001e 02D0     		beq	.L7
 235:.\Generated_Source\PSoC4/cyfitter_cfg.c **** 	{
 236:.\Generated_Source\PSoC4/cyfitter_cfg.c **** 		regValue |= 0x00000020u;
 146              		.loc 1 236 0
 147 0020 2022     		mov	r2, #32
 148 0022 1343     		orr	r3, r2
 149              	.LVL8:
 150 0024 01E0     		b	.L8
 151              	.L7:
 237:.\Generated_Source\PSoC4/cyfitter_cfg.c **** 	}
 238:.\Generated_Source\PSoC4/cyfitter_cfg.c **** 	else
 239:.\Generated_Source\PSoC4/cyfitter_cfg.c **** 	{
 240:.\Generated_Source\PSoC4/cyfitter_cfg.c **** 		regValue &= ~0x00000020u;
 152              		.loc 1 240 0
 153 0026 2022     		mov	r2, #32
 154 0028 9343     		bic	r3, r2
 155              	.LVL9:
 156              	.L8:
 241:.\Generated_Source\PSoC4/cyfitter_cfg.c **** 	}
 242:.\Generated_Source\PSoC4/cyfitter_cfg.c **** 	CY_SET_XTND_REG32((void *)(CYREG_CLK_SELECT), regValue);
 157              		.loc 1 242 0
ARM GAS  C:\Users\Alan\AppData\Local\Temp\ccQsP09z.s 			page 8


 158 002a 024A     		ldr	r2, .L9+4
 159 002c 1360     		str	r3, [r2]
 243:.\Generated_Source\PSoC4/cyfitter_cfg.c **** }
 160              		.loc 1 243 0
 161              		@ sp needed
 162 002e 7047     		bx	lr
 163              	.L10:
 164              		.align	2
 165              	.L9:
 166 0030 00200240 		.word	1073881088
 167 0034 28000340 		.word	1073938472
 168              		.cfi_endproc
 169              	.LFE6:
 170              		.size	SetAnalogRoutingPumps, .-SetAnalogRoutingPumps
 171              		.section	.text.AnalogSetDefault,"ax",%progbits
 172              		.align	2
 173              		.code	16
 174              		.thumb_func
 175              		.type	AnalogSetDefault, %function
 176              	AnalogSetDefault:
 177              	.LFB5:
 198:.\Generated_Source\PSoC4/cyfitter_cfg.c **** 	CY_SET_XTND_REG32((void CYFAR *)CYREG_CSD_SW_BYP_SEL, 0x00001000u);
 178              		.loc 1 198 0
 179              		.cfi_startproc
 180 0000 08B5     		push	{r3, lr}
 181              		.cfi_def_cfa_offset 8
 182              		.cfi_offset 3, -8
 183              		.cfi_offset 14, -4
 199:.\Generated_Source\PSoC4/cyfitter_cfg.c **** 	CY_SET_XTND_REG32((void CYFAR *)CYREG_CSD_SW_REFGEN_SEL, 0x00000001u);
 184              		.loc 1 199 0
 185 0002 8022     		mov	r2, #128
 186 0004 5201     		lsl	r2, r2, #5
 187 0006 044B     		ldr	r3, .L12
 188 0008 1A60     		str	r2, [r3]
 200:.\Generated_Source\PSoC4/cyfitter_cfg.c **** 	SetAnalogRoutingPumps(1);
 189              		.loc 1 200 0
 190 000a 0122     		mov	r2, #1
 191 000c 034B     		ldr	r3, .L12+4
 192 000e 1A60     		str	r2, [r3]
 201:.\Generated_Source\PSoC4/cyfitter_cfg.c **** }
 193              		.loc 1 201 0
 194 0010 0120     		mov	r0, #1
 195 0012 FFF7FEFF 		bl	SetAnalogRoutingPumps
 196              	.LVL10:
 202:.\Generated_Source\PSoC4/cyfitter_cfg.c **** 
 197              		.loc 1 202 0
 198              		@ sp needed
 199 0016 08BD     		pop	{r3, pc}
 200              	.L13:
 201              		.align	2
 202              	.L12:
 203 0018 94020B40 		.word	1074463380
 204 001c A8020B40 		.word	1074463400
 205              		.cfi_endproc
 206              	.LFE5:
 207              		.size	AnalogSetDefault, .-AnalogSetDefault
 208              		.section	.psocinit
ARM GAS  C:\Users\Alan\AppData\Local\Temp\ccQsP09z.s 			page 9


 209              		.align	2
 210              		.global	cyfitter_cfg
 211              		.code	16
 212              		.thumb_func
 213              		.type	cyfitter_cfg, %function
 214              	cyfitter_cfg:
 215              	.LFB7:
 244:.\Generated_Source\PSoC4/cyfitter_cfg.c **** 
 245:.\Generated_Source\PSoC4/cyfitter_cfg.c **** #define CY_AMUX_UNUSED CYREG_CM0P_ROM_DWT
 246:.\Generated_Source\PSoC4/cyfitter_cfg.c **** 
 247:.\Generated_Source\PSoC4/cyfitter_cfg.c **** 
 248:.\Generated_Source\PSoC4/cyfitter_cfg.c **** /*******************************************************************************
 249:.\Generated_Source\PSoC4/cyfitter_cfg.c **** * Function Name: cyfitter_cfg
 250:.\Generated_Source\PSoC4/cyfitter_cfg.c **** ********************************************************************************
 251:.\Generated_Source\PSoC4/cyfitter_cfg.c **** * Summary:
 252:.\Generated_Source\PSoC4/cyfitter_cfg.c **** *  This function is called by the start-up code for the selected device. It
 253:.\Generated_Source\PSoC4/cyfitter_cfg.c **** *  performs all of the necessary device configuration based on the design
 254:.\Generated_Source\PSoC4/cyfitter_cfg.c **** *  settings.  This includes settings from the Design Wide Resources (DWR) such
 255:.\Generated_Source\PSoC4/cyfitter_cfg.c **** *  as Clocks and Pins as well as any component configuration that is necessary.
 256:.\Generated_Source\PSoC4/cyfitter_cfg.c **** *
 257:.\Generated_Source\PSoC4/cyfitter_cfg.c **** * Parameters:  
 258:.\Generated_Source\PSoC4/cyfitter_cfg.c **** *   void
 259:.\Generated_Source\PSoC4/cyfitter_cfg.c **** *
 260:.\Generated_Source\PSoC4/cyfitter_cfg.c **** * Return:
 261:.\Generated_Source\PSoC4/cyfitter_cfg.c **** *   void
 262:.\Generated_Source\PSoC4/cyfitter_cfg.c **** *
 263:.\Generated_Source\PSoC4/cyfitter_cfg.c **** *******************************************************************************/
 264:.\Generated_Source\PSoC4/cyfitter_cfg.c **** CY_CFG_SECTION
 265:.\Generated_Source\PSoC4/cyfitter_cfg.c **** void cyfitter_cfg(void)
 266:.\Generated_Source\PSoC4/cyfitter_cfg.c **** {
 216              		.loc 1 266 0
 217              		.cfi_startproc
 218 0084 08B5     		push	{r3, lr}
 219              		.cfi_def_cfa_offset 8
 220              		.cfi_offset 3, -8
 221              		.cfi_offset 14, -4
 267:.\Generated_Source\PSoC4/cyfitter_cfg.c **** 	/* Disable interrupts by default. Let user enable if/when they want. */
 268:.\Generated_Source\PSoC4/cyfitter_cfg.c **** 	CyGlobalIntDisable;
 222              		.loc 1 268 0
 223              	@ 268 ".\Generated_Source\PSoC4\cyfitter_cfg.c" 1
 224 0086 72B6     		CPSID   i
 225              	@ 0 "" 2
 269:.\Generated_Source\PSoC4/cyfitter_cfg.c **** 
 270:.\Generated_Source\PSoC4/cyfitter_cfg.c **** 	{
 271:.\Generated_Source\PSoC4/cyfitter_cfg.c **** 		/* HSIOM Starting address: CYDEV_HSIOM_BASE */
 272:.\Generated_Source\PSoC4/cyfitter_cfg.c **** 		CY_SET_XTND_REG32((void CYFAR *)(CYREG_HSIOM_PORT_SEL1), 0x000000EEu);
 226              		.loc 1 272 0
 227              		.code	16
 228 0088 EE22     		mov	r2, #238
 229 008a 164B     		ldr	r3, .L15
 230 008c 1A60     		str	r2, [r3]
 273:.\Generated_Source\PSoC4/cyfitter_cfg.c **** 		CY_SET_XTND_REG32((void CYFAR *)(CYREG_HSIOM_PORT_SEL3), 0x0000EE00u);
 231              		.loc 1 273 0
 232 008e EE22     		mov	r2, #238
 233 0090 1202     		lsl	r2, r2, #8
 234 0092 154B     		ldr	r3, .L15+4
 235 0094 1A60     		str	r2, [r3]
ARM GAS  C:\Users\Alan\AppData\Local\Temp\ccQsP09z.s 			page 10


 274:.\Generated_Source\PSoC4/cyfitter_cfg.c **** 		CY_SET_XTND_REG32((void CYFAR *)(CYREG_HSIOM_PORT_SEL4), 0x00000060u);
 236              		.loc 1 274 0
 237 0096 6022     		mov	r2, #96
 238 0098 144B     		ldr	r3, .L15+8
 239 009a 1A60     		str	r2, [r3]
 275:.\Generated_Source\PSoC4/cyfitter_cfg.c **** 
 276:.\Generated_Source\PSoC4/cyfitter_cfg.c **** 	}
 277:.\Generated_Source\PSoC4/cyfitter_cfg.c **** 
 278:.\Generated_Source\PSoC4/cyfitter_cfg.c **** 	/* Perform second pass device configuration. These items must be configured in specific order afte
 279:.\Generated_Source\PSoC4/cyfitter_cfg.c **** 	/* IOPINS0_0 Starting address: CYDEV_GPIO_PRT0_BASE */
 280:.\Generated_Source\PSoC4/cyfitter_cfg.c **** 	CY_SET_XTND_REG32((void CYFAR *)(CYDEV_GPIO_PRT0_BASE), 0x0000004Eu);
 240              		.loc 1 280 0
 241 009c 4E23     		mov	r3, #78
 242 009e 144A     		ldr	r2, .L15+12
 243 00a0 1360     		str	r3, [r2]
 281:.\Generated_Source\PSoC4/cyfitter_cfg.c **** 	CY_SET_XTND_REG32((void CYFAR *)(CYREG_GPIO_PRT0_PC2), 0x0000004Eu);
 244              		.loc 1 281 0
 245 00a2 144A     		ldr	r2, .L15+16
 246 00a4 1360     		str	r3, [r2]
 282:.\Generated_Source\PSoC4/cyfitter_cfg.c **** 
 283:.\Generated_Source\PSoC4/cyfitter_cfg.c **** 	/* IOPINS0_1 Starting address: CYDEV_GPIO_PRT1_BASE */
 284:.\Generated_Source\PSoC4/cyfitter_cfg.c **** 	CY_SET_XTND_REG32((void CYFAR *)(CYDEV_GPIO_PRT1_BASE), 0x00000003u);
 247              		.loc 1 284 0
 248 00a6 0322     		mov	r2, #3
 249 00a8 134B     		ldr	r3, .L15+20
 250 00aa 1A60     		str	r2, [r3]
 285:.\Generated_Source\PSoC4/cyfitter_cfg.c **** 	CY_SET_XTND_REG32((void CYFAR *)(CYREG_GPIO_PRT1_PC), 0x00000024u);
 251              		.loc 1 285 0
 252 00ac 2132     		add	r2, r2, #33
 253 00ae 134B     		ldr	r3, .L15+24
 254 00b0 1A60     		str	r2, [r3]
 286:.\Generated_Source\PSoC4/cyfitter_cfg.c **** 
 287:.\Generated_Source\PSoC4/cyfitter_cfg.c **** 	/* IOPINS0_2 Starting address: CYDEV_GPIO_PRT2_BASE */
 288:.\Generated_Source\PSoC4/cyfitter_cfg.c **** 	CY_SET_XTND_REG32((void CYFAR *)(CYDEV_GPIO_PRT2_BASE), 0x000000FDu);
 255              		.loc 1 288 0
 256 00b2 D932     		add	r2, r2, #217
 257 00b4 124B     		ldr	r3, .L15+28
 258 00b6 1A60     		str	r2, [r3]
 289:.\Generated_Source\PSoC4/cyfitter_cfg.c **** 	CY_SET_XTND_REG32((void CYFAR *)(CYREG_GPIO_PRT2_PC), 0x00DB6D80u);
 259              		.loc 1 289 0
 260 00b8 124A     		ldr	r2, .L15+32
 261 00ba 134B     		ldr	r3, .L15+36
 262 00bc 1A60     		str	r2, [r3]
 290:.\Generated_Source\PSoC4/cyfitter_cfg.c **** 	CY_SET_XTND_REG32((void CYFAR *)(CYREG_GPIO_PRT2_PC2), 0x00000001u);
 263              		.loc 1 290 0
 264 00be 0122     		mov	r2, #1
 265 00c0 124B     		ldr	r3, .L15+40
 266 00c2 1A60     		str	r2, [r3]
 291:.\Generated_Source\PSoC4/cyfitter_cfg.c **** 
 292:.\Generated_Source\PSoC4/cyfitter_cfg.c **** 	/* IOPINS0_3 Starting address: CYDEV_GPIO_PRT3_BASE */
 293:.\Generated_Source\PSoC4/cyfitter_cfg.c **** 	CY_SET_XTND_REG32((void CYFAR *)(CYDEV_GPIO_PRT3_BASE), 0x00000020u);
 267              		.loc 1 293 0
 268 00c4 1F32     		add	r2, r2, #31
 269 00c6 124B     		ldr	r3, .L15+44
 270 00c8 1A60     		str	r2, [r3]
 294:.\Generated_Source\PSoC4/cyfitter_cfg.c **** 	CY_SET_XTND_REG32((void CYFAR *)(CYREG_GPIO_PRT3_PC), 0x00030D80u);
 271              		.loc 1 294 0
ARM GAS  C:\Users\Alan\AppData\Local\Temp\ccQsP09z.s 			page 11


 272 00ca 124A     		ldr	r2, .L15+48
 273 00cc 124B     		ldr	r3, .L15+52
 274 00ce 1A60     		str	r2, [r3]
 295:.\Generated_Source\PSoC4/cyfitter_cfg.c **** 
 296:.\Generated_Source\PSoC4/cyfitter_cfg.c **** 	/* IOPINS0_4 Starting address: CYDEV_GPIO_PRT4_BASE */
 297:.\Generated_Source\PSoC4/cyfitter_cfg.c **** 	CY_SET_XTND_REG32((void CYFAR *)(CYDEV_GPIO_PRT4_BASE), 0x00000002u);
 275              		.loc 1 297 0
 276 00d0 0223     		mov	r3, #2
 277 00d2 124A     		ldr	r2, .L15+56
 278 00d4 1360     		str	r3, [r2]
 298:.\Generated_Source\PSoC4/cyfitter_cfg.c **** 	CY_SET_XTND_REG32((void CYFAR *)(CYREG_GPIO_PRT4_PC2), 0x00000002u);
 279              		.loc 1 298 0
 280 00d6 124A     		ldr	r2, .L15+60
 281 00d8 1360     		str	r3, [r2]
 299:.\Generated_Source\PSoC4/cyfitter_cfg.c **** 
 300:.\Generated_Source\PSoC4/cyfitter_cfg.c **** 
 301:.\Generated_Source\PSoC4/cyfitter_cfg.c **** 	/* Setup clocks based on selections from Clock DWR */
 302:.\Generated_Source\PSoC4/cyfitter_cfg.c **** 	ClockSetup();
 282              		.loc 1 302 0
 283 00da FFF791FF 		bl	ClockSetup
 284              	.LVL11:
 303:.\Generated_Source\PSoC4/cyfitter_cfg.c **** 
 304:.\Generated_Source\PSoC4/cyfitter_cfg.c **** 	/* Perform basic analog initialization to defaults */
 305:.\Generated_Source\PSoC4/cyfitter_cfg.c **** 	AnalogSetDefault();
 285              		.loc 1 305 0
 286 00de FFF7FEFF 		bl	AnalogSetDefault
 287              	.LVL12:
 306:.\Generated_Source\PSoC4/cyfitter_cfg.c **** 
 307:.\Generated_Source\PSoC4/cyfitter_cfg.c **** }
 288              		.loc 1 307 0
 289              		@ sp needed
 290 00e2 08BD     		pop	{r3, pc}
 291              	.L16:
 292              		.align	2
 293              	.L15:
 294 00e4 00010240 		.word	1073873152
 295 00e8 00030240 		.word	1073873664
 296 00ec 00040240 		.word	1073873920
 297 00f0 00000440 		.word	1074003968
 298 00f4 18000440 		.word	1074003992
 299 00f8 00010440 		.word	1074004224
 300 00fc 08010440 		.word	1074004232
 301 0100 00020440 		.word	1074004480
 302 0104 806DDB00 		.word	14380416
 303 0108 08020440 		.word	1074004488
 304 010c 18020440 		.word	1074004504
 305 0110 00030440 		.word	1074004736
 306 0114 800D0300 		.word	200064
 307 0118 08030440 		.word	1074004744
 308 011c 00040440 		.word	1074004992
 309 0120 18040440 		.word	1074005016
 310              		.cfi_endproc
 311              	.LFE7:
 312              		.size	cyfitter_cfg, .-cyfitter_cfg
 313              		.text
 314              	.Letext0:
 315              		.file 2 ".\\Generated_Source\\PSoC4\\cytypes.h"
ARM GAS  C:\Users\Alan\AppData\Local\Temp\ccQsP09z.s 			page 12


 316              		.file 3 ".\\Generated_Source\\PSoC4\\CyLib.h"
 317              		.section	.debug_info,"",%progbits
 318              	.Ldebug_info0:
 319 0000 5F010000 		.4byte	0x15f
 320 0004 0400     		.2byte	0x4
 321 0006 00000000 		.4byte	.Ldebug_abbrev0
 322 000a 04       		.byte	0x4
 323 000b 01       		.uleb128 0x1
 324 000c 2A000000 		.4byte	.LASF20
 325 0010 01       		.byte	0x1
 326 0011 37010000 		.4byte	.LASF21
 327 0015 B5010000 		.4byte	.LASF22
 328 0019 00000000 		.4byte	.Ldebug_ranges0+0
 329 001d 00000000 		.4byte	0
 330 0021 00000000 		.4byte	.Ldebug_line0
 331 0025 02       		.uleb128 0x2
 332 0026 04       		.byte	0x4
 333 0027 05       		.byte	0x5
 334 0028 696E7400 		.ascii	"int\000"
 335 002c 03       		.uleb128 0x3
 336 002d 04       		.byte	0x4
 337 002e 07       		.byte	0x7
 338 002f 1D000000 		.4byte	.LASF0
 339 0033 03       		.uleb128 0x3
 340 0034 01       		.byte	0x1
 341 0035 06       		.byte	0x6
 342 0036 A9010000 		.4byte	.LASF1
 343 003a 03       		.uleb128 0x3
 344 003b 01       		.byte	0x1
 345 003c 08       		.byte	0x8
 346 003d 29010000 		.4byte	.LASF2
 347 0041 03       		.uleb128 0x3
 348 0042 02       		.byte	0x2
 349 0043 05       		.byte	0x5
 350 0044 21020000 		.4byte	.LASF3
 351 0048 03       		.uleb128 0x3
 352 0049 02       		.byte	0x2
 353 004a 07       		.byte	0x7
 354 004b 96010000 		.4byte	.LASF4
 355 004f 03       		.uleb128 0x3
 356 0050 04       		.byte	0x4
 357 0051 05       		.byte	0x5
 358 0052 64010000 		.4byte	.LASF5
 359 0056 03       		.uleb128 0x3
 360 0057 04       		.byte	0x4
 361 0058 07       		.byte	0x7
 362 0059 C2000000 		.4byte	.LASF6
 363 005d 03       		.uleb128 0x3
 364 005e 08       		.byte	0x8
 365 005f 05       		.byte	0x5
 366 0060 00000000 		.4byte	.LASF7
 367 0064 03       		.uleb128 0x3
 368 0065 08       		.byte	0x8
 369 0066 07       		.byte	0x7
 370 0067 E1000000 		.4byte	.LASF8
 371 006b 03       		.uleb128 0x3
 372 006c 04       		.byte	0x4
ARM GAS  C:\Users\Alan\AppData\Local\Temp\ccQsP09z.s 			page 13


 373 006d 07       		.byte	0x7
 374 006e 2B020000 		.4byte	.LASF9
 375 0072 03       		.uleb128 0x3
 376 0073 01       		.byte	0x1
 377 0074 08       		.byte	0x8
 378 0075 5F010000 		.4byte	.LASF10
 379 0079 04       		.uleb128 0x4
 380 007a BC000000 		.4byte	.LASF11
 381 007e 02       		.byte	0x2
 382 007f 9201     		.2byte	0x192
 383 0081 3A000000 		.4byte	0x3a
 384 0085 04       		.uleb128 0x4
 385 0086 0E000000 		.4byte	.LASF12
 386 008a 02       		.byte	0x2
 387 008b 9401     		.2byte	0x194
 388 008d 56000000 		.4byte	0x56
 389 0091 03       		.uleb128 0x3
 390 0092 04       		.byte	0x4
 391 0093 04       		.byte	0x4
 392 0094 F8000000 		.4byte	.LASF13
 393 0098 03       		.uleb128 0x3
 394 0099 08       		.byte	0x8
 395 009a 04       		.byte	0x4
 396 009b 89010000 		.4byte	.LASF14
 397 009f 04       		.uleb128 0x4
 398 00a0 90010000 		.4byte	.LASF15
 399 00a4 02       		.byte	0x2
 400 00a5 3E02     		.2byte	0x23e
 401 00a7 AB000000 		.4byte	0xab
 402 00ab 05       		.uleb128 0x5
 403 00ac 85000000 		.4byte	0x85
 404 00b0 06       		.uleb128 0x6
 405 00b1 7E010000 		.4byte	.LASF16
 406 00b5 01       		.byte	0x1
 407 00b6 91       		.byte	0x91
 408 00b7 00000000 		.4byte	.LFB4
 409 00bb 84000000 		.4byte	.LFE4-.LFB4
 410 00bf 01       		.uleb128 0x1
 411 00c0 9C       		.byte	0x9c
 412 00c1 D5000000 		.4byte	0xd5
 413 00c5 07       		.uleb128 0x7
 414 00c6 0E000000 		.4byte	.LVL0
 415 00ca 55010000 		.4byte	0x155
 416 00ce 08       		.uleb128 0x8
 417 00cf 01       		.uleb128 0x1
 418 00d0 50       		.byte	0x50
 419 00d1 01       		.uleb128 0x1
 420 00d2 48       		.byte	0x48
 421 00d3 00       		.byte	0
 422 00d4 00       		.byte	0
 423 00d5 09       		.uleb128 0x9
 424 00d6 FE000000 		.4byte	.LASF18
 425 00da 01       		.byte	0x1
 426 00db DD       		.byte	0xdd
 427 00dc 00000000 		.4byte	.LFB6
 428 00e0 38000000 		.4byte	.LFE6-.LFB6
 429 00e4 01       		.uleb128 0x1
ARM GAS  C:\Users\Alan\AppData\Local\Temp\ccQsP09z.s 			page 14


 430 00e5 9C       		.byte	0x9c
 431 00e6 07010000 		.4byte	0x107
 432 00ea 0A       		.uleb128 0xa
 433 00eb 15000000 		.4byte	.LASF23
 434 00ef 01       		.byte	0x1
 435 00f0 DD       		.byte	0xdd
 436 00f1 79000000 		.4byte	0x79
 437 00f5 01       		.uleb128 0x1
 438 00f6 50       		.byte	0x50
 439 00f7 0B       		.uleb128 0xb
 440 00f8 18020000 		.4byte	.LASF24
 441 00fc 01       		.byte	0x1
 442 00fd DF       		.byte	0xdf
 443 00fe 85000000 		.4byte	0x85
 444 0102 00000000 		.4byte	.LLST0
 445 0106 00       		.byte	0
 446 0107 06       		.uleb128 0x6
 447 0108 6D010000 		.4byte	.LASF17
 448 010c 01       		.byte	0x1
 449 010d C5       		.byte	0xc5
 450 010e 00000000 		.4byte	.LFB5
 451 0112 20000000 		.4byte	.LFE5-.LFB5
 452 0116 01       		.uleb128 0x1
 453 0117 9C       		.byte	0x9c
 454 0118 2C010000 		.4byte	0x12c
 455 011c 07       		.uleb128 0x7
 456 011d 16000000 		.4byte	.LVL10
 457 0121 D5000000 		.4byte	0xd5
 458 0125 08       		.uleb128 0x8
 459 0126 01       		.uleb128 0x1
 460 0127 50       		.byte	0x50
 461 0128 01       		.uleb128 0x1
 462 0129 31       		.byte	0x31
 463 012a 00       		.byte	0
 464 012b 00       		.byte	0
 465 012c 0C       		.uleb128 0xc
 466 012d D4000000 		.4byte	.LASF19
 467 0131 01       		.byte	0x1
 468 0132 0901     		.2byte	0x109
 469 0134 84000000 		.4byte	.LFB7
 470 0138 A0000000 		.4byte	.LFE7-.LFB7
 471 013c 01       		.uleb128 0x1
 472 013d 9C       		.byte	0x9c
 473 013e 55010000 		.4byte	0x155
 474 0142 0D       		.uleb128 0xd
 475 0143 DE000000 		.4byte	.LVL11
 476 0147 B0000000 		.4byte	0xb0
 477 014b 0D       		.uleb128 0xd
 478 014c E2000000 		.4byte	.LVL12
 479 0150 07010000 		.4byte	0x107
 480 0154 00       		.byte	0
 481 0155 0E       		.uleb128 0xe
 482 0156 14010000 		.4byte	.LASF25
 483 015a 03       		.byte	0x3
 484 015b 6C       		.byte	0x6c
 485 015c 0F       		.uleb128 0xf
 486 015d 85000000 		.4byte	0x85
ARM GAS  C:\Users\Alan\AppData\Local\Temp\ccQsP09z.s 			page 15


 487 0161 00       		.byte	0
 488 0162 00       		.byte	0
 489              		.section	.debug_abbrev,"",%progbits
 490              	.Ldebug_abbrev0:
 491 0000 01       		.uleb128 0x1
 492 0001 11       		.uleb128 0x11
 493 0002 01       		.byte	0x1
 494 0003 25       		.uleb128 0x25
 495 0004 0E       		.uleb128 0xe
 496 0005 13       		.uleb128 0x13
 497 0006 0B       		.uleb128 0xb
 498 0007 03       		.uleb128 0x3
 499 0008 0E       		.uleb128 0xe
 500 0009 1B       		.uleb128 0x1b
 501 000a 0E       		.uleb128 0xe
 502 000b 55       		.uleb128 0x55
 503 000c 17       		.uleb128 0x17
 504 000d 11       		.uleb128 0x11
 505 000e 01       		.uleb128 0x1
 506 000f 10       		.uleb128 0x10
 507 0010 17       		.uleb128 0x17
 508 0011 00       		.byte	0
 509 0012 00       		.byte	0
 510 0013 02       		.uleb128 0x2
 511 0014 24       		.uleb128 0x24
 512 0015 00       		.byte	0
 513 0016 0B       		.uleb128 0xb
 514 0017 0B       		.uleb128 0xb
 515 0018 3E       		.uleb128 0x3e
 516 0019 0B       		.uleb128 0xb
 517 001a 03       		.uleb128 0x3
 518 001b 08       		.uleb128 0x8
 519 001c 00       		.byte	0
 520 001d 00       		.byte	0
 521 001e 03       		.uleb128 0x3
 522 001f 24       		.uleb128 0x24
 523 0020 00       		.byte	0
 524 0021 0B       		.uleb128 0xb
 525 0022 0B       		.uleb128 0xb
 526 0023 3E       		.uleb128 0x3e
 527 0024 0B       		.uleb128 0xb
 528 0025 03       		.uleb128 0x3
 529 0026 0E       		.uleb128 0xe
 530 0027 00       		.byte	0
 531 0028 00       		.byte	0
 532 0029 04       		.uleb128 0x4
 533 002a 16       		.uleb128 0x16
 534 002b 00       		.byte	0
 535 002c 03       		.uleb128 0x3
 536 002d 0E       		.uleb128 0xe
 537 002e 3A       		.uleb128 0x3a
 538 002f 0B       		.uleb128 0xb
 539 0030 3B       		.uleb128 0x3b
 540 0031 05       		.uleb128 0x5
 541 0032 49       		.uleb128 0x49
 542 0033 13       		.uleb128 0x13
 543 0034 00       		.byte	0
ARM GAS  C:\Users\Alan\AppData\Local\Temp\ccQsP09z.s 			page 16


 544 0035 00       		.byte	0
 545 0036 05       		.uleb128 0x5
 546 0037 35       		.uleb128 0x35
 547 0038 00       		.byte	0
 548 0039 49       		.uleb128 0x49
 549 003a 13       		.uleb128 0x13
 550 003b 00       		.byte	0
 551 003c 00       		.byte	0
 552 003d 06       		.uleb128 0x6
 553 003e 2E       		.uleb128 0x2e
 554 003f 01       		.byte	0x1
 555 0040 03       		.uleb128 0x3
 556 0041 0E       		.uleb128 0xe
 557 0042 3A       		.uleb128 0x3a
 558 0043 0B       		.uleb128 0xb
 559 0044 3B       		.uleb128 0x3b
 560 0045 0B       		.uleb128 0xb
 561 0046 27       		.uleb128 0x27
 562 0047 19       		.uleb128 0x19
 563 0048 11       		.uleb128 0x11
 564 0049 01       		.uleb128 0x1
 565 004a 12       		.uleb128 0x12
 566 004b 06       		.uleb128 0x6
 567 004c 40       		.uleb128 0x40
 568 004d 18       		.uleb128 0x18
 569 004e 9742     		.uleb128 0x2117
 570 0050 19       		.uleb128 0x19
 571 0051 01       		.uleb128 0x1
 572 0052 13       		.uleb128 0x13
 573 0053 00       		.byte	0
 574 0054 00       		.byte	0
 575 0055 07       		.uleb128 0x7
 576 0056 898201   		.uleb128 0x4109
 577 0059 01       		.byte	0x1
 578 005a 11       		.uleb128 0x11
 579 005b 01       		.uleb128 0x1
 580 005c 31       		.uleb128 0x31
 581 005d 13       		.uleb128 0x13
 582 005e 00       		.byte	0
 583 005f 00       		.byte	0
 584 0060 08       		.uleb128 0x8
 585 0061 8A8201   		.uleb128 0x410a
 586 0064 00       		.byte	0
 587 0065 02       		.uleb128 0x2
 588 0066 18       		.uleb128 0x18
 589 0067 9142     		.uleb128 0x2111
 590 0069 18       		.uleb128 0x18
 591 006a 00       		.byte	0
 592 006b 00       		.byte	0
 593 006c 09       		.uleb128 0x9
 594 006d 2E       		.uleb128 0x2e
 595 006e 01       		.byte	0x1
 596 006f 3F       		.uleb128 0x3f
 597 0070 19       		.uleb128 0x19
 598 0071 03       		.uleb128 0x3
 599 0072 0E       		.uleb128 0xe
 600 0073 3A       		.uleb128 0x3a
ARM GAS  C:\Users\Alan\AppData\Local\Temp\ccQsP09z.s 			page 17


 601 0074 0B       		.uleb128 0xb
 602 0075 3B       		.uleb128 0x3b
 603 0076 0B       		.uleb128 0xb
 604 0077 27       		.uleb128 0x27
 605 0078 19       		.uleb128 0x19
 606 0079 11       		.uleb128 0x11
 607 007a 01       		.uleb128 0x1
 608 007b 12       		.uleb128 0x12
 609 007c 06       		.uleb128 0x6
 610 007d 40       		.uleb128 0x40
 611 007e 18       		.uleb128 0x18
 612 007f 9742     		.uleb128 0x2117
 613 0081 19       		.uleb128 0x19
 614 0082 01       		.uleb128 0x1
 615 0083 13       		.uleb128 0x13
 616 0084 00       		.byte	0
 617 0085 00       		.byte	0
 618 0086 0A       		.uleb128 0xa
 619 0087 05       		.uleb128 0x5
 620 0088 00       		.byte	0
 621 0089 03       		.uleb128 0x3
 622 008a 0E       		.uleb128 0xe
 623 008b 3A       		.uleb128 0x3a
 624 008c 0B       		.uleb128 0xb
 625 008d 3B       		.uleb128 0x3b
 626 008e 0B       		.uleb128 0xb
 627 008f 49       		.uleb128 0x49
 628 0090 13       		.uleb128 0x13
 629 0091 02       		.uleb128 0x2
 630 0092 18       		.uleb128 0x18
 631 0093 00       		.byte	0
 632 0094 00       		.byte	0
 633 0095 0B       		.uleb128 0xb
 634 0096 34       		.uleb128 0x34
 635 0097 00       		.byte	0
 636 0098 03       		.uleb128 0x3
 637 0099 0E       		.uleb128 0xe
 638 009a 3A       		.uleb128 0x3a
 639 009b 0B       		.uleb128 0xb
 640 009c 3B       		.uleb128 0x3b
 641 009d 0B       		.uleb128 0xb
 642 009e 49       		.uleb128 0x49
 643 009f 13       		.uleb128 0x13
 644 00a0 02       		.uleb128 0x2
 645 00a1 17       		.uleb128 0x17
 646 00a2 00       		.byte	0
 647 00a3 00       		.byte	0
 648 00a4 0C       		.uleb128 0xc
 649 00a5 2E       		.uleb128 0x2e
 650 00a6 01       		.byte	0x1
 651 00a7 3F       		.uleb128 0x3f
 652 00a8 19       		.uleb128 0x19
 653 00a9 03       		.uleb128 0x3
 654 00aa 0E       		.uleb128 0xe
 655 00ab 3A       		.uleb128 0x3a
 656 00ac 0B       		.uleb128 0xb
 657 00ad 3B       		.uleb128 0x3b
ARM GAS  C:\Users\Alan\AppData\Local\Temp\ccQsP09z.s 			page 18


 658 00ae 05       		.uleb128 0x5
 659 00af 27       		.uleb128 0x27
 660 00b0 19       		.uleb128 0x19
 661 00b1 11       		.uleb128 0x11
 662 00b2 01       		.uleb128 0x1
 663 00b3 12       		.uleb128 0x12
 664 00b4 06       		.uleb128 0x6
 665 00b5 40       		.uleb128 0x40
 666 00b6 18       		.uleb128 0x18
 667 00b7 9742     		.uleb128 0x2117
 668 00b9 19       		.uleb128 0x19
 669 00ba 01       		.uleb128 0x1
 670 00bb 13       		.uleb128 0x13
 671 00bc 00       		.byte	0
 672 00bd 00       		.byte	0
 673 00be 0D       		.uleb128 0xd
 674 00bf 898201   		.uleb128 0x4109
 675 00c2 00       		.byte	0
 676 00c3 11       		.uleb128 0x11
 677 00c4 01       		.uleb128 0x1
 678 00c5 31       		.uleb128 0x31
 679 00c6 13       		.uleb128 0x13
 680 00c7 00       		.byte	0
 681 00c8 00       		.byte	0
 682 00c9 0E       		.uleb128 0xe
 683 00ca 2E       		.uleb128 0x2e
 684 00cb 01       		.byte	0x1
 685 00cc 3F       		.uleb128 0x3f
 686 00cd 19       		.uleb128 0x19
 687 00ce 03       		.uleb128 0x3
 688 00cf 0E       		.uleb128 0xe
 689 00d0 3A       		.uleb128 0x3a
 690 00d1 0B       		.uleb128 0xb
 691 00d2 3B       		.uleb128 0x3b
 692 00d3 0B       		.uleb128 0xb
 693 00d4 27       		.uleb128 0x27
 694 00d5 19       		.uleb128 0x19
 695 00d6 3C       		.uleb128 0x3c
 696 00d7 19       		.uleb128 0x19
 697 00d8 00       		.byte	0
 698 00d9 00       		.byte	0
 699 00da 0F       		.uleb128 0xf
 700 00db 05       		.uleb128 0x5
 701 00dc 00       		.byte	0
 702 00dd 49       		.uleb128 0x49
 703 00de 13       		.uleb128 0x13
 704 00df 00       		.byte	0
 705 00e0 00       		.byte	0
 706 00e1 00       		.byte	0
 707              		.section	.debug_loc,"",%progbits
 708              	.Ldebug_loc0:
 709              	.LLST0:
 710 0000 04000000 		.4byte	.LVL2
 711 0004 12000000 		.4byte	.LVL4
 712 0008 0100     		.2byte	0x1
 713 000a 53       		.byte	0x53
 714 000b 14000000 		.4byte	.LVL5
ARM GAS  C:\Users\Alan\AppData\Local\Temp\ccQsP09z.s 			page 19


 715 000f 1A000000 		.4byte	.LVL6
 716 0013 0100     		.2byte	0x1
 717 0015 53       		.byte	0x53
 718 0016 1A000000 		.4byte	.LVL6
 719 001a 1C000000 		.4byte	.LVL7
 720 001e 0200     		.2byte	0x2
 721 0020 72       		.byte	0x72
 722 0021 00       		.sleb128 0
 723 0022 1C000000 		.4byte	.LVL7
 724 0026 38000000 		.4byte	.LFE6
 725 002a 0100     		.2byte	0x1
 726 002c 53       		.byte	0x53
 727 002d 00000000 		.4byte	0
 728 0031 00000000 		.4byte	0
 729              		.section	.debug_aranges,"",%progbits
 730 0000 34000000 		.4byte	0x34
 731 0004 0200     		.2byte	0x2
 732 0006 00000000 		.4byte	.Ldebug_info0
 733 000a 04       		.byte	0x4
 734 000b 00       		.byte	0
 735 000c 0000     		.2byte	0
 736 000e 0000     		.2byte	0
 737 0010 00000000 		.4byte	.LFB4
 738 0014 84000000 		.4byte	.LFE4-.LFB4
 739 0018 00000000 		.4byte	.LFB6
 740 001c 38000000 		.4byte	.LFE6-.LFB6
 741 0020 00000000 		.4byte	.LFB5
 742 0024 20000000 		.4byte	.LFE5-.LFB5
 743 0028 84000000 		.4byte	.LFB7
 744 002c A0000000 		.4byte	.LFE7-.LFB7
 745 0030 00000000 		.4byte	0
 746 0034 00000000 		.4byte	0
 747              		.section	.debug_ranges,"",%progbits
 748              	.Ldebug_ranges0:
 749 0000 00000000 		.4byte	.LFB4
 750 0004 84000000 		.4byte	.LFE4
 751 0008 00000000 		.4byte	.LFB6
 752 000c 38000000 		.4byte	.LFE6
 753 0010 00000000 		.4byte	.LFB5
 754 0014 20000000 		.4byte	.LFE5
 755 0018 84000000 		.4byte	.LFB7
 756 001c 24010000 		.4byte	.LFE7
 757 0020 00000000 		.4byte	0
 758 0024 00000000 		.4byte	0
 759              		.section	.debug_line,"",%progbits
 760              	.Ldebug_line0:
 761 0000 C0000000 		.section	.debug_str,"MS",%progbits,1
 761      02005600 
 761      00000201 
 761      FB0E0D00 
 761      01010101 
 762              	.LASF7:
 763 0000 6C6F6E67 		.ascii	"long long int\000"
 763      206C6F6E 
 763      6720696E 
 763      7400
 764              	.LASF12:
ARM GAS  C:\Users\Alan\AppData\Local\Temp\ccQsP09z.s 			page 20


 765 000e 75696E74 		.ascii	"uint32\000"
 765      333200
 766              	.LASF23:
 767 0015 656E6162 		.ascii	"enabled\000"
 767      6C656400 
 768              	.LASF0:
 769 001d 756E7369 		.ascii	"unsigned int\000"
 769      676E6564 
 769      20696E74 
 769      00
 770              	.LASF20:
 771 002a 474E5520 		.ascii	"GNU C 4.9.3 20150303 (release) [ARM/embedded-4_9-br"
 771      4320342E 
 771      392E3320 
 771      32303135 
 771      30333033 
 772 005d 616E6368 		.ascii	"anch revision 221220] -mcpu=cortex-m0plus -mthumb -"
 772      20726576 
 772      6973696F 
 772      6E203232 
 772      31323230 
 773 0090 67202D4F 		.ascii	"g -Og -ffunction-sections -ffat-lto-objects\000"
 773      67202D66 
 773      66756E63 
 773      74696F6E 
 773      2D736563 
 774              	.LASF11:
 775 00bc 75696E74 		.ascii	"uint8\000"
 775      3800
 776              	.LASF6:
 777 00c2 6C6F6E67 		.ascii	"long unsigned int\000"
 777      20756E73 
 777      69676E65 
 777      6420696E 
 777      7400
 778              	.LASF19:
 779 00d4 63796669 		.ascii	"cyfitter_cfg\000"
 779      74746572 
 779      5F636667 
 779      00
 780              	.LASF8:
 781 00e1 6C6F6E67 		.ascii	"long long unsigned int\000"
 781      206C6F6E 
 781      6720756E 
 781      7369676E 
 781      65642069 
 782              	.LASF13:
 783 00f8 666C6F61 		.ascii	"float\000"
 783      7400
 784              	.LASF18:
 785 00fe 53657441 		.ascii	"SetAnalogRoutingPumps\000"
 785      6E616C6F 
 785      67526F75 
 785      74696E67 
 785      50756D70 
 786              	.LASF25:
 787 0114 43795379 		.ascii	"CySysClkWriteImoFreq\000"
ARM GAS  C:\Users\Alan\AppData\Local\Temp\ccQsP09z.s 			page 21


 787      73436C6B 
 787      57726974 
 787      65496D6F 
 787      46726571 
 788              	.LASF2:
 789 0129 756E7369 		.ascii	"unsigned char\000"
 789      676E6564 
 789      20636861 
 789      7200
 790              	.LASF21:
 791 0137 2E5C4765 		.ascii	".\\Generated_Source\\PSoC4\\cyfitter_cfg.c\000"
 791      6E657261 
 791      7465645F 
 791      536F7572 
 791      63655C50 
 792              	.LASF10:
 793 015f 63686172 		.ascii	"char\000"
 793      00
 794              	.LASF5:
 795 0164 6C6F6E67 		.ascii	"long int\000"
 795      20696E74 
 795      00
 796              	.LASF17:
 797 016d 416E616C 		.ascii	"AnalogSetDefault\000"
 797      6F675365 
 797      74446566 
 797      61756C74 
 797      00
 798              	.LASF16:
 799 017e 436C6F63 		.ascii	"ClockSetup\000"
 799      6B536574 
 799      757000
 800              	.LASF14:
 801 0189 646F7562 		.ascii	"double\000"
 801      6C6500
 802              	.LASF15:
 803 0190 72656733 		.ascii	"reg32\000"
 803      3200
 804              	.LASF4:
 805 0196 73686F72 		.ascii	"short unsigned int\000"
 805      7420756E 
 805      7369676E 
 805      65642069 
 805      6E7400
 806              	.LASF1:
 807 01a9 7369676E 		.ascii	"signed char\000"
 807      65642063 
 807      68617200 
 808              	.LASF22:
 809 01b5 5C5C766D 		.ascii	"\\\\vmware-host\\Shared Folders\\Documents\\BLEIOSA"
 809      77617265 
 809      2D686F73 
 809      745C5368 
 809      61726564 
 810 01e3 50505C50 		.ascii	"PP\\PSoC_Creator\\capsenseled\\145i2c-capsenseled.c"
 810      536F435F 
 810      43726561 
ARM GAS  C:\Users\Alan\AppData\Local\Temp\ccQsP09z.s 			page 22


 810      746F725C 
 810      63617073 
 811 0213 7964736E 		.ascii	"ydsn\000"
 811      00
 812              	.LASF24:
 813 0218 72656756 		.ascii	"regValue\000"
 813      616C7565 
 813      00
 814              	.LASF3:
 815 0221 73686F72 		.ascii	"short int\000"
 815      7420696E 
 815      7400
 816              	.LASF9:
 817 022b 73697A65 		.ascii	"sizetype\000"
 817      74797065 
 817      00
 818              		.ident	"GCC: (GNU Tools for ARM Embedded Processors) 4.9.3 20150303 (release) [ARM/embedded-4_9-br
